<?xml version="1.0"?>
<link_info>
   <banner>TMS320C2000 Linker PC v17.6.0.STS</banner>
   <copyright>Copyright (c) 1996-2017 Texas Instruments Incorporated</copyright>
   <link_time>0x5a735ff4</link_time>
   <link_errors>0x0</link_errors>
   <output_file>sysbiosLab6F28335.out</output_file>
   <entry_point>
      <name>_c_int00</name>
      <address>0x302b16</address>
   </entry_point>
   <input_file_list>
      <input_file id="fl-2">
         <path>.\</path>
         <kind>object</kind>
         <file>28335_dma.obj</file>
         <name>28335_dma.obj</name>
      </input_file>
      <input_file id="fl-3">
         <path>.\</path>
         <kind>object</kind>
         <file>28335_eqep.obj</file>
         <name>28335_eqep.obj</name>
      </input_file>
      <input_file id="fl-4">
         <path>.\</path>
         <kind>object</kind>
         <file>28335_inits.obj</file>
         <name>28335_inits.obj</name>
      </input_file>
      <input_file id="fl-5">
         <path>.\</path>
         <kind>object</kind>
         <file>28335_mcbsp.obj</file>
         <name>28335_mcbsp.obj</name>
      </input_file>
      <input_file id="fl-6">
         <path>.\</path>
         <kind>object</kind>
         <file>28335_pwm.obj</file>
         <name>28335_pwm.obj</name>
      </input_file>
      <input_file id="fl-7">
         <path>.\</path>
         <kind>object</kind>
         <file>28335_serial.obj</file>
         <name>28335_serial.obj</name>
      </input_file>
      <input_file id="fl-8">
         <path>.\</path>
         <kind>object</kind>
         <file>28335_spi.obj</file>
         <name>28335_spi.obj</name>
      </input_file>
      <input_file id="fl-9">
         <path>.\</path>
         <kind>object</kind>
         <file>DSP2833x_ADC_cal.obj</file>
         <name>DSP2833x_ADC_cal.obj</name>
      </input_file>
      <input_file id="fl-a">
         <path>.\</path>
         <kind>object</kind>
         <file>DSP2833x_Adc.obj</file>
         <name>DSP2833x_Adc.obj</name>
      </input_file>
      <input_file id="fl-b">
         <path>.\</path>
         <kind>object</kind>
         <file>DSP2833x_CSMPasswords.obj</file>
         <name>DSP2833x_CSMPasswords.obj</name>
      </input_file>
      <input_file id="fl-c">
         <path>.\</path>
         <kind>object</kind>
         <file>DSP2833x_CodeStartBranch.obj</file>
         <name>DSP2833x_CodeStartBranch.obj</name>
      </input_file>
      <input_file id="fl-d">
         <path>.\</path>
         <kind>object</kind>
         <file>DSP2833x_CpuTimers.obj</file>
         <name>DSP2833x_CpuTimers.obj</name>
      </input_file>
      <input_file id="fl-e">
         <path>.\</path>
         <kind>object</kind>
         <file>DSP2833x_GlobalVariableDefs.obj</file>
         <name>DSP2833x_GlobalVariableDefs.obj</name>
      </input_file>
      <input_file id="fl-f">
         <path>.\</path>
         <kind>object</kind>
         <file>DSP2833x_Mcbsp.obj</file>
         <name>DSP2833x_Mcbsp.obj</name>
      </input_file>
      <input_file id="fl-10">
         <path>.\</path>
         <kind>object</kind>
         <file>DSP2833x_PieCtrl.obj</file>
         <name>DSP2833x_PieCtrl.obj</name>
      </input_file>
      <input_file id="fl-11">
         <path>.\</path>
         <kind>object</kind>
         <file>DSP2833x_Spi.obj</file>
         <name>DSP2833x_Spi.obj</name>
      </input_file>
      <input_file id="fl-12">
         <path>.\</path>
         <kind>object</kind>
         <file>DSP2833x_SysCtrl.obj</file>
         <name>DSP2833x_SysCtrl.obj</name>
      </input_file>
      <input_file id="fl-13">
         <path>.\</path>
         <kind>object</kind>
         <file>DSP2833x_usDelay.obj</file>
         <name>DSP2833x_usDelay.obj</name>
      </input_file>
      <input_file id="fl-14">
         <path>.\</path>
         <kind>object</kind>
         <file>i2c.obj</file>
         <name>i2c.obj</name>
      </input_file>
      <input_file id="fl-15">
         <path>.\</path>
         <kind>object</kind>
         <file>lcd.obj</file>
         <name>lcd.obj</name>
      </input_file>
      <input_file id="fl-16">
         <path>.\</path>
         <kind>object</kind>
         <file>user_PIFuncs.obj</file>
         <name>user_PIFuncs.obj</name>
      </input_file>
      <input_file id="fl-17">
         <path>.\</path>
         <kind>object</kind>
         <file>user_sysbiosLab6F28335.obj</file>
         <name>user_sysbiosLab6F28335.obj</name>
      </input_file>
      <input_file id="fl-1c">
         <path>C:\dan\omapl138\GE423Sp18\_shared\SYSBIOS_BETA\sysbiosLab6F28335\sysbiosLab6F28335Project\Debug\configPkg\package\cfg\</path>
         <kind>object</kind>
         <file>sysbiosLab6F28335_p28FP.o28FP</file>
         <name>sysbiosLab6F28335_p28FP.o28FP</name>
      </input_file>
      <input_file id="fl-23">
         <kind>object</kind>
         <file>&lt;internal&gt;</file>
         <name>&lt;internal&gt;</name>
      </input_file>
      <input_file id="fl-24">
         <path>C:\dan\omapl138\GE423Sp18\_shared\SYSBIOS_BETA\sysbiosLab6F28335\sysbios\src\sysbios\</path>
         <kind>archive</kind>
         <file>sysbios.a28FP</file>
         <name>BIOS.obj</name>
      </input_file>
      <input_file id="fl-25">
         <path>C:\dan\omapl138\GE423Sp18\_shared\SYSBIOS_BETA\sysbiosLab6F28335\sysbios\src\sysbios\</path>
         <kind>archive</kind>
         <file>sysbios.a28FP</file>
         <name>c28_Hwi_asm.obj</name>
      </input_file>
      <input_file id="fl-26">
         <path>C:\dan\omapl138\GE423Sp18\_shared\SYSBIOS_BETA\sysbiosLab6F28335\sysbios\src\sysbios\</path>
         <kind>archive</kind>
         <file>sysbios.a28FP</file>
         <name>c28_Hwi_disp_asm.obj</name>
      </input_file>
      <input_file id="fl-27">
         <path>C:\dan\omapl138\GE423Sp18\_shared\SYSBIOS_BETA\sysbiosLab6F28335\sysbios\src\sysbios\</path>
         <kind>archive</kind>
         <file>sysbios.a28FP</file>
         <name>c28_IntrinsicsSupport_asm.obj</name>
      </input_file>
      <input_file id="fl-28">
         <path>C:\dan\omapl138\GE423Sp18\_shared\SYSBIOS_BETA\sysbiosLab6F28335\sysbios\src\sysbios\</path>
         <kind>archive</kind>
         <file>sysbios.a28FP</file>
         <name>c28_TaskSupport_asm.obj</name>
      </input_file>
      <input_file id="fl-29">
         <path>C:\CCStudio_v7\bios_6_51_00_15\packages\ti\catalog\c2800\init\lib\</path>
         <kind>archive</kind>
         <file>Boot.a28FP</file>
         <name>Boot.o28FP</name>
      </input_file>
      <input_file id="fl-2a">
         <path>C:\CCStudio_v7\bios_6_51_00_15\packages\ti\targets\rts2800\lib\</path>
         <kind>archive</kind>
         <file>ti.targets.rts2800.a28FP</file>
         <name>Core-smem.o28FP</name>
      </input_file>
      <input_file id="fl-2b">
         <path>C:\CCStudio_v7\bios_6_51_00_15\packages\ti\targets\rts2800\lib\</path>
         <kind>archive</kind>
         <file>ti.targets.rts2800.a28FP</file>
         <name>Core-label.o28FP</name>
      </input_file>
      <input_file id="fl-2c">
         <path>C:\CCStudio_v7\bios_6_51_00_15\packages\ti\targets\rts2800\lib\</path>
         <kind>archive</kind>
         <file>ti.targets.rts2800.a28FP</file>
         <name>Core-params.o28FP</name>
      </input_file>
      <input_file id="fl-2d">
         <path>C:\CCStudio_v7\bios_6_51_00_15\packages\ti\targets\rts2800\lib\</path>
         <kind>archive</kind>
         <file>ti.targets.rts2800.a28FP</file>
         <name>Error.o28FP</name>
      </input_file>
      <input_file id="fl-2e">
         <path>C:\CCStudio_v7\bios_6_51_00_15\packages\ti\targets\rts2800\lib\</path>
         <kind>archive</kind>
         <file>ti.targets.rts2800.a28FP</file>
         <name>Gate.o28FP</name>
      </input_file>
      <input_file id="fl-2f">
         <path>C:\CCStudio_v7\bios_6_51_00_15\packages\ti\targets\rts2800\lib\</path>
         <kind>archive</kind>
         <file>ti.targets.rts2800.a28FP</file>
         <name>LoggerBuf.o28FP</name>
      </input_file>
      <input_file id="fl-30">
         <path>C:\CCStudio_v7\bios_6_51_00_15\packages\ti\targets\rts2800\lib\</path>
         <kind>archive</kind>
         <file>ti.targets.rts2800.a28FP</file>
         <name>Memory.o28FP</name>
      </input_file>
      <input_file id="fl-31">
         <path>C:\CCStudio_v7\bios_6_51_00_15\packages\ti\targets\rts2800\lib\</path>
         <kind>archive</kind>
         <file>ti.targets.rts2800.a28FP</file>
         <name>Startup.o28FP</name>
      </input_file>
      <input_file id="fl-32">
         <path>C:\CCStudio_v7\bios_6_51_00_15\packages\ti\targets\rts2800\lib\</path>
         <kind>archive</kind>
         <file>ti.targets.rts2800.a28FP</file>
         <name>System.o28FP</name>
      </input_file>
      <input_file id="fl-33">
         <path>C:\CCStudio_v7\bios_6_51_00_15\packages\ti\targets\rts2800\lib\</path>
         <kind>archive</kind>
         <file>ti.targets.rts2800.a28FP</file>
         <name>SysMin.o28FP</name>
      </input_file>
      <input_file id="fl-34">
         <path>C:\CCStudio_v7\bios_6_51_00_15\packages\ti\targets\rts2800\lib\</path>
         <kind>archive</kind>
         <file>ti.targets.rts2800.a28FP</file>
         <name>Text.o28FP</name>
      </input_file>
      <input_file id="fl-35">
         <path>C:\CCStudio_v7\bios_6_51_00_15\packages\ti\targets\rts2800\lib\</path>
         <kind>archive</kind>
         <file>ti.targets.rts2800.a28FP</file>
         <name>xdc_noinit.o28FP</name>
      </input_file>
      <input_file id="fl-36">
         <path>C:\CCStudio_v7\bios_6_51_00_15\packages\ti\targets\rts2800\lib\</path>
         <kind>archive</kind>
         <file>ti.targets.rts2800.a28FP</file>
         <name>Assert.o28FP</name>
      </input_file>
      <input_file id="fl-37">
         <path>C:\CCStudio_v7\bios_6_51_00_15\packages\ti\targets\rts2800\lib\</path>
         <kind>archive</kind>
         <file>ti.targets.rts2800.a28FP</file>
         <name>Log.o28FP</name>
      </input_file>
      <input_file id="fl-38">
         <path>C:\CCStudio_v7\bios_6_51_00_15\packages\ti\targets\rts2800\lib\</path>
         <kind>archive</kind>
         <file>ti.targets.rts2800.a28FP</file>
         <name>Registry.o28FP</name>
      </input_file>
      <input_file id="fl-39">
         <path>C:\CCStudio_v7\bios_6_51_00_15\packages\ti\targets\rts2800\lib\</path>
         <kind>archive</kind>
         <file>boot.a28FP</file>
         <name>boot_cg.o28FP</name>
      </input_file>
      <input_file id="fl-45">
         <path>C:\CCStudio_v7\ccsv7\tools\compiler\ti-cgt-c2000_17.6.0.STS\lib\</path>
         <kind>archive</kind>
         <file>rts2800_fpu32.lib</file>
         <name>fs_div28.obj</name>
      </input_file>
      <input_file id="fl-46">
         <path>C:\CCStudio_v7\ccsv7\tools\compiler\ti-cgt-c2000_17.6.0.STS\lib\</path>
         <kind>archive</kind>
         <file>rts2800_fpu32.lib</file>
         <name>ll_div28.obj</name>
      </input_file>
      <input_file id="fl-47">
         <path>C:\CCStudio_v7\ccsv7\tools\compiler\ti-cgt-c2000_17.6.0.STS\lib\</path>
         <kind>archive</kind>
         <file>rts2800_fpu32.lib</file>
         <name>l_div28.obj</name>
      </input_file>
      <input_file id="fl-48">
         <path>C:\CCStudio_v7\ccsv7\tools\compiler\ti-cgt-c2000_17.6.0.STS\lib\</path>
         <kind>archive</kind>
         <file>rts2800_fpu32.lib</file>
         <name>cpy_tbl.obj</name>
      </input_file>
      <input_file id="fl-49">
         <path>C:\CCStudio_v7\ccsv7\tools\compiler\ti-cgt-c2000_17.6.0.STS\lib\</path>
         <kind>archive</kind>
         <file>rts2800_fpu32.lib</file>
         <name>memcpy.obj</name>
      </input_file>
      <input_file id="fl-4a">
         <path>C:\CCStudio_v7\ccsv7\tools\compiler\ti-cgt-c2000_17.6.0.STS\lib\</path>
         <kind>archive</kind>
         <file>rts2800_fpu32.lib</file>
         <name>pre_init.obj</name>
      </input_file>
      <input_file id="fl-4b">
         <path>C:\CCStudio_v7\ccsv7\tools\compiler\ti-cgt-c2000_17.6.0.STS\lib\</path>
         <kind>archive</kind>
         <file>rts2800_fpu32.lib</file>
         <name>startup.obj</name>
      </input_file>
      <input_file id="fl-4c">
         <path>C:\CCStudio_v7\ccsv7\tools\compiler\ti-cgt-c2000_17.6.0.STS\lib\</path>
         <kind>archive</kind>
         <file>rts2800_fpu32.lib</file>
         <name>exit.obj</name>
      </input_file>
      <input_file id="fl-4d">
         <path>C:\CCStudio_v7\ccsv7\tools\compiler\ti-cgt-c2000_17.6.0.STS\lib\</path>
         <kind>archive</kind>
         <file>rts2800_fpu32.lib</file>
         <name>_lock.obj</name>
      </input_file>
      <input_file id="fl-4e">
         <path>C:\CCStudio_v7\ccsv7\tools\compiler\ti-cgt-c2000_17.6.0.STS\lib\</path>
         <kind>archive</kind>
         <file>rts2800_fpu32.lib</file>
         <name>args_main.obj</name>
      </input_file>
      <input_file id="fl-4f">
         <path>C:\CCStudio_v7\ccsv7\tools\compiler\ti-cgt-c2000_17.6.0.STS\lib\</path>
         <kind>archive</kind>
         <file>rts2800_fpu32.lib</file>
         <name>memset.obj</name>
      </input_file>
      <input_file id="fl-50">
         <path>C:\CCStudio_v7\ccsv7\tools\compiler\ti-cgt-c2000_17.6.0.STS\lib\</path>
         <kind>archive</kind>
         <file>rts2800_fpu32.lib</file>
         <name>strcmp.obj</name>
      </input_file>
      <input_file id="fl-51">
         <path>C:\CCStudio_v7\ccsv7\tools\compiler\ti-cgt-c2000_17.6.0.STS\lib\</path>
         <kind>archive</kind>
         <file>rts2800_fpu32.lib</file>
         <name>strlen.obj</name>
      </input_file>
      <input_file id="fl-52">
         <path>C:\CCStudio_v7\ccsv7\tools\compiler\ti-cgt-c2000_17.6.0.STS\lib\</path>
         <kind>archive</kind>
         <file>rts2800_fpu32.lib</file>
         <name>hostwrite.obj</name>
      </input_file>
      <input_file id="fl-53">
         <path>C:\CCStudio_v7\ccsv7\tools\compiler\ti-cgt-c2000_17.6.0.STS\lib\</path>
         <kind>archive</kind>
         <file>rts2800_fpu32.lib</file>
         <name>trgmsg.obj</name>
      </input_file>
      <input_file id="fl-54">
         <path>C:\CCStudio_v7\ccsv7\tools\compiler\ti-cgt-c2000_17.6.0.STS\lib\</path>
         <kind>archive</kind>
         <file>rts2800_fpu32.lib</file>
         <name>vsprintf.obj</name>
      </input_file>
      <input_file id="fl-55">
         <path>C:\CCStudio_v7\ccsv7\tools\compiler\ti-cgt-c2000_17.6.0.STS\lib\</path>
         <kind>archive</kind>
         <file>rts2800_fpu32.lib</file>
         <name>_printfi.obj</name>
      </input_file>
      <input_file id="fl-56">
         <path>C:\CCStudio_v7\ccsv7\tools\compiler\ti-cgt-c2000_17.6.0.STS\lib\</path>
         <kind>archive</kind>
         <file>rts2800_fpu32.lib</file>
         <name>atoi.obj</name>
      </input_file>
      <input_file id="fl-57">
         <path>C:\CCStudio_v7\ccsv7\tools\compiler\ti-cgt-c2000_17.6.0.STS\lib\</path>
         <kind>archive</kind>
         <file>rts2800_fpu32.lib</file>
         <name>ctype.obj</name>
      </input_file>
      <input_file id="fl-58">
         <path>C:\CCStudio_v7\ccsv7\tools\compiler\ti-cgt-c2000_17.6.0.STS\lib\</path>
         <kind>archive</kind>
         <file>rts2800_fpu32.lib</file>
         <name>ltoa.obj</name>
      </input_file>
      <input_file id="fl-59">
         <path>C:\CCStudio_v7\ccsv7\tools\compiler\ti-cgt-c2000_17.6.0.STS\lib\</path>
         <kind>archive</kind>
         <file>rts2800_fpu32.lib</file>
         <name>memccpy.obj</name>
      </input_file>
      <input_file id="fl-5a">
         <path>C:\CCStudio_v7\ccsv7\tools\compiler\ti-cgt-c2000_17.6.0.STS\lib\</path>
         <kind>archive</kind>
         <file>rts2800_fpu32.lib</file>
         <name>strchr.obj</name>
      </input_file>
      <input_file id="fl-5b">
         <path>C:\CCStudio_v7\ccsv7\tools\compiler\ti-cgt-c2000_17.6.0.STS\lib\</path>
         <kind>archive</kind>
         <file>rts2800_fpu32.lib</file>
         <name>strcpy.obj</name>
      </input_file>
      <input_file id="fl-5c">
         <path>C:\CCStudio_v7\ccsv7\tools\compiler\ti-cgt-c2000_17.6.0.STS\lib\</path>
         <kind>archive</kind>
         <file>rts2800_fpu32.lib</file>
         <name>hostopen.obj</name>
      </input_file>
      <input_file id="fl-5d">
         <path>C:\CCStudio_v7\ccsv7\tools\compiler\ti-cgt-c2000_17.6.0.STS\lib\</path>
         <kind>archive</kind>
         <file>rts2800_fpu32.lib</file>
         <name>s_frexp.obj</name>
      </input_file>
      <input_file id="fl-5e">
         <path>C:\CCStudio_v7\ccsv7\tools\compiler\ti-cgt-c2000_17.6.0.STS\lib\</path>
         <kind>archive</kind>
         <file>rts2800_fpu32.lib</file>
         <name>s_scalbn.obj</name>
      </input_file>
      <input_file id="fl-5f">
         <path>C:\CCStudio_v7\ccsv7\tools\compiler\ti-cgt-c2000_17.6.0.STS\lib\</path>
         <kind>archive</kind>
         <file>rts2800_fpu32.lib</file>
         <name>fd_add28.obj</name>
      </input_file>
      <input_file id="fl-60">
         <path>C:\CCStudio_v7\ccsv7\tools\compiler\ti-cgt-c2000_17.6.0.STS\lib\</path>
         <kind>archive</kind>
         <file>rts2800_fpu32.lib</file>
         <name>fd_cmp28.obj</name>
      </input_file>
      <input_file id="fl-61">
         <path>C:\CCStudio_v7\ccsv7\tools\compiler\ti-cgt-c2000_17.6.0.STS\lib\</path>
         <kind>archive</kind>
         <file>rts2800_fpu32.lib</file>
         <name>fd_div28.obj</name>
      </input_file>
      <input_file id="fl-62">
         <path>C:\CCStudio_v7\ccsv7\tools\compiler\ti-cgt-c2000_17.6.0.STS\lib\</path>
         <kind>archive</kind>
         <file>rts2800_fpu32.lib</file>
         <name>fd_mpy28.obj</name>
      </input_file>
      <input_file id="fl-63">
         <path>C:\CCStudio_v7\ccsv7\tools\compiler\ti-cgt-c2000_17.6.0.STS\lib\</path>
         <kind>archive</kind>
         <file>rts2800_fpu32.lib</file>
         <name>fd_neg28.obj</name>
      </input_file>
      <input_file id="fl-64">
         <path>C:\CCStudio_v7\ccsv7\tools\compiler\ti-cgt-c2000_17.6.0.STS\lib\</path>
         <kind>archive</kind>
         <file>rts2800_fpu32.lib</file>
         <name>fd_sub28.obj</name>
      </input_file>
      <input_file id="fl-65">
         <path>C:\CCStudio_v7\ccsv7\tools\compiler\ti-cgt-c2000_17.6.0.STS\lib\</path>
         <kind>archive</kind>
         <file>rts2800_fpu32.lib</file>
         <name>fd_toi28.obj</name>
      </input_file>
      <input_file id="fl-66">
         <path>C:\CCStudio_v7\ccsv7\tools\compiler\ti-cgt-c2000_17.6.0.STS\lib\</path>
         <kind>archive</kind>
         <file>rts2800_fpu32.lib</file>
         <name>fd_tol28.obj</name>
      </input_file>
      <input_file id="fl-67">
         <path>C:\CCStudio_v7\ccsv7\tools\compiler\ti-cgt-c2000_17.6.0.STS\lib\</path>
         <kind>archive</kind>
         <file>rts2800_fpu32.lib</file>
         <name>ll_aox28.obj</name>
      </input_file>
      <input_file id="fl-68">
         <path>C:\CCStudio_v7\ccsv7\tools\compiler\ti-cgt-c2000_17.6.0.STS\lib\</path>
         <kind>archive</kind>
         <file>rts2800_fpu32.lib</file>
         <name>ll_cmp28.obj</name>
      </input_file>
      <input_file id="fl-69">
         <path>C:\CCStudio_v7\ccsv7\tools\compiler\ti-cgt-c2000_17.6.0.STS\lib\</path>
         <kind>archive</kind>
         <file>rts2800_fpu32.lib</file>
         <name>i_tofd28.obj</name>
      </input_file>
      <input_file id="fl-6a">
         <path>C:\CCStudio_v7\ccsv7\tools\compiler\ti-cgt-c2000_17.6.0.STS\lib\</path>
         <kind>archive</kind>
         <file>rts2800_fpu32.lib</file>
         <name>l_tofd28.obj</name>
      </input_file>
      <input_file id="fl-6b">
         <path>C:\CCStudio_v7\ccsv7\tools\compiler\ti-cgt-c2000_17.6.0.STS\lib\</path>
         <kind>archive</kind>
         <file>rts2800_fpu32.lib</file>
         <name>fs_tofdfpu32.obj</name>
      </input_file>
      <input_file id="fl-6c">
         <path>C:\CCStudio_v7\ccsv7\tools\compiler\ti-cgt-c2000_17.6.0.STS\lib\</path>
         <kind>archive</kind>
         <file>rts2800_fpu32.lib</file>
         <name>errno.obj</name>
      </input_file>
      <input_file id="fl-6d">
         <path>C:\CCStudio_v7\ccsv7\tools\compiler\ti-cgt-c2000_17.6.0.STS\lib\</path>
         <kind>archive</kind>
         <file>rts2800_fpu32.lib</file>
         <name>s_copysign.obj</name>
      </input_file>
   </input_file_list>
   <object_component_list>
      <object_component id="oc-c0">
         <name>PieVectTableFile</name>
         <uninitialized>true</uninitialized>
         <run_address>0xd00</run_address>
         <size>0x100</size>
         <input_file_ref idref="fl-e"/>
      </object_component>
      <object_component id="oc-bc">
         <name>DevEmuRegsFile</name>
         <uninitialized>true</uninitialized>
         <run_address>0x880</run_address>
         <size>0xd0</size>
         <input_file_ref idref="fl-e"/>
      </object_component>
      <object_component id="oc-92">
         <name>FlashRegsFile</name>
         <uninitialized>true</uninitialized>
         <run_address>0xa80</run_address>
         <size>0x8</size>
         <input_file_ref idref="fl-e"/>
      </object_component>
      <object_component id="oc-9c">
         <name>CsmRegsFile</name>
         <uninitialized>true</uninitialized>
         <run_address>0xae0</run_address>
         <size>0x10</size>
         <input_file_ref idref="fl-e"/>
      </object_component>
      <object_component id="oc-9b">
         <name>AdcMirrorFile</name>
         <uninitialized>true</uninitialized>
         <run_address>0xb00</run_address>
         <size>0x10</size>
         <input_file_ref idref="fl-e"/>
      </object_component>
      <object_component id="oc-9f">
         <name>XintfRegsFile</name>
         <uninitialized>true</uninitialized>
         <run_address>0xb20</run_address>
         <size>0x1e</size>
         <input_file_ref idref="fl-e"/>
      </object_component>
      <object_component id="oc-93">
         <name>CpuTimer0RegsFile</name>
         <uninitialized>true</uninitialized>
         <run_address>0xc00</run_address>
         <size>0x8</size>
         <input_file_ref idref="fl-e"/>
      </object_component>
      <object_component id="oc-91">
         <name>CpuTimer1RegsFile</name>
         <uninitialized>true</uninitialized>
         <run_address>0xc08</run_address>
         <size>0x8</size>
         <input_file_ref idref="fl-e"/>
      </object_component>
      <object_component id="oc-90">
         <name>CpuTimer2RegsFile</name>
         <uninitialized>true</uninitialized>
         <run_address>0xc10</run_address>
         <size>0x8</size>
         <input_file_ref idref="fl-e"/>
      </object_component>
      <object_component id="oc-9d">
         <name>PieCtrlRegsFile</name>
         <uninitialized>true</uninitialized>
         <run_address>0xce0</run_address>
         <size>0x1a</size>
         <input_file_ref idref="fl-e"/>
      </object_component>
      <object_component id="oc-bd">
         <name>DmaRegsFile</name>
         <uninitialized>true</uninitialized>
         <run_address>0x1000</run_address>
         <size>0xe0</size>
         <input_file_ref idref="fl-e"/>
      </object_component>
      <object_component id="oc-af">
         <name>McbspaRegsFile</name>
         <uninitialized>true</uninitialized>
         <run_address>0x5000</run_address>
         <size>0x25</size>
         <input_file_ref idref="fl-e"/>
      </object_component>
      <object_component id="oc-b0">
         <name>McbspbRegsFile</name>
         <uninitialized>true</uninitialized>
         <run_address>0x5040</run_address>
         <size>0x25</size>
         <input_file_ref idref="fl-e"/>
      </object_component>
      <object_component id="oc-b3">
         <name>ECanaRegsFile</name>
         <uninitialized>true</uninitialized>
         <run_address>0x6000</run_address>
         <size>0x34</size>
         <input_file_ref idref="fl-e"/>
      </object_component>
      <object_component id="oc-b6">
         <name>ECanaLAMRegsFile</name>
         <uninitialized>true</uninitialized>
         <run_address>0x6040</run_address>
         <size>0x40</size>
         <input_file_ref idref="fl-e"/>
      </object_component>
      <object_component id="oc-bf">
         <name>ECanaMboxesFile</name>
         <uninitialized>true</uninitialized>
         <run_address>0x6100</run_address>
         <size>0x100</size>
         <input_file_ref idref="fl-e"/>
      </object_component>
      <object_component id="oc-b7">
         <name>ECanaMOTSRegsFile</name>
         <uninitialized>true</uninitialized>
         <run_address>0x6080</run_address>
         <size>0x40</size>
         <input_file_ref idref="fl-e"/>
      </object_component>
      <object_component id="oc-b4">
         <name>ECanaMOTORegsFile</name>
         <uninitialized>true</uninitialized>
         <run_address>0x60c0</run_address>
         <size>0x40</size>
         <input_file_ref idref="fl-e"/>
      </object_component>
      <object_component id="oc-b2">
         <name>ECanbRegsFile</name>
         <uninitialized>true</uninitialized>
         <run_address>0x6200</run_address>
         <size>0x34</size>
         <input_file_ref idref="fl-e"/>
      </object_component>
      <object_component id="oc-ba">
         <name>ECanbLAMRegsFile</name>
         <uninitialized>true</uninitialized>
         <run_address>0x6240</run_address>
         <size>0x40</size>
         <input_file_ref idref="fl-e"/>
      </object_component>
      <object_component id="oc-be">
         <name>ECanbMboxesFile</name>
         <uninitialized>true</uninitialized>
         <run_address>0x6300</run_address>
         <size>0x100</size>
         <input_file_ref idref="fl-e"/>
      </object_component>
      <object_component id="oc-b5">
         <name>ECanbMOTSRegsFile</name>
         <uninitialized>true</uninitialized>
         <run_address>0x6280</run_address>
         <size>0x40</size>
         <input_file_ref idref="fl-e"/>
      </object_component>
      <object_component id="oc-b8">
         <name>ECanbMOTORegsFile</name>
         <uninitialized>true</uninitialized>
         <run_address>0x62c0</run_address>
         <size>0x40</size>
         <input_file_ref idref="fl-e"/>
      </object_component>
      <object_component id="oc-aa">
         <name>EPwm1RegsFile</name>
         <uninitialized>true</uninitialized>
         <run_address>0x6800</run_address>
         <size>0x22</size>
         <input_file_ref idref="fl-e"/>
      </object_component>
      <object_component id="oc-a9">
         <name>EPwm2RegsFile</name>
         <uninitialized>true</uninitialized>
         <run_address>0x6840</run_address>
         <size>0x22</size>
         <input_file_ref idref="fl-e"/>
      </object_component>
      <object_component id="oc-ab">
         <name>EPwm3RegsFile</name>
         <uninitialized>true</uninitialized>
         <run_address>0x6880</run_address>
         <size>0x22</size>
         <input_file_ref idref="fl-e"/>
      </object_component>
      <object_component id="oc-ad">
         <name>EPwm4RegsFile</name>
         <uninitialized>true</uninitialized>
         <run_address>0x68c0</run_address>
         <size>0x22</size>
         <input_file_ref idref="fl-e"/>
      </object_component>
      <object_component id="oc-ac">
         <name>EPwm5RegsFile</name>
         <uninitialized>true</uninitialized>
         <run_address>0x6900</run_address>
         <size>0x22</size>
         <input_file_ref idref="fl-e"/>
      </object_component>
      <object_component id="oc-ae">
         <name>EPwm6RegsFile</name>
         <uninitialized>true</uninitialized>
         <run_address>0x6940</run_address>
         <size>0x22</size>
         <input_file_ref idref="fl-e"/>
      </object_component>
      <object_component id="oc-a6">
         <name>ECap1RegsFile</name>
         <uninitialized>true</uninitialized>
         <run_address>0x6a00</run_address>
         <size>0x20</size>
         <input_file_ref idref="fl-e"/>
      </object_component>
      <object_component id="oc-a2">
         <name>ECap2RegsFile</name>
         <uninitialized>true</uninitialized>
         <run_address>0x6a20</run_address>
         <size>0x20</size>
         <input_file_ref idref="fl-e"/>
      </object_component>
      <object_component id="oc-a3">
         <name>ECap3RegsFile</name>
         <uninitialized>true</uninitialized>
         <run_address>0x6a40</run_address>
         <size>0x20</size>
         <input_file_ref idref="fl-e"/>
      </object_component>
      <object_component id="oc-a0">
         <name>ECap4RegsFile</name>
         <uninitialized>true</uninitialized>
         <run_address>0x6a60</run_address>
         <size>0x20</size>
         <input_file_ref idref="fl-e"/>
      </object_component>
      <object_component id="oc-a1">
         <name>ECap5RegsFile</name>
         <uninitialized>true</uninitialized>
         <run_address>0x6a80</run_address>
         <size>0x20</size>
         <input_file_ref idref="fl-e"/>
      </object_component>
      <object_component id="oc-a7">
         <name>ECap6RegsFile</name>
         <uninitialized>true</uninitialized>
         <run_address>0x6aa0</run_address>
         <size>0x20</size>
         <input_file_ref idref="fl-e"/>
      </object_component>
      <object_component id="oc-bb">
         <name>EQep1RegsFile</name>
         <uninitialized>true</uninitialized>
         <run_address>0x6b00</run_address>
         <size>0x40</size>
         <input_file_ref idref="fl-e"/>
      </object_component>
      <object_component id="oc-b9">
         <name>EQep2RegsFile</name>
         <uninitialized>true</uninitialized>
         <run_address>0x6b40</run_address>
         <size>0x40</size>
         <input_file_ref idref="fl-e"/>
      </object_component>
      <object_component id="oc-b1">
         <name>GpioCtrlRegsFile</name>
         <uninitialized>true</uninitialized>
         <run_address>0x6f80</run_address>
         <size>0x2e</size>
         <input_file_ref idref="fl-e"/>
      </object_component>
      <object_component id="oc-a4">
         <name>GpioDataRegsFile</name>
         <uninitialized>true</uninitialized>
         <run_address>0x6fc0</run_address>
         <size>0x20</size>
         <input_file_ref idref="fl-e"/>
      </object_component>
      <object_component id="oc-95">
         <name>GpioIntRegsFile</name>
         <uninitialized>true</uninitialized>
         <run_address>0x6fe0</run_address>
         <size>0xa</size>
         <input_file_ref idref="fl-e"/>
      </object_component>
      <object_component id="oc-a5">
         <name>SysCtrlRegsFile</name>
         <uninitialized>true</uninitialized>
         <run_address>0x7010</run_address>
         <size>0x20</size>
         <input_file_ref idref="fl-e"/>
      </object_component>
      <object_component id="oc-98">
         <name>SpiaRegsFile</name>
         <uninitialized>true</uninitialized>
         <run_address>0x7040</run_address>
         <size>0x10</size>
         <input_file_ref idref="fl-e"/>
      </object_component>
      <object_component id="oc-99">
         <name>SciaRegsFile</name>
         <uninitialized>true</uninitialized>
         <run_address>0x7050</run_address>
         <size>0x10</size>
         <input_file_ref idref="fl-e"/>
      </object_component>
      <object_component id="oc-9a">
         <name>XIntruptRegsFile</name>
         <uninitialized>true</uninitialized>
         <run_address>0x7070</run_address>
         <size>0x10</size>
         <input_file_ref idref="fl-e"/>
      </object_component>
      <object_component id="oc-9e">
         <name>AdcRegsFile</name>
         <uninitialized>true</uninitialized>
         <run_address>0x7100</run_address>
         <size>0x1e</size>
         <input_file_ref idref="fl-e"/>
      </object_component>
      <object_component id="oc-97">
         <name>ScibRegsFile</name>
         <uninitialized>true</uninitialized>
         <run_address>0x7750</run_address>
         <size>0x10</size>
         <input_file_ref idref="fl-e"/>
      </object_component>
      <object_component id="oc-96">
         <name>ScicRegsFile</name>
         <uninitialized>true</uninitialized>
         <run_address>0x7770</run_address>
         <size>0x10</size>
         <input_file_ref idref="fl-e"/>
      </object_component>
      <object_component id="oc-a8">
         <name>I2caRegsFile</name>
         <uninitialized>true</uninitialized>
         <run_address>0x7900</run_address>
         <size>0x22</size>
         <input_file_ref idref="fl-e"/>
      </object_component>
      <object_component id="oc-94">
         <name>CsmPwlFile</name>
         <uninitialized>true</uninitialized>
         <run_address>0x3f7ff8</run_address>
         <size>0x8</size>
         <input_file_ref idref="fl-e"/>
      </object_component>
      <object_component id="oc-f9">
         <name>.cinit</name>
         <load_address>0x306269</load_address>
         <run_address>0x306269</run_address>
         <size>0x426</size>
         <input_file_ref idref="fl-1c"/>
      </object_component>
      <object_component id="oc-f1">
         <name>.cinit</name>
         <load_address>0x30668f</load_address>
         <run_address>0x30668f</run_address>
         <size>0xbc</size>
         <input_file_ref idref="fl-17"/>
      </object_component>
      <object_component id="oc-ea">
         <name>.cinit</name>
         <load_address>0x30674b</load_address>
         <run_address>0x30674b</run_address>
         <size>0x73</size>
         <input_file_ref idref="fl-16"/>
      </object_component>
      <object_component id="oc-5c">
         <name>.cinit</name>
         <load_address>0x3067be</load_address>
         <run_address>0x3067be</run_address>
         <size>0x3c</size>
         <input_file_ref idref="fl-5"/>
      </object_component>
      <object_component id="oc-71">
         <name>.cinit</name>
         <load_address>0x3067fa</load_address>
         <run_address>0x3067fa</run_address>
         <size>0x24</size>
         <input_file_ref idref="fl-8"/>
      </object_component>
      <object_component id="oc-dc">
         <name>.cinit</name>
         <load_address>0x30681e</load_address>
         <run_address>0x30681e</run_address>
         <size>0x11</size>
         <input_file_ref idref="fl-14"/>
      </object_component>
      <object_component id="oc-198">
         <name>.cinit</name>
         <load_address>0x30682f</load_address>
         <run_address>0x30682f</run_address>
         <size>0xe</size>
         <input_file_ref idref="fl-4c"/>
      </object_component>
      <object_component id="oc-64">
         <name>.cinit</name>
         <load_address>0x30683d</load_address>
         <run_address>0x30683d</run_address>
         <size>0xc</size>
         <input_file_ref idref="fl-6"/>
      </object_component>
      <object_component id="oc-55">
         <name>.cinit</name>
         <load_address>0x306849</load_address>
         <run_address>0x306849</run_address>
         <size>0x8</size>
         <input_file_ref idref="fl-4"/>
      </object_component>
      <object_component id="oc-2cf">
         <name>.cinit:__lock</name>
         <load_address>0x306851</load_address>
         <run_address>0x306851</run_address>
         <size>0x5</size>
         <input_file_ref idref="fl-4d"/>
      </object_component>
      <object_component id="oc-2ce">
         <name>.cinit:__unlock</name>
         <load_address>0x306856</load_address>
         <run_address>0x306856</run_address>
         <size>0x5</size>
         <input_file_ref idref="fl-4d"/>
      </object_component>
      <object_component id="oc-e3">
         <name>.cinit</name>
         <load_address>0x30685b</load_address>
         <run_address>0x30685b</run_address>
         <size>0x5</size>
         <input_file_ref idref="fl-15"/>
      </object_component>
      <object_component id="oc-23d">
         <name>.cinit</name>
         <load_address>0x306860</load_address>
         <run_address>0x306860</run_address>
         <size>0x4</size>
         <input_file_ref idref="fl-6c"/>
      </object_component>
      <object_component id="oc-342">
         <name>.text</name>
         <load_address>0x300000</load_address>
         <run_address>0x300000</run_address>
         <size>0xc16</size>
         <input_file_ref idref="fl-55"/>
      </object_component>
      <object_component id="oc-2b1">
         <name>.text:_init_PWM</name>
         <load_address>0x300c16</load_address>
         <run_address>0x300c16</run_address>
         <size>0x294</size>
         <input_file_ref idref="fl-6"/>
      </object_component>
      <object_component id="oc-39b">
         <name>.text:_xdc_runtime_System_doPrint__I</name>
         <load_address>0x300eaa</load_address>
         <run_address>0x300eaa</run_address>
         <size>0x232</size>
         <input_file_ref idref="fl-32"/>
      </object_component>
      <object_component id="oc-25d">
         <name>.text:_SPI_RXint</name>
         <load_address>0x3010dc</load_address>
         <run_address>0x3010dc</run_address>
         <size>0x21a</size>
         <input_file_ref idref="fl-8"/>
      </object_component>
      <object_component id="oc-2b2">
         <name>.text:_init_PWM_AS_RCSERVO</name>
         <load_address>0x3012f6</load_address>
         <run_address>0x3012f6</run_address>
         <size>0x1bc</size>
         <input_file_ref idref="fl-6"/>
      </object_component>
      <object_component id="oc-295">
         <name>.text:_PIVelControl</name>
         <load_address>0x3014b2</load_address>
         <run_address>0x3014b2</run_address>
         <size>0x182</size>
         <input_file_ref idref="fl-16"/>
      </object_component>
      <object_component id="oc-25f">
         <name>.text:_McBSP_RX_INTCH2_ISR</name>
         <load_address>0x301634</load_address>
         <run_address>0x301634</run_address>
         <size>0x14e</size>
         <input_file_ref idref="fl-5"/>
      </object_component>
      <object_component id="oc-2b4">
         <name>.text:_init_serial</name>
         <load_address>0x301782</load_address>
         <run_address>0x301782</run_address>
         <size>0x131</size>
         <input_file_ref idref="fl-7"/>
      </object_component>
      <object_component id="oc-26f">
         <name>.text:_main</name>
         <load_address>0x3018b3</load_address>
         <run_address>0x3018b3</run_address>
         <size>0x10e</size>
         <input_file_ref idref="fl-17"/>
      </object_component>
      <object_component id="oc-179">
         <name>.text</name>
         <load_address>0x3019c1</load_address>
         <run_address>0x3019c1</run_address>
         <size>0x107</size>
         <input_file_ref idref="fl-46"/>
      </object_component>
      <object_component id="oc-2b9">
         <name>.text:_init_SPI</name>
         <load_address>0x301ac8</load_address>
         <run_address>0x301ac8</run_address>
         <size>0x101</size>
         <input_file_ref idref="fl-8"/>
      </object_component>
      <object_component id="oc-296">
         <name>.text:_sendData</name>
         <load_address>0x301bc9</load_address>
         <run_address>0x301bc9</run_address>
         <size>0xf6</size>
         <input_file_ref idref="fl-17"/>
      </object_component>
      <object_component id="oc-256">
         <name>.text:_control</name>
         <load_address>0x301cbf</load_address>
         <run_address>0x301cbf</run_address>
         <size>0xd3</size>
         <input_file_ref idref="fl-17"/>
      </object_component>
      <object_component id="oc-28d">
         <name>.text:_xdc_runtime_LoggerBuf_write8__E</name>
         <load_address>0x301d92</load_address>
         <run_address>0x301d92</run_address>
         <size>0xd2</size>
         <input_file_ref idref="fl-2f"/>
      </object_component>
      <object_component id="oc-3ac">
         <name>.text:_xdc_runtime_System_printfExtend__I</name>
         <load_address>0x301e64</load_address>
         <run_address>0x301e64</run_address>
         <size>0xc0</size>
         <input_file_ref idref="fl-1c"/>
      </object_component>
      <object_component id="oc-353">
         <name>.text</name>
         <load_address>0x301f24</load_address>
         <run_address>0x301f24</run_address>
         <size>0xc0</size>
         <input_file_ref idref="fl-5e"/>
      </object_component>
      <object_component id="oc-2e9">
         <name>.text:_PWM_out</name>
         <load_address>0x301fe4</load_address>
         <run_address>0x301fe4</run_address>
         <size>0xb2</size>
         <input_file_ref idref="fl-6"/>
      </object_component>
      <object_component id="oc-2e6">
         <name>.text:_ti_sysbios_knl_Semaphore_pend__E</name>
         <load_address>0x302096</load_address>
         <run_address>0x302096</run_address>
         <size>0xa8</size>
         <input_file_ref idref="fl-24"/>
      </object_component>
      <object_component id="oc-2f5">
         <name>.text:_xdc_runtime_Error_policyDefault__E</name>
         <load_address>0x30213e</load_address>
         <run_address>0x30213e</run_address>
         <size>0x9c</size>
         <input_file_ref idref="fl-2d"/>
      </object_component>
      <object_component id="oc-1fb">
         <name>.text</name>
         <load_address>0x3021da</load_address>
         <run_address>0x3021da</run_address>
         <size>0x9c</size>
         <input_file_ref idref="fl-5f"/>
      </object_component>
      <object_component id="oc-388">
         <name>.text:_ti_sysbios_family_c28_Hwi_dispatch</name>
         <load_address>0x302276</load_address>
         <run_address>0x302276</run_address>
         <size>0x9b</size>
         <input_file_ref idref="fl-26"/>
      </object_component>
      <object_component id="oc-27c">
         <name>.text:_ti_sysbios_BIOS_linkedWithIncorrectBootLibrary__E</name>
         <load_address>0x302311</load_address>
         <run_address>0x302311</run_address>
         <size>0x1</size>
         <input_file_ref idref="fl-24"/>
      </object_component>
      <object_component id="oc-393">
         <name>.text</name>
         <load_address>0x302312</load_address>
         <run_address>0x302312</run_address>
         <size>0x94</size>
         <input_file_ref idref="fl-53"/>
      </object_component>
      <object_component id="oc-294">
         <name>.text:_updateData</name>
         <load_address>0x3023a6</load_address>
         <run_address>0x3023a6</run_address>
         <size>0x90</size>
         <input_file_ref idref="fl-17"/>
      </object_component>
      <object_component id="oc-30b">
         <name>.text:_ti_sysbios_family_c28_Hwi_clearInterrupt__E</name>
         <load_address>0x302436</load_address>
         <run_address>0x302436</run_address>
         <size>0x8b</size>
         <input_file_ref idref="fl-24"/>
      </object_component>
      <object_component id="oc-28c">
         <name>.text:_xdc_runtime_LoggerBuf_write4__E</name>
         <load_address>0x3024c1</load_address>
         <run_address>0x3024c1</run_address>
         <size>0x8b</size>
         <input_file_ref idref="fl-2f"/>
      </object_component>
      <object_component id="oc-205">
         <name>.text</name>
         <load_address>0x30254c</load_address>
         <run_address>0x30254c</run_address>
         <size>0x8b</size>
         <input_file_ref idref="fl-61"/>
      </object_component>
      <object_component id="oc-174">
         <name>.text</name>
         <load_address>0x3025d7</load_address>
         <run_address>0x3025d7</run_address>
         <size>0x88</size>
         <input_file_ref idref="fl-45"/>
      </object_component>
      <object_component id="oc-2b5">
         <name>.text:_init_dma_mcbsp</name>
         <load_address>0x30265f</load_address>
         <run_address>0x30265f</run_address>
         <size>0x87</size>
         <input_file_ref idref="fl-2"/>
      </object_component>
      <object_component id="oc-20a">
         <name>.text</name>
         <load_address>0x3026e6</load_address>
         <run_address>0x3026e6</run_address>
         <size>0x83</size>
         <input_file_ref idref="fl-62"/>
      </object_component>
      <object_component id="oc-2b0">
         <name>.text:_init_EQEP</name>
         <load_address>0x302769</load_address>
         <run_address>0x302769</run_address>
         <size>0x82</size>
         <input_file_ref idref="fl-3"/>
      </object_component>
      <object_component id="oc-29f">
         <name>.text:_i2c_stdrecv</name>
         <load_address>0x3027eb</load_address>
         <run_address>0x3027eb</run_address>
         <size>0x80</size>
         <input_file_ref idref="fl-14"/>
      </object_component>
      <object_component id="oc-2a3">
         <name>.text:_RCSERVO_out</name>
         <load_address>0x30286b</load_address>
         <run_address>0x30286b</run_address>
         <size>0x7a</size>
         <input_file_ref idref="fl-6"/>
      </object_component>
      <object_component id="oc-2fa">
         <name>.text:_xdc_runtime_Startup_startMods__I</name>
         <load_address>0x3028e5</load_address>
         <run_address>0x3028e5</run_address>
         <size>0x79</size>
         <input_file_ref idref="fl-31"/>
      </object_component>
      <object_component id="oc-30f">
         <name>.text:_ti_sysbios_knl_Task_checkStacks__E</name>
         <load_address>0x30295e</load_address>
         <run_address>0x30295e</run_address>
         <size>0x73</size>
         <input_file_ref idref="fl-24"/>
      </object_component>
      <object_component id="oc-25c">
         <name>.text:_adc_cisr</name>
         <load_address>0x3029d1</load_address>
         <run_address>0x3029d1</run_address>
         <size>0x6d</size>
         <input_file_ref idref="fl-17"/>
      </object_component>
      <object_component id="oc-298">
         <name>.text:_writeDAC7564</name>
         <load_address>0x302a3e</load_address>
         <run_address>0x302a3e</run_address>
         <size>0x6d</size>
         <input_file_ref idref="fl-8"/>
      </object_component>
      <object_component id="oc-36d">
         <name>.text:_xdc_runtime_Text_putSite__E</name>
         <load_address>0x302aab</load_address>
         <run_address>0x302aab</run_address>
         <size>0x6b</size>
         <input_file_ref idref="fl-34"/>
      </object_component>
      <object_component id="oc-49">
         <name>.text</name>
         <load_address>0x302b16</load_address>
         <run_address>0x302b16</run_address>
         <size>0x69</size>
         <input_file_ref idref="fl-39"/>
      </object_component>
      <object_component id="oc-389">
         <name>.text:_ti_sysbios_family_c28_Timer_stopAndClear__I</name>
         <load_address>0x302b7f</load_address>
         <run_address>0x302b7f</run_address>
         <size>0x66</size>
         <input_file_ref idref="fl-24"/>
      </object_component>
      <object_component id="oc-2a0">
         <name>.text:_i2c_stdsend</name>
         <load_address>0x302be5</load_address>
         <run_address>0x302be5</run_address>
         <size>0x61</size>
         <input_file_ref idref="fl-14"/>
      </object_component>
      <object_component id="oc-2c5">
         <name>.text:_ti_sysbios_heaps_HeapMem_allocUnprotected__E</name>
         <load_address>0x302c46</load_address>
         <run_address>0x302c46</run_address>
         <size>0x5e</size>
         <input_file_ref idref="fl-24"/>
      </object_component>
      <object_component id="oc-2b3">
         <name>.text:_pre_init</name>
         <load_address>0x302ca4</load_address>
         <run_address>0x302ca4</run_address>
         <size>0x5c</size>
         <input_file_ref idref="fl-4"/>
      </object_component>
      <object_component id="oc-352">
         <name>.text</name>
         <load_address>0x302d00</load_address>
         <run_address>0x302d00</run_address>
         <size>0x5a</size>
         <input_file_ref idref="fl-5d"/>
      </object_component>
      <object_component id="oc-2fd">
         <name>.text:_InitPeripheralClocks</name>
         <load_address>0x302d5a</load_address>
         <run_address>0x302d5a</run_address>
         <size>0x56</size>
         <input_file_ref idref="fl-12"/>
      </object_component>
      <object_component id="oc-2eb">
         <name>.text:_LCDvPrintfLine</name>
         <load_address>0x302db0</load_address>
         <run_address>0x302db0</run_address>
         <size>0x54</size>
         <input_file_ref idref="fl-7"/>
      </object_component>
      <object_component id="oc-29e">
         <name>.text:_ti_sysbios_knl_Task_sleep__E</name>
         <load_address>0x302e04</load_address>
         <run_address>0x302e04</run_address>
         <size>0x53</size>
         <input_file_ref idref="fl-24"/>
      </object_component>
      <object_component id="oc-2fc">
         <name>.text:_InitPll</name>
         <load_address>0x302e57</load_address>
         <run_address>0x302e57</run_address>
         <size>0x51</size>
         <input_file_ref idref="fl-12"/>
      </object_component>
      <object_component id="oc-3ae">
         <name>.text:_ti_sysbios_family_c28_Hwi_dispatchCore__I</name>
         <load_address>0x302ea8</load_address>
         <run_address>0x302ea8</run_address>
         <size>0x4c</size>
         <input_file_ref idref="fl-24"/>
      </object_component>
      <object_component id="oc-257">
         <name>.text:_ti_sysbios_knl_Clock_workFunc__E</name>
         <load_address>0x302ef4</load_address>
         <run_address>0x302ef4</run_address>
         <size>0x4b</size>
         <input_file_ref idref="fl-24"/>
      </object_component>
      <object_component id="oc-3b1">
         <name>.text:_xdc_runtime_Text_putLab__E</name>
         <load_address>0x302f3f</load_address>
         <run_address>0x302f3f</run_address>
         <size>0x4b</size>
         <input_file_ref idref="fl-34"/>
      </object_component>
      <object_component id="oc-312">
         <name>.text:_ti_sysbios_family_c28_TimestampProvider_get64__E</name>
         <load_address>0x302f8a</load_address>
         <run_address>0x302f8a</run_address>
         <size>0x48</size>
         <input_file_ref idref="fl-24"/>
      </object_component>
      <object_component id="oc-362">
         <name>.text:_ti_sysbios_family_c28_Hwi_Module_startup__E</name>
         <load_address>0x302fd2</load_address>
         <run_address>0x302fd2</run_address>
         <size>0x47</size>
         <input_file_ref idref="fl-24"/>
      </object_component>
      <object_component id="oc-380">
         <name>.text:_ti_sysbios_knl_Task_postInit__I</name>
         <load_address>0x303019</load_address>
         <run_address>0x303019</run_address>
         <size>0x47</size>
         <input_file_ref idref="fl-24"/>
      </object_component>
      <object_component id="oc-277">
         <name>.text:_ti_sysbios_heaps_HeapMem_alloc__E</name>
         <load_address>0x303060</load_address>
         <run_address>0x303060</run_address>
         <size>0x46</size>
         <input_file_ref idref="fl-24"/>
      </object_component>
      <object_component id="oc-343">
         <name>.text:_ti_sysbios_knl_Swi_run__I</name>
         <load_address>0x3030a6</load_address>
         <run_address>0x3030a6</run_address>
         <size>0x46</size>
         <input_file_ref idref="fl-24"/>
      </object_component>
      <object_component id="oc-378">
         <name>.text:_ti_sysbios_family_c28_Timer_postInit__I</name>
         <load_address>0x3030ec</load_address>
         <run_address>0x3030ec</run_address>
         <size>0x43</size>
         <input_file_ref idref="fl-24"/>
      </object_component>
      <object_component id="oc-104">
         <name>.text:_ti_sysbios_family_c28_Hwi_unPluggedInterrupt__I</name>
         <load_address>0x30312f</load_address>
         <run_address>0x30312f</run_address>
         <size>0x42</size>
         <input_file_ref idref="fl-24"/>
      </object_component>
      <object_component id="oc-384">
         <name>.text:_xdc_runtime_Text_putMod__E</name>
         <load_address>0x303171</load_address>
         <run_address>0x303171</run_address>
         <size>0x3f</size>
         <input_file_ref idref="fl-34"/>
      </object_component>
      <object_component id="oc-3b2">
         <name>.text:_ti_sysbios_knl_Swi_restoreHwi__E</name>
         <load_address>0x3031b0</load_address>
         <run_address>0x3031b0</run_address>
         <size>0x3e</size>
         <input_file_ref idref="fl-24"/>
      </object_component>
      <object_component id="oc-28f">
         <name>.text:_xdc_runtime_LoggerBuf_getFilterLevel__E</name>
         <load_address>0x3031ee</load_address>
         <run_address>0x3031ee</run_address>
         <size>0x3d</size>
         <input_file_ref idref="fl-2f"/>
      </object_component>
      <object_component id="oc-25a">
         <name>.text:_compassTask</name>
         <load_address>0x30322b</load_address>
         <run_address>0x30322b</run_address>
         <size>0x3c</size>
         <input_file_ref idref="fl-14"/>
      </object_component>
      <object_component id="oc-28e">
         <name>.text:_xdc_runtime_LoggerBuf_setFilterLevel__E</name>
         <load_address>0x303267</load_address>
         <run_address>0x303267</run_address>
         <size>0x3c</size>
         <input_file_ref idref="fl-2f"/>
      </object_component>
      <object_component id="oc-3a3">
         <name>.text:_xdc_runtime_System_formatNum__I</name>
         <load_address>0x3032a3</load_address>
         <run_address>0x3032a3</run_address>
         <size>0x3c</size>
         <input_file_ref idref="fl-32"/>
      </object_component>
      <object_component id="oc-39f">
         <name>.text:_ti_sysbios_family_c28_TaskSupport_start__E</name>
         <load_address>0x3032df</load_address>
         <run_address>0x3032df</run_address>
         <size>0x3a</size>
         <input_file_ref idref="fl-24"/>
      </object_component>
      <object_component id="oc-383">
         <name>.text</name>
         <load_address>0x303319</load_address>
         <run_address>0x303319</run_address>
         <size>0x38</size>
         <input_file_ref idref="fl-52"/>
      </object_component>
      <object_component id="oc-2a5">
         <name>.text:_serial_recv_ready</name>
         <load_address>0x303351</load_address>
         <run_address>0x303351</run_address>
         <size>0x37</size>
         <input_file_ref idref="fl-7"/>
      </object_component>
      <object_component id="oc-2c9">
         <name>.text:_ti_sysbios_heaps_HeapMem_freeUnprotected__E</name>
         <load_address>0x303388</load_address>
         <run_address>0x303388</run_address>
         <size>0x36</size>
         <input_file_ref idref="fl-24"/>
      </object_component>
      <object_component id="oc-2d8">
         <name>.text:_ti_sysbios_knl_Task_startCore__E</name>
         <load_address>0x3033be</load_address>
         <run_address>0x3033be</run_address>
         <size>0x35</size>
         <input_file_ref idref="fl-24"/>
      </object_component>
      <object_component id="oc-30c">
         <name>.text:_ti_sysbios_family_c28_Hwi_enableInterrupt__E</name>
         <load_address>0x3033f3</load_address>
         <run_address>0x3033f3</run_address>
         <size>0x33</size>
         <input_file_ref idref="fl-24"/>
      </object_component>
      <object_component id="oc-2e8">
         <name>.text:_EQEP_read</name>
         <load_address>0x303426</load_address>
         <run_address>0x303426</run_address>
         <size>0x32</size>
         <input_file_ref idref="fl-3"/>
      </object_component>
      <object_component id="oc-366">
         <name>.text:_ti_sysbios_knl_Task_Module_startup__E</name>
         <load_address>0x303458</load_address>
         <run_address>0x303458</run_address>
         <size>0x32</size>
         <input_file_ref idref="fl-24"/>
      </object_component>
      <object_component id="oc-3ab">
         <name>.text:_xdc_runtime_Text_visitRope2__I</name>
         <load_address>0x30348a</load_address>
         <run_address>0x30348a</run_address>
         <size>0x32</size>
         <input_file_ref idref="fl-34"/>
      </object_component>
      <object_component id="oc-2a4">
         <name>.text:_serial_send</name>
         <load_address>0x3034bc</load_address>
         <run_address>0x3034bc</run_address>
         <size>0x31</size>
         <input_file_ref idref="fl-7"/>
      </object_component>
      <object_component id="oc-350">
         <name>.text</name>
         <load_address>0x3034ed</load_address>
         <run_address>0x3034ed</run_address>
         <size>0x31</size>
         <input_file_ref idref="fl-56"/>
      </object_component>
      <object_component id="oc-35b">
         <name>.text:_xdc_runtime_Error_print__E</name>
         <load_address>0x30351e</load_address>
         <run_address>0x30351e</run_address>
         <size>0x30</size>
         <input_file_ref idref="fl-2d"/>
      </object_component>
      <object_component id="oc-31d">
         <name>.text:_xdc_runtime_Error_setX__E</name>
         <load_address>0x30354e</load_address>
         <run_address>0x30354e</run_address>
         <size>0x30</size>
         <input_file_ref idref="fl-2d"/>
      </object_component>
      <object_component id="oc-316">
         <name>.text</name>
         <load_address>0x30357e</load_address>
         <run_address>0x30357e</run_address>
         <size>0x30</size>
         <input_file_ref idref="fl-54"/>
      </object_component>
      <object_component id="oc-2e7">
         <name>.text:_ti_sysbios_knl_Semaphore_post__E</name>
         <load_address>0x3035ae</load_address>
         <run_address>0x3035ae</run_address>
         <size>0x2f</size>
         <input_file_ref idref="fl-24"/>
      </object_component>
      <object_component id="oc-248">
         <name>.text:_xdc_runtime_Startup_exec__E</name>
         <load_address>0x3035dd</load_address>
         <run_address>0x3035dd</run_address>
         <size>0x2f</size>
         <input_file_ref idref="fl-31"/>
      </object_component>
      <object_component id="oc-26a">
         <name>.text:.bootCodeSection:_ti_catalog_c2800_init_Boot_configurePll2802x</name>
         <load_address>0x30360c</load_address>
         <run_address>0x30360c</run_address>
         <size>0x2e</size>
         <input_file_ref idref="fl-29"/>
      </object_component>
      <object_component id="oc-2b7">
         <name>.text:_InitMcbspb</name>
         <load_address>0x30363a</load_address>
         <run_address>0x30363a</run_address>
         <size>0x2e</size>
         <input_file_ref idref="fl-f"/>
      </object_component>
      <object_component id="oc-2b6">
         <name>.text:_InitMcbspbGpio</name>
         <load_address>0x303668</load_address>
         <run_address>0x303668</run_address>
         <size>0x2e</size>
         <input_file_ref idref="fl-f"/>
      </object_component>
      <object_component id="oc-318">
         <name>.text:_ti_sysbios_knl_Swi_runLoop__I</name>
         <load_address>0x303696</load_address>
         <run_address>0x303696</run_address>
         <size>0x2e</size>
         <input_file_ref idref="fl-24"/>
      </object_component>
      <object_component id="oc-2ec">
         <name>.text:_ti_sysbios_knl_Swi_schedule__I</name>
         <load_address>0x3036c4</load_address>
         <run_address>0x3036c4</run_address>
         <size>0x2e</size>
         <input_file_ref idref="fl-24"/>
      </object_component>
      <object_component id="oc-31b">
         <name>.text:_ti_sysbios_knl_Task_schedule__I</name>
         <load_address>0x3036f2</load_address>
         <run_address>0x3036f2</run_address>
         <size>0x2e</size>
         <input_file_ref idref="fl-24"/>
      </object_component>
      <object_component id="oc-351">
         <name>.text</name>
         <load_address>0x303720</load_address>
         <run_address>0x303720</run_address>
         <size>0x2e</size>
         <input_file_ref idref="fl-58"/>
      </object_component>
      <object_component id="oc-34f">
         <name>.text:_ti_sysbios_family_c28_Hwi_getInterruptFlag__E</name>
         <load_address>0x30374e</load_address>
         <run_address>0x30374e</run_address>
         <size>0x2d</size>
         <input_file_ref idref="fl-24"/>
      </object_component>
      <object_component id="oc-34a">
         <name>.text:_ti_sysbios_family_c28_Hwi_getStackInfo__E</name>
         <load_address>0x30377b</load_address>
         <run_address>0x30377b</run_address>
         <size>0x2d</size>
         <input_file_ref idref="fl-24"/>
      </object_component>
      <object_component id="oc-27a">
         <name>.text:_ti_sysbios_heaps_HeapMem_getStats__E</name>
         <load_address>0x3037a8</load_address>
         <run_address>0x3037a8</run_address>
         <size>0x2d</size>
         <input_file_ref idref="fl-24"/>
      </object_component>
      <object_component id="oc-2d5">
         <name>.text:_ti_sysbios_family_c28_Timer_start__E</name>
         <load_address>0x3037d5</load_address>
         <run_address>0x3037d5</run_address>
         <size>0x2c</size>
         <input_file_ref idref="fl-24"/>
      </object_component>
      <object_component id="oc-335">
         <name>.text:_ti_sysbios_family_c28_Hwi_disablePIEIER__E</name>
         <load_address>0x303801</load_address>
         <run_address>0x303801</run_address>
         <size>0x2b</size>
         <input_file_ref idref="fl-24"/>
      </object_component>
      <object_component id="oc-334">
         <name>.text:_ti_sysbios_family_c28_Hwi_enablePIEIER__E</name>
         <load_address>0x30382c</load_address>
         <run_address>0x30382c</run_address>
         <size>0x2a</size>
         <input_file_ref idref="fl-24"/>
      </object_component>
      <object_component id="oc-200">
         <name>.text</name>
         <load_address>0x303856</load_address>
         <run_address>0x303856</run_address>
         <size>0x2a</size>
         <input_file_ref idref="fl-60"/>
      </object_component>
      <object_component id="oc-17e">
         <name>.text</name>
         <load_address>0x303880</load_address>
         <run_address>0x303880</run_address>
         <size>0x2a</size>
         <input_file_ref idref="fl-47"/>
      </object_component>
      <object_component id="oc-340">
         <name>.text:_ti_sysbios_family_c28_Timer_getExpiredCounts64__E</name>
         <load_address>0x3038aa</load_address>
         <run_address>0x3038aa</run_address>
         <size>0x29</size>
         <input_file_ref idref="fl-24"/>
      </object_component>
      <object_component id="oc-305">
         <name>.text</name>
         <load_address>0x3038d3</load_address>
         <run_address>0x3038d3</run_address>
         <size>0x29</size>
         <input_file_ref idref="fl-4c"/>
      </object_component>
      <object_component id="oc-385">
         <name>.text:_xdc_runtime_Text_xprintf__I</name>
         <load_address>0x3038fc</load_address>
         <run_address>0x3038fc</run_address>
         <size>0x28</size>
         <input_file_ref idref="fl-34"/>
      </object_component>
      <object_component id="oc-2f8">
         <name>.text:_ti_sysbios_heaps_HeapMem_init__I</name>
         <load_address>0x303924</load_address>
         <run_address>0x303924</run_address>
         <size>0x27</size>
         <input_file_ref idref="fl-24"/>
      </object_component>
      <object_component id="oc-301">
         <name>.text:_InitSpiaGpio</name>
         <load_address>0x30394b</load_address>
         <run_address>0x30394b</run_address>
         <size>0x26</size>
         <input_file_ref idref="fl-11"/>
      </object_component>
      <object_component id="oc-331">
         <name>.text:_xdc_runtime_SysMin_flush__E</name>
         <load_address>0x303971</load_address>
         <run_address>0x303971</run_address>
         <size>0x26</size>
         <input_file_ref idref="fl-33"/>
      </object_component>
      <object_component id="oc-3aa">
         <name>.text:_ti_sysbios_family_c28_TaskSupport_buildTaskStack</name>
         <load_address>0x303997</load_address>
         <run_address>0x303997</run_address>
         <size>0x25</size>
         <input_file_ref idref="fl-28"/>
      </object_component>
      <object_component id="oc-341">
         <name>.text:_ti_sysbios_family_c28_Timer_getExpiredCounts__E</name>
         <load_address>0x3039bc</load_address>
         <run_address>0x3039bc</run_address>
         <size>0x25</size>
         <input_file_ref idref="fl-24"/>
      </object_component>
      <object_component id="oc-39d">
         <name>.text:_ti_sysbios_family_c28_Hwi_disableInterrupt__E</name>
         <load_address>0x3039e1</load_address>
         <run_address>0x3039e1</run_address>
         <size>0x24</size>
         <input_file_ref idref="fl-24"/>
      </object_component>
      <object_component id="oc-29d">
         <name>.text:_ti_sysbios_knl_Swi_post__E</name>
         <load_address>0x303a05</load_address>
         <run_address>0x303a05</run_address>
         <size>0x24</size>
         <input_file_ref idref="fl-24"/>
      </object_component>
      <object_component id="oc-247">
         <name>.text</name>
         <load_address>0x303a29</load_address>
         <run_address>0x303a29</run_address>
         <size>0x24</size>
         <input_file_ref idref="fl-48"/>
      </object_component>
      <object_component id="oc-36b">
         <name>.text</name>
         <load_address>0x303a4d</load_address>
         <run_address>0x303a4d</run_address>
         <size>0x24</size>
         <input_file_ref idref="fl-6d"/>
      </object_component>
      <object_component id="oc-270">
         <name>.text:_xdc_runtime_System_processAtExit__E</name>
         <load_address>0x303a71</load_address>
         <run_address>0x303a71</run_address>
         <size>0x23</size>
         <input_file_ref idref="fl-32"/>
      </object_component>
      <object_component id="oc-278">
         <name>.text:_ti_sysbios_heaps_HeapMem_free__E</name>
         <load_address>0x303a94</load_address>
         <run_address>0x303a94</run_address>
         <size>0x21</size>
         <input_file_ref idref="fl-24"/>
      </object_component>
      <object_component id="oc-30d">
         <name>.text:_ti_sysbios_knl_Task_allBlockedFunction__I</name>
         <load_address>0x303ab5</load_address>
         <run_address>0x303ab5</run_address>
         <size>0x21</size>
         <input_file_ref idref="fl-24"/>
      </object_component>
      <object_component id="oc-219">
         <name>.text</name>
         <load_address>0x303ad6</load_address>
         <run_address>0x303ad6</run_address>
         <size>0x21</size>
         <input_file_ref idref="fl-65"/>
      </object_component>
      <object_component id="oc-38b">
         <name>.text:_ti_sysbios_family_c28_Timer_setPrescale__E</name>
         <load_address>0x303af7</load_address>
         <run_address>0x303af7</run_address>
         <size>0x20</size>
         <input_file_ref idref="fl-24"/>
      </object_component>
      <object_component id="oc-2f2">
         <name>.text:_ti_sysbios_knl_Task_yield__E</name>
         <load_address>0x303b17</load_address>
         <run_address>0x303b17</run_address>
         <size>0x20</size>
         <input_file_ref idref="fl-24"/>
      </object_component>
      <object_component id="oc-27e">
         <name>.text:_xdc_runtime_System_atexit__E</name>
         <load_address>0x303b37</load_address>
         <run_address>0x303b37</run_address>
         <size>0x20</size>
         <input_file_ref idref="fl-32"/>
      </object_component>
      <object_component id="oc-38d">
         <name>.text:_ti_sysbios_knl_Task_exit__E</name>
         <load_address>0x303b57</load_address>
         <run_address>0x303b57</run_address>
         <size>0x1f</size>
         <input_file_ref idref="fl-24"/>
      </object_component>
      <object_component id="oc-2dc">
         <name>.text:_xdc_runtime_LoggerBuf_filterOutEvent__I</name>
         <load_address>0x303b76</load_address>
         <run_address>0x303b76</run_address>
         <size>0x1f</size>
         <input_file_ref idref="fl-2f"/>
      </object_component>
      <object_component id="oc-21e">
         <name>.text</name>
         <load_address>0x303b95</load_address>
         <run_address>0x303b95</run_address>
         <size>0x1f</size>
         <input_file_ref idref="fl-66"/>
      </object_component>
      <object_component id="oc-2ef">
         <name>.text:_ti_sysbios_knl_Task_blockI__E</name>
         <load_address>0x303bb4</load_address>
         <run_address>0x303bb4</run_address>
         <size>0x1e</size>
         <input_file_ref idref="fl-24"/>
      </object_component>
      <object_component id="oc-370">
         <name>.text:_xdc_runtime_SysMin_putch__E</name>
         <load_address>0x303bd2</load_address>
         <run_address>0x303bd2</run_address>
         <size>0x1e</size>
         <input_file_ref idref="fl-33"/>
      </object_component>
      <object_component id="oc-228">
         <name>.text</name>
         <load_address>0x303bf0</load_address>
         <run_address>0x303bf0</run_address>
         <size>0x1e</size>
         <input_file_ref idref="fl-68"/>
      </object_component>
      <object_component id="oc-26b">
         <name>.text</name>
         <load_address>0x303c0e</load_address>
         <run_address>0x303c0e</run_address>
         <size>0x1e</size>
         <input_file_ref idref="fl-49"/>
      </object_component>
      <object_component id="oc-33e">
         <name>.text:_ti_sysbios_family_c28_TaskSupport_swap__E</name>
         <load_address>0x303c2c</load_address>
         <run_address>0x303c2c</run_address>
         <size>0x1d</size>
         <input_file_ref idref="fl-28"/>
      </object_component>
      <object_component id="oc-22d">
         <name>.text</name>
         <load_address>0x303c49</load_address>
         <run_address>0x303c49</run_address>
         <size>0x1d</size>
         <input_file_ref idref="fl-69"/>
      </object_component>
      <object_component id="oc-344">
         <name>.text:_ti_sysbios_hal_Hwi_checkStack</name>
         <load_address>0x303c66</load_address>
         <run_address>0x303c66</run_address>
         <size>0x1c</size>
         <input_file_ref idref="fl-24"/>
      </object_component>
      <object_component id="oc-368">
         <name>.text:_xdc_runtime_SysMin_output__I</name>
         <load_address>0x303c82</load_address>
         <run_address>0x303c82</run_address>
         <size>0x1c</size>
         <input_file_ref idref="fl-1c"/>
      </object_component>
      <object_component id="oc-237">
         <name>.text</name>
         <load_address>0x303c9e</load_address>
         <run_address>0x303c9e</run_address>
         <size>0x1c</size>
         <input_file_ref idref="fl-6b"/>
      </object_component>
      <object_component id="oc-232">
         <name>.text</name>
         <load_address>0x303cba</load_address>
         <run_address>0x303cba</run_address>
         <size>0x1c</size>
         <input_file_ref idref="fl-6a"/>
      </object_component>
      <object_component id="oc-3a5">
         <name>.text:_ti_sysbios_family_c28_Hwi_switchAndDispatch__I</name>
         <load_address>0x303cd6</load_address>
         <run_address>0x303cd6</run_address>
         <size>0x1b</size>
         <input_file_ref idref="fl-25"/>
      </object_component>
      <object_component id="oc-2f9">
         <name>.text:_ti_sysbios_hal_Hwi_initStack</name>
         <load_address>0x303cf1</load_address>
         <run_address>0x303cf1</run_address>
         <size>0x1b</size>
         <input_file_ref idref="fl-24"/>
      </object_component>
      <object_component id="oc-39e">
         <name>.text:_ti_sysbios_knl_Task_processVitalTaskFlag__I</name>
         <load_address>0x303d0c</load_address>
         <run_address>0x303d0c</run_address>
         <size>0x1b</size>
         <input_file_ref idref="fl-24"/>
      </object_component>
      <object_component id="oc-2ee">
         <name>.text:_ti_sysbios_knl_Clock_addI__E</name>
         <load_address>0x303d27</load_address>
         <run_address>0x303d27</run_address>
         <size>0x1a</size>
         <input_file_ref idref="fl-24"/>
      </object_component>
      <object_component id="oc-386">
         <name>.text:_xdc_runtime_System_avprintf__E</name>
         <load_address>0x303d41</load_address>
         <run_address>0x303d41</run_address>
         <size>0x1a</size>
         <input_file_ref idref="fl-32"/>
      </object_component>
      <object_component id="oc-2bb">
         <name>.text:_Init_i2c</name>
         <load_address>0x303d5b</load_address>
         <run_address>0x303d5b</run_address>
         <size>0x19</size>
         <input_file_ref idref="fl-14"/>
      </object_component>
      <object_component id="oc-2a2">
         <name>.text:_start_SPI</name>
         <load_address>0x303d74</load_address>
         <run_address>0x303d74</run_address>
         <size>0x19</size>
         <input_file_ref idref="fl-8"/>
      </object_component>
      <object_component id="oc-291">
         <name>.text:_ti_sysbios_gates_GateMutex_enter__E</name>
         <load_address>0x303d8d</load_address>
         <run_address>0x303d8d</run_address>
         <size>0x19</size>
         <input_file_ref idref="fl-24"/>
      </object_component>
      <object_component id="oc-2d7">
         <name>.text:_ti_sysbios_knl_Swi_restore__E</name>
         <load_address>0x303da6</load_address>
         <run_address>0x303da6</run_address>
         <size>0x19</size>
         <input_file_ref idref="fl-24"/>
      </object_component>
      <object_component id="oc-3a4">
         <name>.text:_xdc_runtime_System_putchar__I</name>
         <load_address>0x303dbf</load_address>
         <run_address>0x303dbf</run_address>
         <size>0x19</size>
         <input_file_ref idref="fl-32"/>
      </object_component>
      <object_component id="oc-387">
         <name>.text:_xdc_runtime_System_vprintf__E</name>
         <load_address>0x303dd8</load_address>
         <run_address>0x303dd8</run_address>
         <size>0x19</size>
         <input_file_ref idref="fl-32"/>
      </object_component>
      <object_component id="oc-24a">
         <name>.text</name>
         <load_address>0x303df1</load_address>
         <run_address>0x303df1</run_address>
         <size>0x19</size>
         <input_file_ref idref="fl-4e"/>
      </object_component>
      <object_component id="oc-2bc">
         <name>.text:_post_init</name>
         <load_address>0x303e0a</load_address>
         <run_address>0x303e0a</run_address>
         <size>0x18</size>
         <input_file_ref idref="fl-4"/>
      </object_component>
      <object_component id="oc-319">
         <name>.text:_ti_sysbios_family_xxx_Hwi_switchAndRunFunc</name>
         <load_address>0x303e22</load_address>
         <run_address>0x303e22</run_address>
         <size>0x18</size>
         <input_file_ref idref="fl-25"/>
      </object_component>
      <object_component id="oc-373">
         <name>.text:_xdc_runtime_LoggerBuf_reset__E</name>
         <load_address>0x303e3a</load_address>
         <run_address>0x303e3a</run_address>
         <size>0x18</size>
         <input_file_ref idref="fl-2f"/>
      </object_component>
      <object_component id="oc-398">
         <name>.text:_xdc_runtime_Text_printVisFxn__I</name>
         <load_address>0x303e52</load_address>
         <run_address>0x303e52</run_address>
         <size>0x18</size>
         <input_file_ref idref="fl-34"/>
      </object_component>
      <object_component id="oc-223">
         <name>.text</name>
         <load_address>0x303e6a</load_address>
         <run_address>0x303e6a</run_address>
         <size>0x18</size>
         <input_file_ref idref="fl-67"/>
      </object_component>
      <object_component id="oc-280">
         <name>.text:_ti_sysbios_family_c28_Timer_startup__E</name>
         <load_address>0x303e82</load_address>
         <run_address>0x303e82</run_address>
         <size>0x17</size>
         <input_file_ref idref="fl-24"/>
      </object_component>
      <object_component id="oc-259">
         <name>.text:_ti_sysbios_knl_Clock_doTick__I</name>
         <load_address>0x303e99</load_address>
         <run_address>0x303e99</run_address>
         <size>0x17</size>
         <input_file_ref idref="fl-1c"/>
      </object_component>
      <object_component id="oc-313">
         <name>.text:_ti_sysbios_knl_Semaphore_pendTimeout__I</name>
         <load_address>0x303eb0</load_address>
         <run_address>0x303eb0</run_address>
         <size>0x17</size>
         <input_file_ref idref="fl-24"/>
      </object_component>
      <object_component id="oc-315">
         <name>.text:_ti_sysbios_knl_Task_unblockI__E</name>
         <load_address>0x303ec7</load_address>
         <run_address>0x303ec7</run_address>
         <size>0x17</size>
         <input_file_ref idref="fl-24"/>
      </object_component>
      <object_component id="oc-35e">
         <name>.text:_xdc_runtime_LoggerBuf_Module_startup__E</name>
         <load_address>0x303ede</load_address>
         <run_address>0x303ede</run_address>
         <size>0x17</size>
         <input_file_ref idref="fl-2f"/>
      </object_component>
      <object_component id="oc-2ba">
         <name>.text:_InitI2CGpio</name>
         <load_address>0x303ef5</load_address>
         <run_address>0x303ef5</run_address>
         <size>0x16</size>
         <input_file_ref idref="fl-14"/>
      </object_component>
      <object_component id="oc-300">
         <name>.text:_clkg_delay_loop</name>
         <load_address>0x303f0b</load_address>
         <run_address>0x303f0b</run_address>
         <size>0x16</size>
         <input_file_ref idref="fl-f"/>
      </object_component>
      <object_component id="oc-2ff">
         <name>.text:_delay_loop</name>
         <load_address>0x303f21</load_address>
         <run_address>0x303f21</run_address>
         <size>0x16</size>
         <input_file_ref idref="fl-f"/>
      </object_component>
      <object_component id="oc-27d">
         <name>.text:_ti_sysbios_BIOS_atExitFunc__I</name>
         <load_address>0x303f37</load_address>
         <run_address>0x303f37</run_address>
         <size>0x16</size>
         <input_file_ref idref="fl-1c"/>
      </object_component>
      <object_component id="oc-363">
         <name>.text:_ti_sysbios_family_c28_Timer_Module_startup__E</name>
         <load_address>0x303f4d</load_address>
         <run_address>0x303f4d</run_address>
         <size>0x16</size>
         <input_file_ref idref="fl-24"/>
      </object_component>
      <object_component id="oc-2f0">
         <name>.text:_ti_sysbios_knl_Task_restore__E</name>
         <load_address>0x303f63</load_address>
         <run_address>0x303f63</run_address>
         <size>0x16</size>
         <input_file_ref idref="fl-24"/>
      </object_component>
      <object_component id="oc-35c">
         <name>.text:_xdc_runtime_SysMin_abort__E</name>
         <load_address>0x303f79</load_address>
         <run_address>0x303f79</run_address>
         <size>0x16</size>
         <input_file_ref idref="fl-33"/>
      </object_component>
      <object_component id="oc-252">
         <name>.text:_ti_sysbios_BIOS_startFunc__I</name>
         <load_address>0x303f8f</load_address>
         <run_address>0x303f8f</run_address>
         <size>0x15</size>
         <input_file_ref idref="fl-1c"/>
      </object_component>
      <object_component id="oc-365">
         <name>.text:_ti_sysbios_knl_Swi_Module_startup__E</name>
         <load_address>0x303fa4</load_address>
         <run_address>0x303fa4</run_address>
         <size>0x15</size>
         <input_file_ref idref="fl-24"/>
      </object_component>
      <object_component id="oc-2a1">
         <name>.text:_ti_sysbios_knl_Idle_run__E</name>
         <load_address>0x303fb9</load_address>
         <run_address>0x303fb9</run_address>
         <size>0x14</size>
         <input_file_ref idref="fl-24"/>
      </object_component>
[...]
         <name>_ti_catalog_c2800_init_Boot_disableWatchdog</name>
         <value>0x304066</value>
         <object_component_ref idref="oc-269"/>
      </symbol>
      <symbol id="sm-9ad">
         <name>_ti_catalog_c2800_init_Boot_defaultLimpAbortFunction</name>
         <value>0x3043c2</value>
         <object_component_ref idref="oc-2f6"/>
      </symbol>
      <symbol id="sm-9f1">
         <name>_xdc_runtime_Error_getSite__E</name>
         <value>0x3043cc</value>
         <object_component_ref idref="oc-36c"/>
      </symbol>
      <symbol id="sm-9f2">
         <name>_xdc_runtime_Error_print__E</name>
         <value>0x30351e</value>
         <object_component_ref idref="oc-35b"/>
      </symbol>
      <symbol id="sm-9f3">
         <name>_xdc_runtime_Error_policyDefault__E</name>
         <value>0x30213e</value>
         <object_component_ref idref="oc-2f5"/>
      </symbol>
      <symbol id="sm-9f4">
         <name>_xdc_runtime_Error_init__E</name>
         <value>0x30422a</value>
         <object_component_ref idref="oc-2e2"/>
      </symbol>
      <symbol id="sm-9f5">
         <name>_xdc_runtime_Error_raiseX__E</name>
         <value>0x303fe0</value>
         <object_component_ref idref="oc-268"/>
      </symbol>
      <symbol id="sm-9f6">
         <name>_xdc_runtime_Error_setX__E</name>
         <value>0x30354e</value>
         <object_component_ref idref="oc-31d"/>
      </symbol>
      <symbol id="sm-a04">
         <name>_xdc_runtime_Gate_leaveSystem__E</name>
         <value>0x304332</value>
         <object_component_ref idref="oc-2d1"/>
      </symbol>
      <symbol id="sm-a05">
         <name>_xdc_runtime_Gate_enterSystem__E</name>
         <value>0x30432c</value>
         <object_component_ref idref="oc-2bf"/>
      </symbol>
      <symbol id="sm-a4e">
         <name>_xdc_runtime_LoggerBuf_write0__E</name>
         <value>0x304136</value>
         <object_component_ref idref="oc-289"/>
      </symbol>
      <symbol id="sm-a4f">
         <name>_xdc_runtime_LoggerBuf_Module_startup__E</name>
         <value>0x303ede</value>
         <object_component_ref idref="oc-35e"/>
      </symbol>
      <symbol id="sm-a50">
         <name>_xdc_runtime_LoggerBuf_reset__E</name>
         <value>0x303e3a</value>
         <object_component_ref idref="oc-373"/>
      </symbol>
      <symbol id="sm-a51">
         <name>_xdc_runtime_LoggerBuf_write4__E</name>
         <value>0x3024c1</value>
         <object_component_ref idref="oc-28c"/>
      </symbol>
      <symbol id="sm-a52">
         <name>_xdc_runtime_LoggerBuf_getFilterLevel__E</name>
         <value>0x3031ee</value>
         <object_component_ref idref="oc-28f"/>
      </symbol>
      <symbol id="sm-a53">
         <name>_xdc_runtime_LoggerBuf_disable__E</name>
         <value>0x30434d</value>
         <object_component_ref idref="oc-288"/>
      </symbol>
      <symbol id="sm-a54">
         <name>_xdc_runtime_LoggerBuf_setFilterLevel__E</name>
         <value>0x303267</value>
         <object_component_ref idref="oc-28e"/>
      </symbol>
      <symbol id="sm-a55">
         <name>_xdc_runtime_LoggerBuf_write8__E</name>
         <value>0x301d92</value>
         <object_component_ref idref="oc-28d"/>
      </symbol>
      <symbol id="sm-a56">
         <name>_xdc_runtime_LoggerBuf_write2__E</name>
         <value>0x304084</value>
         <object_component_ref idref="oc-28b"/>
      </symbol>
      <symbol id="sm-a57">
         <name>_xdc_runtime_LoggerBuf_filterOutEvent__I</name>
         <value>0x303b76</value>
         <object_component_ref idref="oc-2dc"/>
      </symbol>
      <symbol id="sm-a58">
         <name>_xdc_runtime_LoggerBuf_write1__E</name>
         <value>0x304143</value>
         <object_component_ref idref="oc-28a"/>
      </symbol>
      <symbol id="sm-a59">
         <name>_xdc_runtime_LoggerBuf_enable__E</name>
         <value>0x304338</value>
         <object_component_ref idref="oc-287"/>
      </symbol>
      <symbol id="sm-a84">
         <name>_xdc_runtime_Startup_startMods__I</name>
         <value>0x3028e5</value>
         <object_component_ref idref="oc-2fa"/>
      </symbol>
      <symbol id="sm-a85">
         <name>_xdc_runtime_Startup_rtsDone__E</name>
         <value>0x304367</value>
         <object_component_ref idref="oc-27b"/>
      </symbol>
      <symbol id="sm-a86">
         <name>_xdc_runtime_Startup_exec__E</name>
         <value>0x3035dd</value>
         <object_component_ref idref="oc-248"/>
      </symbol>
      <symbol id="sm-b08">
         <name>_xdc_runtime_System_formatNum__I</name>
         <value>0x3032a3</value>
         <object_component_ref idref="oc-3a3"/>
      </symbol>
      <symbol id="sm-b09">
         <name>_xdc_runtime_System_exit__E</name>
         <value>0x304215</value>
         <object_component_ref idref="oc-24b"/>
      </symbol>
      <symbol id="sm-b0a">
         <name>_xdc_runtime_System_exitStd__E</name>
         <value>0x3043bf</value>
         <object_component_ref idref="oc-2c1"/>
      </symbol>
      <symbol id="sm-b0b">
         <name>_xdc_runtime_System_printf_va__F</name>
         <value>0x303dd8</value>
         <object_component_ref idref="oc-387"/>
      </symbol>
      <symbol id="sm-b0c">
         <name>_xdc_runtime_System_atexit__E</name>
         <value>0x303b37</value>
         <object_component_ref idref="oc-27e"/>
      </symbol>
      <symbol id="sm-b0d">
         <name>_xdc_runtime_System_abortStd__E</name>
         <value>0x3043bc</value>
         <object_component_ref idref="oc-35d"/>
      </symbol>
      <symbol id="sm-b0e">
         <name>_xdc_runtime_System_putchar__I</name>
         <value>0x303dbf</value>
         <object_component_ref idref="oc-3a4"/>
      </symbol>
      <symbol id="sm-b0f">
         <name>_xdc_runtime_System_snprintf_va__F</name>
         <value>0x304234</value>
         <object_component_ref idref="oc-399"/>
      </symbol>
      <symbol id="sm-b10">
         <name>_xdc_runtime_System_Module_startup__E</name>
         <value>0x3043ad</value>
         <object_component_ref idref="oc-35f"/>
      </symbol>
      <symbol id="sm-b11">
         <name>_xdc_runtime_System_avprintf__E</name>
         <value>0x303d41</value>
         <object_component_ref idref="oc-386"/>
      </symbol>
      <symbol id="sm-b12">
         <name>_xdc_runtime_System_vprintf__E</name>
         <value>0x303dd8</value>
         <object_component_ref idref="oc-387"/>
      </symbol>
      <symbol id="sm-b13">
         <name>_xdc_runtime_System_aprintf_va__F</name>
         <value>0x303d41</value>
         <object_component_ref idref="oc-386"/>
      </symbol>
      <symbol id="sm-b14">
         <name>_xdc_runtime_System_doPrint__I</name>
         <value>0x300eaa</value>
         <object_component_ref idref="oc-39b"/>
      </symbol>
      <symbol id="sm-b15">
         <name>_xdc_runtime_System_processAtExit__E</name>
         <value>0x303a71</value>
         <object_component_ref idref="oc-270"/>
      </symbol>
      <symbol id="sm-b16">
         <name>_xdc_runtime_System_vsnprintf__E</name>
         <value>0x304234</value>
         <object_component_ref idref="oc-399"/>
      </symbol>
      <symbol id="sm-b17">
         <name>_xdc_runtime_System_abort__E</name>
         <value>0x304150</value>
         <object_component_ref idref="oc-328"/>
      </symbol>
      <symbol id="sm-b36">
         <name>_xdc_runtime_SysMin_abort__E</name>
         <value>0x303f79</value>
         <object_component_ref idref="oc-35c"/>
      </symbol>
      <symbol id="sm-b37">
         <name>_xdc_runtime_SysMin_ready__E</name>
         <value>0x3042dc</value>
         <object_component_ref idref="oc-3a1"/>
      </symbol>
      <symbol id="sm-b38">
         <name>_xdc_runtime_SysMin_flush__E</name>
         <value>0x303971</value>
         <object_component_ref idref="oc-331"/>
      </symbol>
      <symbol id="sm-b39">
         <name>_xdc_runtime_SysMin_Module_startup__E</name>
         <value>0x304056</value>
         <object_component_ref idref="oc-360"/>
      </symbol>
      <symbol id="sm-b3a">
         <name>_xdc_runtime_SysMin_putch__E</name>
         <value>0x303bd2</value>
         <object_component_ref idref="oc-370"/>
      </symbol>
      <symbol id="sm-b3b">
         <name>_xdc_runtime_SysMin_exit__E</name>
         <value>0x30420a</value>
         <object_component_ref idref="oc-304"/>
      </symbol>
      <symbol id="sm-b7d">
         <name>_xdc_runtime_Text_putLab__E</name>
         <value>0x302f3f</value>
         <object_component_ref idref="oc-3b1"/>
      </symbol>
      <symbol id="sm-b7e">
         <name>_xdc_runtime_Text_printVisFxn__I</name>
         <value>0x303e52</value>
         <object_component_ref idref="oc-398"/>
      </symbol>
      <symbol id="sm-b7f">
         <name>_xdc_runtime_Text_putMod__E</name>
         <value>0x303171</value>
         <object_component_ref idref="oc-384"/>
      </symbol>
      <symbol id="sm-b80">
         <name>_xdc_runtime_Text_xprintf__I</name>
         <value>0x3038fc</value>
         <object_component_ref idref="oc-385"/>
      </symbol>
      <symbol id="sm-b81">
         <name>_xdc_runtime_Text_visitRope2__I</name>
         <value>0x30348a</value>
         <object_component_ref idref="oc-3ab"/>
      </symbol>
      <symbol id="sm-b82">
         <name>_xdc_runtime_Text_ropeText__E</name>
         <value>0x30423e</value>
         <object_component_ref idref="oc-346"/>
      </symbol>
      <symbol id="sm-b83">
         <name>_xdc_runtime_Text_putSite__E</name>
         <value>0x302aab</value>
         <object_component_ref idref="oc-36d"/>
      </symbol>
      <symbol id="sm-b8f">
         <name>___xdc__init</name>
         <value>0x30436b</value>
         <object_component_ref idref="oc-24c"/>
      </symbol>
      <symbol id="sm-bbc">
         <name>_xdc_runtime_Registry_findById__E</name>
         <value>0x304093</value>
         <object_component_ref idref="oc-396"/>
      </symbol>
      <symbol id="sm-bd7">
         <name>_c_int00</name>
         <value>0x302b16</value>
         <object_component_ref idref="oc-49"/>
      </symbol>
      <symbol id="sm-bd8">
         <name>__stack</name>
         <value>0x98ec</value>
         <object_component_ref idref="oc-16f"/>
      </symbol>
      <symbol id="sm-be9">
         <name>FS$$DIV</name>
         <value>0x3025d7</value>
         <object_component_ref idref="oc-174"/>
      </symbol>
      <symbol id="sm-c15">
         <name>ULL$$MOD</name>
         <value>0x301a66</value>
         <object_component_ref idref="oc-179"/>
      </symbol>
      <symbol id="sm-c16">
         <name>ULL$$DIV</name>
         <value>0x301a37</value>
         <object_component_ref idref="oc-179"/>
      </symbol>
      <symbol id="sm-c17">
         <name>LL$$MOD</name>
         <value>0x3019fd</value>
         <object_component_ref idref="oc-179"/>
      </symbol>
      <symbol id="sm-c18">
         <name>LL$$DIV</name>
         <value>0x3019c1</value>
         <object_component_ref idref="oc-179"/>
      </symbol>
      <symbol id="sm-c24">
         <name>UL$$MOD</name>
         <value>0x3038a4</value>
         <object_component_ref idref="oc-17e"/>
      </symbol>
      <symbol id="sm-c25">
         <name>L$$MOD</name>
         <value>0x30388f</value>
         <object_component_ref idref="oc-17e"/>
      </symbol>
      <symbol id="sm-c26">
         <name>L$$DIV</name>
         <value>0x303880</value>
         <object_component_ref idref="oc-17e"/>
      </symbol>
      <symbol id="sm-c27">
         <name>UL$$DIV</name>
         <value>0x30389d</value>
         <object_component_ref idref="oc-17e"/>
      </symbol>
      <symbol id="sm-c36">
         <name>_copy_in</name>
         <value>0x303a29</value>
         <object_component_ref idref="oc-247"/>
      </symbol>
      <symbol id="sm-c47">
         <name>_memcpy</name>
         <value>0x303c0e</value>
         <object_component_ref idref="oc-26b"/>
      </symbol>
      <symbol id="sm-c53">
         <name>__system_pre_init</name>
         <value>0x3043ce</value>
         <object_component_ref idref="oc-245"/>
      </symbol>
      <symbol id="sm-c5f">
         <name>__system_post_cinit</name>
         <value>0x3043d3</value>
         <object_component_ref idref="oc-249"/>
      </symbol>
      <symbol id="sm-c73">
         <name>C$$EXIT</name>
         <value>0x3038d3</value>
         <object_component_ref idref="oc-305"/>
      </symbol>
      <symbol id="sm-c74">
         <name>_exit</name>
         <value>0x3038d5</value>
         <object_component_ref idref="oc-305"/>
      </symbol>
      <symbol id="sm-c75">
         <name>___TI_cleanup_ptr</name>
         <value>0x8d3c</value>
         <object_component_ref idref="oc-199"/>
      </symbol>
      <symbol id="sm-c76">
         <name>___TI_enable_exit_profile_output</name>
         <value>0x8d3a</value>
         <object_component_ref idref="oc-199"/>
      </symbol>
      <symbol id="sm-c77">
         <name>_abort</name>
         <value>0x3038d3</value>
         <object_component_ref idref="oc-305"/>
      </symbol>
      <symbol id="sm-c78">
         <name>___TI_dtors_ptr</name>
         <value>0x8d3e</value>
         <object_component_ref idref="oc-199"/>
      </symbol>
      <symbol id="sm-c8c">
         <name>__unlock</name>
         <value>0x97fe</value>
         <object_component_ref idref="oc-306"/>
      </symbol>
      <symbol id="sm-c8d">
         <name>__lock</name>
         <value>0x97fc</value>
         <object_component_ref idref="oc-307"/>
      </symbol>
      <symbol id="sm-c8e">
         <name>__register_lock</name>
         <value>0x3042a6</value>
         <object_component_ref idref="oc-2cd"/>
      </symbol>
      <symbol id="sm-c8f">
         <name>__nop</name>
         <value>0x3042aa</value>
         <object_component_ref idref="oc-2cd"/>
      </symbol>
      <symbol id="sm-c90">
         <name>__register_unlock</name>
         <value>0x3042a2</value>
         <object_component_ref idref="oc-2cd"/>
      </symbol>
      <symbol id="sm-c9f">
         <name>__args_main</name>
         <value>0x303df1</value>
         <object_component_ref idref="oc-24a"/>
      </symbol>
      <symbol id="sm-cad">
         <name>_memset</name>
         <value>0x30419a</value>
         <object_component_ref idref="oc-355"/>
      </symbol>
      <symbol id="sm-cc3">
         <name>_strlen</name>
         <value>0x3042e4</value>
         <object_component_ref idref="oc-317"/>
      </symbol>
      <symbol id="sm-cd0">
         <name>_HOSTwrite</name>
         <value>0x303319</value>
         <object_component_ref idref="oc-383"/>
      </symbol>
      <symbol id="sm-ce9">
         <name>___TI_readmsg</name>
         <value>0x30236a</value>
         <object_component_ref idref="oc-393"/>
      </symbol>
      <symbol id="sm-cea">
         <name>C$$IO$$</name>
         <value>0x302365</value>
         <object_component_ref idref="oc-393"/>
      </symbol>
      <symbol id="sm-ceb">
         <name>__CIOBUF_</name>
         <value>0xa680</value>
         <object_component_ref idref="oc-1bd"/>
      </symbol>
      <symbol id="sm-cec">
         <name>___TI_writemsg</name>
         <value>0x302312</value>
         <object_component_ref idref="oc-393"/>
      </symbol>
      <symbol id="sm-cfa">
         <name>_vsprintf</name>
         <value>0x30357e</value>
         <object_component_ref idref="oc-316"/>
      </symbol>
      <symbol id="sm-e26">
         <name>___TI_printfi</name>
         <value>0x300ae2</value>
         <object_component_ref idref="oc-342"/>
      </symbol>
      <symbol id="sm-e3a">
         <name>_atoi</name>
         <value>0x3034ed</value>
         <object_component_ref idref="oc-350"/>
      </symbol>
      <symbol id="sm-e42">
         <name>__ctypes_</name>
         <value>0x305b5d</value>
         <object_component_ref idref="oc-36a"/>
      </symbol>
      <symbol id="sm-e50">
         <name>_ltoa</name>
         <value>0x303720</value>
         <object_component_ref idref="oc-351"/>
      </symbol>
      <symbol id="sm-e5f">
         <name>_memccpy</name>
         <value>0x30415d</value>
         <object_component_ref idref="oc-357"/>
      </symbol>
      <symbol id="sm-e6e">
         <name>_strchr</name>
         <value>0x3041a6</value>
         <object_component_ref idref="oc-354"/>
      </symbol>
      <symbol id="sm-e7b">
         <name>_strcpy</name>
         <value>0x304352</value>
         <object_component_ref idref="oc-356"/>
      </symbol>
      <symbol id="sm-e87">
         <name>_parmbuf</name>
         <value>0x8d32</value>
         <object_component_ref idref="oc-1ea"/>
      </symbol>
      <symbol id="sm-e9a">
         <name>_frexpl</name>
         <value>0x302d00</value>
         <object_component_ref idref="oc-352"/>
      </symbol>
      <symbol id="sm-eb7">
         <name>_scalbnl</name>
         <value>0x301f24</value>
         <object_component_ref idref="oc-353"/>
      </symbol>
      <symbol id="sm-eb8">
         <name>_ldexpl</name>
         <value>0x301f24</value>
         <object_component_ref idref="oc-353"/>
      </symbol>
      <symbol id="sm-ed3">
         <name>FD$$ADD</name>
         <value>0x3021da</value>
         <object_component_ref idref="oc-1fb"/>
      </symbol>
      <symbol id="sm-ee3">
         <name>FD$$CMP</name>
         <value>0x303856</value>
         <object_component_ref idref="oc-200"/>
      </symbol>
      <symbol id="sm-efa">
         <name>FD$$DIV</name>
         <value>0x30254c</value>
         <object_component_ref idref="oc-205"/>
      </symbol>
      <symbol id="sm-f0c">
         <name>FD$$MPY</name>
         <value>0x3026e6</value>
         <object_component_ref idref="oc-20a"/>
      </symbol>
      <symbol id="sm-f19">
         <name>FD$$NEG</name>
         <value>0x3042ab</value>
         <object_component_ref idref="oc-20f"/>
      </symbol>
      <symbol id="sm-f25">
         <name>FD$$SUB</name>
         <value>0x3040da</value>
         <object_component_ref idref="oc-214"/>
      </symbol>
      <symbol id="sm-f34">
         <name>FD$$TOI</name>
         <value>0x303ad6</value>
         <object_component_ref idref="oc-219"/>
      </symbol>
      <symbol id="sm-f43">
         <name>FD$$TOL</name>
         <value>0x303b95</value>
         <object_component_ref idref="oc-21e"/>
      </symbol>
      <symbol id="sm-f4f">
         <name>LL$$AND</name>
         <value>0x303e6a</value>
         <object_component_ref idref="oc-223"/>
      </symbol>
      <symbol id="sm-f50">
         <name>LL$$OR</name>
         <value>0x303e72</value>
         <object_component_ref idref="oc-223"/>
      </symbol>
      <symbol id="sm-f51">
         <name>LL$$XOR</name>
         <value>0x303e7a</value>
         <object_component_ref idref="oc-223"/>
      </symbol>
      <symbol id="sm-f5f">
         <name>ULL$$CMP</name>
         <value>0x303c02</value>
         <object_component_ref idref="oc-228"/>
      </symbol>
      <symbol id="sm-f60">
         <name>LL$$CMP</name>
         <value>0x303bf0</value>
         <object_component_ref idref="oc-228"/>
      </symbol>
      <symbol id="sm-f70">
         <name>I$$TOFD</name>
         <value>0x303c49</value>
         <object_component_ref idref="oc-22d"/>
      </symbol>
      <symbol id="sm-f80">
         <name>L$$TOFD</name>
         <value>0x303cba</value>
         <object_component_ref idref="oc-232"/>
      </symbol>
      <symbol id="sm-f90">
         <name>FS$$TOFD</name>
         <value>0x303c9e</value>
         <object_component_ref idref="oc-237"/>
      </symbol>
      <symbol id="sm-f9a">
         <name>_errno</name>
         <value>0x8d03</value>
         <object_component_ref idref="oc-23e"/>
      </symbol>
      <symbol id="sm-fa7">
         <name>_copysignl</name>
         <value>0x303a4d</value>
         <object_component_ref idref="oc-36b"/>
      </symbol>
   </symbol_table>
   <title>Link successful</title>
</link_info>
