******************************************************************************
             TMS320C2000 Linker PC v17.6.0                     
******************************************************************************
>> Linked Thu Feb  1 12:44:04 2018

OUTPUT FILE NAME:   <sysbiosLab6F28335.out>
ENTRY POINT SYMBOL: "_c_int00"  address: 00302b16


MEMORY CONFIGURATION

         name            origin    length      used     unused   attr    fill
----------------------  --------  ---------  --------  --------  ----  --------
PAGE 0:
  FLASH                 00300000   0003ff80  00006882  000396fe  RWIX
  CSM_RSVD              0033ff80   00000076  00000076  00000000  RWIX
  BEGIN                 0033fff6   00000002  00000002  00000000  RWIX
  CSM_PWL               0033fff8   00000008  00000008  00000000  RWIX
  ADC_CAL               00380080   00000009  00000007  00000002  RWIX
  OTP                   00380400   00000400  00000000  00000400  RWIX
  IQTABLES              003fe000   00000b50  00000000  00000b50  RWIX
  IQTABLES2             003feb50   0000008c  00000000  0000008c  RWIX
  FPUTABLES             003febdc   000006a0  00000000  000006a0  RWIX
  ROM                   003ff27c   00000d44  00000000  00000d44  RWIX
  RESET                 003fffc0   00000002  00000000  00000002  RWIX
  VECTORS               003fffc2   0000003e  00000000  0000003e  RWIX

PAGE 1:
  M01SARAM              00000000   00000800  00000000  00000800  RWIX
  DEV_EMU               00000880   00000180  000000d0  000000b0  RWIX
  FLASH_REGS            00000a80   00000060  00000008  00000058  RWIX
  CSM                   00000ae0   00000010  00000010  00000000  RWIX
  ADC_MIRROR            00000b00   00000010  00000010  00000000  RWIX
  XINTF                 00000b20   00000020  0000001e  00000002  RWIX
  CPU_TIMER0            00000c00   00000008  00000008  00000000  RWIX
  CPU_TIMER1            00000c08   00000008  00000008  00000000  RWIX
  CPU_TIMER2            00000c10   00000008  00000008  00000000  RWIX
  PIE_CTRL              00000ce0   00000020  0000001a  00000006  RWIX
  PIEVECT               00000d00   00000100  00000000  00000100  RWIX
  DMA                   00001000   00000200  000000e0  00000120  RWIX
  MCBSPA                00005000   00000040  00000025  0000001b  RWIX
  MCBSPB                00005040   00000040  00000025  0000001b  RWIX
  ECANA                 00006000   00000040  00000034  0000000c  RWIX
  ECANA_LAM             00006040   00000040  00000040  00000000  RWIX
  ECANA_MOTS            00006080   00000040  00000040  00000000  RWIX
  ECANA_MOTO            000060c0   00000040  00000040  00000000  RWIX
  ECANA_MBOX            00006100   00000100  00000100  00000000  RWIX
  ECANB                 00006200   00000040  00000034  0000000c  RWIX
  ECANB_LAM             00006240   00000040  00000040  00000000  RWIX
  ECANB_MOTS            00006280   00000040  00000040  00000000  RWIX
  ECANB_MOTO            000062c0   00000040  00000040  00000000  RWIX
  ECANB_MBOX            00006300   00000100  00000100  00000000  RWIX
  EPWM1                 00006800   00000022  00000022  00000000  RWIX
  EPWM2                 00006840   00000022  00000022  00000000  RWIX
  EPWM3                 00006880   00000022  00000022  00000000  RWIX
  EPWM4                 000068c0   00000022  00000022  00000000  RWIX
  EPWM5                 00006900   00000022  00000022  00000000  RWIX
  EPWM6                 00006940   00000022  00000022  00000000  RWIX
  ECAP1                 00006a00   00000020  00000020  00000000  RWIX
  ECAP2                 00006a20   00000020  00000020  00000000  RWIX
  ECAP3                 00006a40   00000020  00000020  00000000  RWIX
  ECAP4                 00006a60   00000020  00000020  00000000  RWIX
  ECAP5                 00006a80   00000020  00000020  00000000  RWIX
  ECAP6                 00006aa0   00000020  00000020  00000000  RWIX
  EQEP1                 00006b00   00000040  00000040  00000000  RWIX
  EQEP2                 00006b40   00000040  00000040  00000000  RWIX
  GPIOCTRL              00006f80   00000040  0000002e  00000012  RWIX
  GPIODAT               00006fc0   00000020  00000020  00000000  RWIX
  GPIOINT               00006fe0   00000020  0000000a  00000016  RWIX
  SYSTEM                00007010   00000020  00000020  00000000  RWIX
  SPIA                  00007040   00000010  00000010  00000000  RWIX
  SCIA                  00007050   00000010  00000010  00000000  RWIX
  XINTRUPT              00007070   00000010  00000010  00000000  RWIX
  ADC                   00007100   00000020  0000001e  00000002  RWIX
  SCIB                  00007750   00000010  00000010  00000000  RWIX
  SCIC                  00007770   00000010  00000010  00000000  RWIX
  I2CA                  00007900   00000040  00000022  0000001e  RWIX
  L07SARAM              00008000   00007e00  00002776  0000568a  RWIX
  MEM_forDMA            0000fe00   00000200  0000008e  00000172  RWIX
  CSM_PWL               003f7ff8   00000008  00000008  00000000  RWIX


SECTION ALLOCATION MAP

 output                                  attributes/
section   page    origin      length       input sections
--------  ----  ----------  ----------   ----------------
PieVectTableFile 
*          1    00000d00    00000100     DSECT
                  00000d00    00000100     DSP2833x_GlobalVariableDefs.obj (PieVectTableFile)

.econst    0    003043d4    00001d2b     
                  003043d4    00001789     sysbiosLab6F28335_p28FP.o28FP (.econst:xdc_runtime_Text_charTab__A)
                  00305b5d    00000101     rts2800_fpu32.lib : ctype.obj (.econst:.string:__ctypes_)
                  00305c5e    00000100     sysbiosLab6F28335_p28FP.o28FP (.econst:_ti_sysbios_family_c28_Hwi_vectors)
                  00305d5e    00000086     sysbiosLab6F28335_p28FP.o28FP (.econst:.string)
                  00305de4    00000058     ti.targets.rts2800.a28FP : Error.o28FP (.econst:.string)
                  00305e3c    00000052     sysbiosLab6F28335_p28FP.o28FP (.econst:xdc_runtime_Text_nodeTab__A)
                  00305e8e    00000047     ti.targets.rts2800.a28FP : Log.o28FP (.econst:.string)
                  00305ed5    00000001     sysbiosLab6F28335_p28FP.o28FP (.econst:ti_sysbios_family_c28_Hwi_Module__id__C)
                  00305ed6    00000043     ti.targets.rts2800.a28FP : Text.o28FP (.econst:.string)
                  00305f19    00000001     sysbiosLab6F28335_p28FP.o28FP (.econst:ti_sysbios_family_c28_Hwi_NUM_INTERRUPTS_ALL__C)
                  00305f1a    0000002e     user_sysbiosLab6F28335.obj (.econst:.string)
                  00305f48    0000002a     ti.targets.rts2800.a28FP : Startup.o28FP (.econst:.string)
                  00305f72    00000026     rts2800_fpu32.lib : _printfi.obj (.econst:.string)
                  00305f98    0000001e     sysbiosLab6F28335_p28FP.o28FP (.econst:xdc_runtime_LoggerBuf_Module__FXNS__C)
                  00305fb6    0000001c     rts2800_fpu32.lib : _printfi.obj (.econst)
                  00305fd2    0000001c                       : s_scalbn.obj (.econst)
                  00305fee    0000001a     sysbiosLab6F28335_p28FP.o28FP (.econst)
                  00306008    00000019     ti.targets.rts2800.a28FP : System.o28FP (.econst:.string)
                  00306021    00000001     sysbiosLab6F28335_p28FP.o28FP (.econst:ti_sysbios_family_c28_Hwi_Object__count__C)
                  00306022    00000014     sysbiosLab6F28335_p28FP.o28FP (.econst:ti_sysbios_heaps_HeapMem_Module__FXNS__C)
                  00306036    00000014     sysbiosLab6F28335_p28FP.o28FP (.econst:xdc_runtime_Startup_sfxnTab__A)
                  0030604a    00000012     sysbiosLab6F28335_p28FP.o28FP (.econst:ti_sysbios_gates_GateHwi_Module__FXNS__C)
                  0030605c    00000012     sysbiosLab6F28335_p28FP.o28FP (.econst:ti_sysbios_gates_GateMutex_Module__FXNS__C)
                  0030606e    0000000a     sysbiosLab6F28335_p28FP.o28FP (.econst:xdc_runtime_Startup_sfxnRts__A)
                  00306078    00000008     rts2800_fpu32.lib : s_frexp.obj (.econst)
                  00306080    00000005     ti.targets.rts2800.a28FP : Assert.o28FP (.econst:.string)
                  00306085    00000001     sysbiosLab6F28335_p28FP.o28FP (.econst:ti_sysbios_family_c28_TaskSupport_Module__id__C)
                  00306086    00000004     sysbiosLab6F28335_p28FP.o28FP (.econst:ti_sysbios_knl_Idle_funcList__C)
                  0030608a    00000004     sysbiosLab6F28335_p28FP.o28FP (.econst:xdc_runtime_Startup_firstFxns__A)
                  0030608e    00000004     sysbiosLab6F28335_p28FP.o28FP (.econst:xdc_runtime_Startup_firstFxns__C)
                  00306092    00000004     sysbiosLab6F28335_p28FP.o28FP (.econst:xdc_runtime_Startup_lastFxns__C)
                  00306096    00000002     sysbiosLab6F28335_p28FP.o28FP (.econst:ti_sysbios_family_c28_Hwi_E_unpluggedInterrupt__C)
                  00306098    00000002     sysbiosLab6F28335_p28FP.o28FP (.econst:ti_sysbios_family_c28_TaskSupport_E_invalidStack__C)
                  0030609a    00000002     sysbiosLab6F28335_p28FP.o28FP (.econst:ti_sysbios_gates_GateMutex_Instance_State_sem__O)
                  0030609c    00000002     sysbiosLab6F28335_p28FP.o28FP (.econst:ti_sysbios_hal_Hwi_E_stackOverflow__C)
                  0030609e    00000002     sysbiosLab6F28335_p28FP.o28FP (.econst:ti_sysbios_heaps_HeapMem_E_memory__C)
                  003060a0    00000002     sysbiosLab6F28335_p28FP.o28FP (.econst:ti_sysbios_heaps_HeapMem_Module__gateObj__C)
                  003060a2    00000002     sysbiosLab6F28335_p28FP.o28FP (.econst:ti_sysbios_knl_Clock_Module_State_clockQ__O)
                  003060a4    00000002     sysbiosLab6F28335_p28FP.o28FP (.econst:ti_sysbios_knl_Idle_funcList__A)
                  003060a6    00000002     sysbiosLab6F28335_p28FP.o28FP (.econst:ti_sysbios_knl_Semaphore_Instance_State_pendQ__O)
                  003060a8    00000002     sysbiosLab6F28335_p28FP.o28FP (.econst:ti_sysbios_knl_Task_E_spOutOfBounds__C)
                  003060aa    00000002     sysbiosLab6F28335_p28FP.o28FP (.econst:ti_sysbios_knl_Task_E_stackOverflow__C)
                  003060ac    00000002     sysbiosLab6F28335_p28FP.o28FP (.econst:ti_sysbios_knl_Task_Module_State_inactiveQ__O)
                  003060ae    00000002     sysbiosLab6F28335_p28FP.o28FP (.econst:ti_sysbios_knl_Task_allBlockedFunc__C)
                  003060b0    00000002     sysbiosLab6F28335_p28FP.o28FP (.econst:xdc_runtime_Error_Module__diagsEnabled__C)
                  003060b2    00000002     sysbiosLab6F28335_p28FP.o28FP (.econst:xdc_runtime_Error_Module__diagsIncluded__C)
                  003060b4    00000002     sysbiosLab6F28335_p28FP.o28FP (.econst:xdc_runtime_Error_Module__diagsMask__C)
                  003060b6    00000002     sysbiosLab6F28335_p28FP.o28FP (.econst:xdc_runtime_Error_Module__loggerFxn8__C)
                  003060b8    00000002     sysbiosLab6F28335_p28FP.o28FP (.econst:xdc_runtime_Error_Module__loggerObj__C)
                  003060ba    00000002     sysbiosLab6F28335_p28FP.o28FP (.econst:xdc_runtime_Error_policyFxn__C)
                  003060bc    00000002     sysbiosLab6F28335_p28FP.o28FP (.econst:xdc_runtime_Error_raiseHook__C)
                  003060be    00000002     sysbiosLab6F28335_p28FP.o28FP (.econst:xdc_runtime_IFilterLogger_Interface__BASE__C)
                  003060c0    00000002     sysbiosLab6F28335_p28FP.o28FP (.econst:xdc_runtime_IGateProvider_Interface__BASE__C)
                  003060c2    00000002     sysbiosLab6F28335_p28FP.o28FP (.econst:xdc_runtime_IHeap_Interface__BASE__C)
                  003060c4    00000002     sysbiosLab6F28335_p28FP.o28FP (.econst:xdc_runtime_ILogger_Interface__BASE__C)
                  003060c6    00000002     sysbiosLab6F28335_p28FP.o28FP (.econst:xdc_runtime_IModule_Interface__BASE__C)
                  003060c8    00000002     sysbiosLab6F28335_p28FP.o28FP (.econst:xdc_runtime_Log_L_error__C)
                  003060ca    00000002     sysbiosLab6F28335_p28FP.o28FP (.econst:xdc_runtime_LoggerBuf_E_badLevel__C)
                  003060cc    00000002     sysbiosLab6F28335_p28FP.o28FP (.econst:xdc_runtime_LoggerBuf_Module__gateObj__C)
                  003060ce    00000002     sysbiosLab6F28335_p28FP.o28FP (.econst:xdc_runtime_LoggerBuf_statusLogger__C)
                  003060d0    00000002     sysbiosLab6F28335_p28FP.o28FP (.econst:xdc_runtime_Startup_execImpl__C)
                  003060d2    00000002     sysbiosLab6F28335_p28FP.o28FP (.econst:xdc_runtime_Startup_lastFxns__A)
                  003060d4    00000002     sysbiosLab6F28335_p28FP.o28FP (.econst:xdc_runtime_Startup_sfxnRts__C)
                  003060d6    00000002     sysbiosLab6F28335_p28FP.o28FP (.econst:xdc_runtime_Startup_sfxnTab__C)
                  003060d8    00000002     sysbiosLab6F28335_p28FP.o28FP (.econst:xdc_runtime_SysMin_bufSize__C)
                  003060da    00000002     sysbiosLab6F28335_p28FP.o28FP (.econst:xdc_runtime_SysMin_outputFunc__C)
                  003060dc    00000002     sysbiosLab6F28335_p28FP.o28FP (.econst:xdc_runtime_System_Module__gateObj__C)
                  003060de    00000002     sysbiosLab6F28335_p28FP.o28FP (.econst:xdc_runtime_System_abortFxn__C)
                  003060e0    00000002     sysbiosLab6F28335_p28FP.o28FP (.econst:xdc_runtime_System_exitFxn__C)
                  003060e2    00000002     sysbiosLab6F28335_p28FP.o28FP (.econst:xdc_runtime_System_extendFxn__C)
                  003060e4    00000002     sysbiosLab6F28335_p28FP.o28FP (.econst:xdc_runtime_Text_charTab__C)
                  003060e6    00000002     sysbiosLab6F28335_p28FP.o28FP (.econst:xdc_runtime_Text_nodeTab__C)
                  003060e8    00000002     sysbiosLab6F28335_p28FP.o28FP (.econst:xdc_runtime_Text_visitRopeFxn__C)
                  003060ea    00000001     sysbiosLab6F28335_p28FP.o28FP (.econst:ti_sysbios_family_c28_Timer_startupNeeded__C)
                  003060eb    00000001     sysbiosLab6F28335_p28FP.o28FP (.econst:ti_sysbios_family_c28_TimestampProvider_useClockTimer__C)
                  003060ec    00000001     sysbiosLab6F28335_p28FP.o28FP (.econst:ti_sysbios_hal_Hwi_Module__id__C)
                  003060ed    00000001     sysbiosLab6F28335_p28FP.o28FP (.econst:ti_sysbios_heaps_HeapMem_Module__id__C)
                  003060ee    00000001     sysbiosLab6F28335_p28FP.o28FP (.econst:ti_sysbios_heaps_HeapMem_Object__count__C)
                  003060ef    00000001     sysbiosLab6F28335_p28FP.o28FP (.econst:ti_sysbios_knl_Swi_Object__count__C)
                  003060f0    00000001     sysbiosLab6F28335_p28FP.o28FP (.econst:ti_sysbios_knl_Task_Module__id__C)
                  003060f1    00000001     sysbiosLab6F28335_p28FP.o28FP (.econst:ti_sysbios_knl_Task_Object__count__C)
                  003060f2    00000001     sysbiosLab6F28335_p28FP.o28FP (.econst:ti_sysbios_knl_Task_numConstructedTasks__C)
                  003060f3    00000001     sysbiosLab6F28335_p28FP.o28FP (.econst:xdc_runtime_Error_Module__loggerDefined__C)
                  003060f4    00000001     sysbiosLab6F28335_p28FP.o28FP (.econst:xdc_runtime_Error_maxDepth__C)
                  003060f5    00000001     sysbiosLab6F28335_p28FP.o28FP (.econst:xdc_runtime_Error_policy__C)
                  003060f6    00000001     sysbiosLab6F28335_p28FP.o28FP (.econst:xdc_runtime_LoggerBuf_Module__id__C)
                  003060f7    00000001     sysbiosLab6F28335_p28FP.o28FP (.econst:xdc_runtime_LoggerBuf_Object__count__C)
                  003060f8    00000001     sysbiosLab6F28335_p28FP.o28FP (.econst:xdc_runtime_LoggerBuf_filterByLevel__C)
                  003060f9    00000001     sysbiosLab6F28335_p28FP.o28FP (.econst:xdc_runtime_Startup_maxPasses__C)
                  003060fa    00000001     sysbiosLab6F28335_p28FP.o28FP (.econst:xdc_runtime_SysMin_flushAtExit__C)
                  003060fb    00000001     sysbiosLab6F28335_p28FP.o28FP (.econst:xdc_runtime_System_maxAtexitHandlers__C)
                  003060fc    00000001     sysbiosLab6F28335_p28FP.o28FP (.econst:xdc_runtime_Text_isLoaded__C)
                  003060fd    00000001     sysbiosLab6F28335_p28FP.o28FP (.econst:xdc_runtime_Text_registryModsLastId__C)
                  003060fe    00000001     sysbiosLab6F28335_p28FP.o28FP (.econst:xdc_runtime_Text_unnamedModsLastId__C)

ramfuncs   0    003060ff    0000016a     RUN ADDR = 0000a4ec
                  003060ff    0000003f     28335_serial.obj (ramfuncs:_TXAINT_data_sent)
                  0030613e    0000003f     28335_serial.obj (ramfuncs:_TXBINT_data_sent)
                  0030617d    0000003f     28335_serial.obj (ramfuncs:_TXCINT_data_sent)
                  003061bc    00000025     28335_serial.obj (ramfuncs:_buf_write_1)
                  003061e1    00000023     28335_serial.obj (ramfuncs:_buf_remove)
                  00306204    0000001f     28335_serial.obj (ramfuncs:_buf_read_1)
                  00306223    0000001b     DSP2833x_SysCtrl.obj (ramfuncs:_InitFlash)
                  0030623e    0000000d     28335_serial.obj (ramfuncs:_RXAINT_recv_ready)
                  0030624b    0000000d     28335_serial.obj (ramfuncs:_RXBINT_recv_ready)
                  00306258    0000000d     28335_serial.obj (ramfuncs:_RXCINT_recv_ready)
                  00306265    00000004     DSP2833x_usDelay.obj (ramfuncs)

.cinit     0    00306269    000005fd     
                  00306269    00000426     sysbiosLab6F28335_p28FP.o28FP (.cinit)
                  0030668f    000000bc     user_sysbiosLab6F28335.obj (.cinit)
                  0030674b    00000073     user_PIFuncs.obj (.cinit)
                  003067be    0000003c     28335_mcbsp.obj (.cinit)
                  003067fa    00000024     28335_spi.obj (.cinit)
                  0030681e    00000011     i2c.obj (.cinit)
                  0030682f    0000000e     rts2800_fpu32.lib : exit.obj (.cinit)
                  0030683d    0000000c     28335_pwm.obj (.cinit)
                  00306849    00000008     28335_inits.obj (.cinit)
                  00306851    00000005     rts2800_fpu32.lib : _lock.obj (.cinit:__lock)
                  00306856    00000005                       : _lock.obj (.cinit:__unlock)
                  0030685b    00000005     lcd.obj (.cinit)
                  00306860    00000004     rts2800_fpu32.lib : errno.obj (.cinit)
                  00306864    00000002     --HOLE-- [fill = 0]

.switch    0    00306866    0000001c     
                  00306866    0000001c     sysbios.a28FP : BIOS.obj (.switch:_ti_sysbios_family_c28_Hwi_clearInterrupt__E)

csm_rsvd   0    0033ff80    00000076     
                  0033ff80    00000076     DSP2833x_CSMPasswords.obj (csm_rsvd)

DevEmuRegsFile 
*          1    00000880    000000d0     UNINITIALIZED
                  00000880    000000d0     DSP2833x_GlobalVariableDefs.obj (DevEmuRegsFile)

FlashRegsFile 
*          1    00000a80    00000008     UNINITIALIZED
                  00000a80    00000008     DSP2833x_GlobalVariableDefs.obj (FlashRegsFile)

CsmRegsFile 
*          1    00000ae0    00000010     UNINITIALIZED
                  00000ae0    00000010     DSP2833x_GlobalVariableDefs.obj (CsmRegsFile)

AdcMirrorFile 
*          1    00000b00    00000010     UNINITIALIZED
                  00000b00    00000010     DSP2833x_GlobalVariableDefs.obj (AdcMirrorFile)

XintfRegsFile 
*          1    00000b20    0000001e     UNINITIALIZED
                  00000b20    0000001e     DSP2833x_GlobalVariableDefs.obj (XintfRegsFile)

CpuTimer0RegsFile 
*          1    00000c00    00000008     UNINITIALIZED
                  00000c00    00000008     DSP2833x_GlobalVariableDefs.obj (CpuTimer0RegsFile)

CpuTimer1RegsFile 
*          1    00000c08    00000008     UNINITIALIZED
                  00000c08    00000008     DSP2833x_GlobalVariableDefs.obj (CpuTimer1RegsFile)

CpuTimer2RegsFile 
*          1    00000c10    00000008     UNINITIALIZED
                  00000c10    00000008     DSP2833x_GlobalVariableDefs.obj (CpuTimer2RegsFile)

PieCtrlRegsFile 
*          1    00000ce0    0000001a     UNINITIALIZED
                  00000ce0    0000001a     DSP2833x_GlobalVariableDefs.obj (PieCtrlRegsFile)

DmaRegsFile 
*          1    00001000    000000e0     UNINITIALIZED
                  00001000    000000e0     DSP2833x_GlobalVariableDefs.obj (DmaRegsFile)

McbspaRegsFile 
*          1    00005000    00000025     UNINITIALIZED
                  00005000    00000025     DSP2833x_GlobalVariableDefs.obj (McbspaRegsFile)

McbspbRegsFile 
*          1    00005040    00000025     UNINITIALIZED
                  00005040    00000025     DSP2833x_GlobalVariableDefs.obj (McbspbRegsFile)

ECanaRegsFile 
*          1    00006000    00000034     UNINITIALIZED
                  00006000    00000034     DSP2833x_GlobalVariableDefs.obj (ECanaRegsFile)

ECanaLAMRegsFile 
*          1    00006040    00000040     UNINITIALIZED
                  00006040    00000040     DSP2833x_GlobalVariableDefs.obj (ECanaLAMRegsFile)

ECanaMOTSRegsFile 
*          1    00006080    00000040     UNINITIALIZED
                  00006080    00000040     DSP2833x_GlobalVariableDefs.obj (ECanaMOTSRegsFile)

ECanaMOTORegsFile 
*          1    000060c0    00000040     UNINITIALIZED
                  000060c0    00000040     DSP2833x_GlobalVariableDefs.obj (ECanaMOTORegsFile)

ECanaMboxesFile 
*          1    00006100    00000100     UNINITIALIZED
                  00006100    00000100     DSP2833x_GlobalVariableDefs.obj (ECanaMboxesFile)

ECanbRegsFile 
*          1    00006200    00000034     UNINITIALIZED
                  00006200    00000034     DSP2833x_GlobalVariableDefs.obj (ECanbRegsFile)

ECanbLAMRegsFile 
*          1    00006240    00000040     UNINITIALIZED
                  00006240    00000040     DSP2833x_GlobalVariableDefs.obj (ECanbLAMRegsFile)

ECanbMOTSRegsFile 
*          1    00006280    00000040     UNINITIALIZED
                  00006280    00000040     DSP2833x_GlobalVariableDefs.obj (ECanbMOTSRegsFile)

ECanbMOTORegsFile 
*          1    000062c0    00000040     UNINITIALIZED
                  000062c0    00000040     DSP2833x_GlobalVariableDefs.obj (ECanbMOTORegsFile)

ECanbMboxesFile 
*          1    00006300    00000100     UNINITIALIZED
                  00006300    00000100     DSP2833x_GlobalVariableDefs.obj (ECanbMboxesFile)

EPwm1RegsFile 
*          1    00006800    00000022     UNINITIALIZED
                  00006800    00000022     DSP2833x_GlobalVariableDefs.obj (EPwm1RegsFile)

EPwm2RegsFile 
*          1    00006840    00000022     UNINITIALIZED
                  00006840    00000022     DSP2833x_GlobalVariableDefs.obj (EPwm2RegsFile)

EPwm3RegsFile 
*          1    00006880    00000022     UNINITIALIZED
                  00006880    00000022     DSP2833x_GlobalVariableDefs.obj (EPwm3RegsFile)

EPwm4RegsFile 
*          1    000068c0    00000022     UNINITIALIZED
                  000068c0    00000022     DSP2833x_GlobalVariableDefs.obj (EPwm4RegsFile)

EPwm5RegsFile 
*          1    00006900    00000022     UNINITIALIZED
                  00006900    00000022     DSP2833x_GlobalVariableDefs.obj (EPwm5RegsFile)

EPwm6RegsFile 
*          1    00006940    00000022     UNINITIALIZED
                  00006940    00000022     DSP2833x_GlobalVariableDefs.obj (EPwm6RegsFile)

ECap1RegsFile 
*          1    00006a00    00000020     UNINITIALIZED
                  00006a00    00000020     DSP2833x_GlobalVariableDefs.obj (ECap1RegsFile)

ECap2RegsFile 
*          1    00006a20    00000020     UNINITIALIZED
                  00006a20    00000020     DSP2833x_GlobalVariableDefs.obj (ECap2RegsFile)

ECap3RegsFile 
*          1    00006a40    00000020     UNINITIALIZED
                  00006a40    00000020     DSP2833x_GlobalVariableDefs.obj (ECap3RegsFile)

ECap4RegsFile 
*          1    00006a60    00000020     UNINITIALIZED
                  00006a60    00000020     DSP2833x_GlobalVariableDefs.obj (ECap4RegsFile)

ECap5RegsFile 
*          1    00006a80    00000020     UNINITIALIZED
                  00006a80    00000020     DSP2833x_GlobalVariableDefs.obj (ECap5RegsFile)

ECap6RegsFile 
*          1    00006aa0    00000020     UNINITIALIZED
                  00006aa0    00000020     DSP2833x_GlobalVariableDefs.obj (ECap6RegsFile)

EQep1RegsFile 
*          1    00006b00    00000040     UNINITIALIZED
                  00006b00    00000040     DSP2833x_GlobalVariableDefs.obj (EQep1RegsFile)

EQep2RegsFile 
*          1    00006b40    00000040     UNINITIALIZED
                  00006b40    00000040     DSP2833x_GlobalVariableDefs.obj (EQep2RegsFile)

GpioCtrlRegsFile 
*          1    00006f80    0000002e     UNINITIALIZED
                  00006f80    0000002e     DSP2833x_GlobalVariableDefs.obj (GpioCtrlRegsFile)

GpioDataRegsFile 
*          1    00006fc0    00000020     UNINITIALIZED
                  00006fc0    00000020     DSP2833x_GlobalVariableDefs.obj (GpioDataRegsFile)

GpioIntRegsFile 
*          1    00006fe0    0000000a     UNINITIALIZED
                  00006fe0    0000000a     DSP2833x_GlobalVariableDefs.obj (GpioIntRegsFile)

SysCtrlRegsFile 
*          1    00007010    00000020     UNINITIALIZED
                  00007010    00000020     DSP2833x_GlobalVariableDefs.obj (SysCtrlRegsFile)

SpiaRegsFile 
*          1    00007040    00000010     UNINITIALIZED
                  00007040    00000010     DSP2833x_GlobalVariableDefs.obj (SpiaRegsFile)

SciaRegsFile 
*          1    00007050    00000010     UNINITIALIZED
                  00007050    00000010     DSP2833x_GlobalVariableDefs.obj (SciaRegsFile)

XIntruptRegsFile 
*          1    00007070    00000010     UNINITIALIZED
                  00007070    00000010     DSP2833x_GlobalVariableDefs.obj (XIntruptRegsFile)

AdcRegsFile 
*          1    00007100    0000001e     UNINITIALIZED
                  00007100    0000001e     DSP2833x_GlobalVariableDefs.obj (AdcRegsFile)

ScibRegsFile 
*          1    00007750    00000010     UNINITIALIZED
                  00007750    00000010     DSP2833x_GlobalVariableDefs.obj (ScibRegsFile)

ScicRegsFile 
*          1    00007770    00000010     UNINITIALIZED
                  00007770    00000010     DSP2833x_GlobalVariableDefs.obj (ScicRegsFile)

I2caRegsFile 
*          1    00007900    00000022     UNINITIALIZED
                  00007900    00000022     DSP2833x_GlobalVariableDefs.obj (I2caRegsFile)

CsmPwlFile 
*          1    003f7ff8    00000008     UNINITIALIZED
                  003f7ff8    00000008     DSP2833x_GlobalVariableDefs.obj (CsmPwlFile)

.pinit     0    00300000    00000000     UNINITIALIZED

.text      0    00300000    000043d4     
                  00300000    00000c16     rts2800_fpu32.lib : _printfi.obj (.text)
                  00300c16    00000294     28335_pwm.obj (.text:_init_PWM)
                  00300eaa    00000232     ti.targets.rts2800.a28FP : System.o28FP (.text:_xdc_runtime_System_doPrint__I)
                  003010dc    0000021a     28335_spi.obj (.text:_SPI_RXint)
                  003012f6    000001bc     28335_pwm.obj (.text:_init_PWM_AS_RCSERVO)
                  003014b2    00000182     user_PIFuncs.obj (.text:_PIVelControl)
                  00301634    0000014e     28335_mcbsp.obj (.text:_McBSP_RX_INTCH2_ISR)
                  00301782    00000131     28335_serial.obj (.text:_init_serial)
                  003018b3    0000010e     user_sysbiosLab6F28335.obj (.text:_main)
                  003019c1    00000107     rts2800_fpu32.lib : ll_div28.obj (.text)
                  00301ac8    00000101     28335_spi.obj (.text:_init_SPI)
                  00301bc9    000000f6     user_sysbiosLab6F28335.obj (.text:_sendData)
                  00301cbf    000000d3     user_sysbiosLab6F28335.obj (.text:_control)
                  00301d92    000000d2     ti.targets.rts2800.a28FP : LoggerBuf.o28FP (.text:_xdc_runtime_LoggerBuf_write8__E)
                  00301e64    000000c0     sysbiosLab6F28335_p28FP.o28FP (.text:_xdc_runtime_System_printfExtend__I)
                  00301f24    000000c0     rts2800_fpu32.lib : s_scalbn.obj (.text)
                  00301fe4    000000b2     28335_pwm.obj (.text:_PWM_out)
                  00302096    000000a8     sysbios.a28FP : BIOS.obj (.text:_ti_sysbios_knl_Semaphore_pend__E)
                  0030213e    0000009c     ti.targets.rts2800.a28FP : Error.o28FP (.text:_xdc_runtime_Error_policyDefault__E)
                  003021da    0000009c     rts2800_fpu32.lib : fd_add28.obj (.text)
                  00302276    0000009b     sysbios.a28FP : c28_Hwi_disp_asm.obj (.text:_ti_sysbios_family_c28_Hwi_dispatch)
                  00302311    00000001                   : BIOS.obj (.text:_ti_sysbios_BIOS_linkedWithIncorrectBootLibrary__E)
                  00302312    00000094     rts2800_fpu32.lib : trgmsg.obj (.text)
                  003023a6    00000090     user_sysbiosLab6F28335.obj (.text:_updateData)
                  00302436    0000008b     sysbios.a28FP : BIOS.obj (.text:_ti_sysbios_family_c28_Hwi_clearInterrupt__E)
                  003024c1    0000008b     ti.targets.rts2800.a28FP : LoggerBuf.o28FP (.text:_xdc_runtime_LoggerBuf_write4__E)
                  0030254c    0000008b     rts2800_fpu32.lib : fd_div28.obj (.text)
                  003025d7    00000088                       : fs_div28.obj (.text)
                  0030265f    00000087     28335_dma.obj (.text:_init_dma_mcbsp)
                  003026e6    00000083     rts2800_fpu32.lib : fd_mpy28.obj (.text)
                  00302769    00000082     28335_eqep.obj (.text:_init_EQEP)
                  003027eb    00000080     i2c.obj (.text:_i2c_stdrecv)
                  0030286b    0000007a     28335_pwm.obj (.text:_RCSERVO_out)
                  003028e5    00000079     ti.targets.rts2800.a28FP : Startup.o28FP (.text:_xdc_runtime_Startup_startMods__I)
                  0030295e    00000073     sysbios.a28FP : BIOS.obj (.text:_ti_sysbios_knl_Task_checkStacks__E)
                  003029d1    0000006d     user_sysbiosLab6F28335.obj (.text:_adc_cisr)
                  00302a3e    0000006d     28335_spi.obj (.text:_writeDAC7564)
                  00302aab    0000006b     ti.targets.rts2800.a28FP : Text.o28FP (.text:_xdc_runtime_Text_putSite__E)
                  00302b16    00000069     boot.a28FP : boot_cg.o28FP (.text)
                  00302b7f    00000066     sysbios.a28FP : BIOS.obj (.text:_ti_sysbios_family_c28_Timer_stopAndClear__I)
                  00302be5    00000061     i2c.obj (.text:_i2c_stdsend)
                  00302c46    0000005e     sysbios.a28FP : BIOS.obj (.text:_ti_sysbios_heaps_HeapMem_allocUnprotected__E)
                  00302ca4    0000005c     28335_inits.obj (.text:_pre_init)
                  00302d00    0000005a     rts2800_fpu32.lib : s_frexp.obj (.text)
                  00302d5a    00000056     DSP2833x_SysCtrl.obj (.text:_InitPeripheralClocks)
                  00302db0    00000054     28335_serial.obj (.text:_LCDvPrintfLine)
                  00302e04    00000053     sysbios.a28FP : BIOS.obj (.text:_ti_sysbios_knl_Task_sleep__E)
                  00302e57    00000051     DSP2833x_SysCtrl.obj (.text:_InitPll)
                  00302ea8    0000004c     sysbios.a28FP : BIOS.obj (.text:_ti_sysbios_family_c28_Hwi_dispatchCore__I)
                  00302ef4    0000004b                   : BIOS.obj (.text:_ti_sysbios_knl_Clock_workFunc__E)
                  00302f3f    0000004b     ti.targets.rts2800.a28FP : Text.o28FP (.text:_xdc_runtime_Text_putLab__E)
                  00302f8a    00000048     sysbios.a28FP : BIOS.obj (.text:_ti_sysbios_family_c28_TimestampProvider_get64__E)
                  00302fd2    00000047                   : BIOS.obj (.text:_ti_sysbios_family_c28_Hwi_Module_startup__E)
                  00303019    00000047                   : BIOS.obj (.text:_ti_sysbios_knl_Task_postInit__I)
                  00303060    00000046                   : BIOS.obj (.text:_ti_sysbios_heaps_HeapMem_alloc__E)
                  003030a6    00000046                   : BIOS.obj (.text:_ti_sysbios_knl_Swi_run__I)
                  003030ec    00000043                   : BIOS.obj (.text:_ti_sysbios_family_c28_Timer_postInit__I)
                  0030312f    00000042                   : BIOS.obj (.text:_ti_sysbios_family_c28_Hwi_unPluggedInterrupt__I)
                  00303171    0000003f     ti.targets.rts2800.a28FP : Text.o28FP (.text:_xdc_runtime_Text_putMod__E)
                  003031b0    0000003e     sysbios.a28FP : BIOS.obj (.text:_ti_sysbios_knl_Swi_restoreHwi__E)
                  003031ee    0000003d     ti.targets.rts2800.a28FP : LoggerBuf.o28FP (.text:_xdc_runtime_LoggerBuf_getFilterLevel__E)
                  0030322b    0000003c     i2c.obj (.text:_compassTask)
                  00303267    0000003c     ti.targets.rts2800.a28FP : LoggerBuf.o28FP (.text:_xdc_runtime_LoggerBuf_setFilterLevel__E)
                  003032a3    0000003c                              : System.o28FP (.text:_xdc_runtime_System_formatNum__I)
                  003032df    0000003a     sysbios.a28FP : BIOS.obj (.text:_ti_sysbios_family_c28_TaskSupport_start__E)
                  00303319    00000038     rts2800_fpu32.lib : hostwrite.obj (.text)
                  00303351    00000037     28335_serial.obj (.text:_serial_recv_ready)
                  00303388    00000036     sysbios.a28FP : BIOS.obj (.text:_ti_sysbios_heaps_HeapMem_freeUnprotected__E)
                  003033be    00000035                   : BIOS.obj (.text:_ti_sysbios_knl_Task_startCore__E)
                  003033f3    00000033                   : BIOS.obj (.text:_ti_sysbios_family_c28_Hwi_enableInterrupt__E)
                  00303426    00000032     28335_eqep.obj (.text:_EQEP_read)
                  00303458    00000032     sysbios.a28FP : BIOS.obj (.text:_ti_sysbios_knl_Task_Module_startup__E)
                  0030348a    00000032     ti.targets.rts2800.a28FP : Text.o28FP (.text:_xdc_runtime_Text_visitRope2__I)
                  003034bc    00000031     28335_serial.obj (.text:_serial_send)
                  003034ed    00000031     rts2800_fpu32.lib : atoi.obj (.text)
                  0030351e    00000030     ti.targets.rts2800.a28FP : Error.o28FP (.text:_xdc_runtime_Error_print__E)
                  0030354e    00000030                              : Error.o28FP (.text:_xdc_runtime_Error_setX__E)
                  0030357e    00000030     rts2800_fpu32.lib : vsprintf.obj (.text)
                  003035ae    0000002f     sysbios.a28FP : BIOS.obj (.text:_ti_sysbios_knl_Semaphore_post__E)
                  003035dd    0000002f     ti.targets.rts2800.a28FP : Startup.o28FP (.text:_xdc_runtime_Startup_exec__E)
                  0030360c    0000002e     Boot.a28FP : Boot.o28FP (.text:.bootCodeSection:_ti_catalog_c2800_init_Boot_configurePll2802x)
                  0030363a    0000002e     DSP2833x_Mcbsp.obj (.text:_InitMcbspb)
                  00303668    0000002e     DSP2833x_Mcbsp.obj (.text:_InitMcbspbGpio)
                  00303696    0000002e     sysbios.a28FP : BIOS.obj (.text:_ti_sysbios_knl_Swi_runLoop__I)
                  003036c4    0000002e                   : BIOS.obj (.text:_ti_sysbios_knl_Swi_schedule__I)
                  003036f2    0000002e                   : BIOS.obj (.text:_ti_sysbios_knl_Task_schedule__I)
                  00303720    0000002e     rts2800_fpu32.lib : ltoa.obj (.text)
                  0030374e    0000002d     sysbios.a28FP : BIOS.obj (.text:_ti_sysbios_family_c28_Hwi_getInterruptFlag__E)
                  0030377b    0000002d                   : BIOS.obj (.text:_ti_sysbios_family_c28_Hwi_getStackInfo__E)
                  003037a8    0000002d                   : BIOS.obj (.text:_ti_sysbios_heaps_HeapMem_getStats__E)
                  003037d5    0000002c                   : BIOS.obj (.text:_ti_sysbios_family_c28_Timer_start__E)
                  00303801    0000002b                   : BIOS.obj (.text:_ti_sysbios_family_c28_Hwi_disablePIEIER__E)
                  0030382c    0000002a                   : BIOS.obj (.text:_ti_sysbios_family_c28_Hwi_enablePIEIER__E)
                  00303856    0000002a     rts2800_fpu32.lib : fd_cmp28.obj (.text)
                  00303880    0000002a                       : l_div28.obj (.text)
                  003038aa    00000029     sysbios.a28FP : BIOS.obj (.text:_ti_sysbios_family_c28_Timer_getExpiredCounts64__E)
                  003038d3    00000029     rts2800_fpu32.lib : exit.obj (.text)
                  003038fc    00000028     ti.targets.rts2800.a28FP : Text.o28FP (.text:_xdc_runtime_Text_xprintf__I)
                  00303924    00000027     sysbios.a28FP : BIOS.obj (.text:_ti_sysbios_heaps_HeapMem_init__I)
                  0030394b    00000026     DSP2833x_Spi.obj (.text:_InitSpiaGpio)
                  00303971    00000026     ti.targets.rts2800.a28FP : SysMin.o28FP (.text:_xdc_runtime_SysMin_flush__E)
                  00303997    00000025     sysbios.a28FP : c28_TaskSupport_asm.obj (.text:_ti_sysbios_family_c28_TaskSupport_buildTaskStack)
                  003039bc    00000025                   : BIOS.obj (.text:_ti_sysbios_family_c28_Timer_getExpiredCounts__E)
                  003039e1    00000024                   : BIOS.obj (.text:_ti_sysbios_family_c28_Hwi_disableInterrupt__E)
                  00303a05    00000024                   : BIOS.obj (.text:_ti_sysbios_knl_Swi_post__E)
                  00303a29    00000024     rts2800_fpu32.lib : cpy_tbl.obj (.text)
                  00303a4d    00000024                       : s_copysign.obj (.text)
                  00303a71    00000023     ti.targets.rts2800.a28FP : System.o28FP (.text:_xdc_runtime_System_processAtExit__E)
                  00303a94    00000021     sysbios.a28FP : BIOS.obj (.text:_ti_sysbios_heaps_HeapMem_free__E)
                  00303ab5    00000021                   : BIOS.obj (.text:_ti_sysbios_knl_Task_allBlockedFunction__I)
                  00303ad6    00000021     rts2800_fpu32.lib : fd_toi28.obj (.text)
                  00303af7    00000020     sysbios.a28FP : BIOS.obj (.text:_ti_sysbios_family_c28_Timer_setPrescale__E)
                  00303b17    00000020                   : BIOS.obj (.text:_ti_sysbios_knl_Task_yield__E)
                  00303b37    00000020     ti.targets.rts2800.a28FP : System.o28FP (.text:_xdc_runtime_System_atexit__E)
                  00303b57    0000001f     sysbios.a28FP : BIOS.obj (.text:_ti_sysbios_knl_Task_exit__E)
                  00303b76    0000001f     ti.targets.rts2800.a28FP : LoggerBuf.o28FP (.text:_xdc_runtime_LoggerBuf_filterOutEvent__I)
                  00303b95    0000001f     rts2800_fpu32.lib : fd_tol28.obj (.text)
                  00303bb4    0000001e     sysbios.a28FP : BIOS.obj (.text:_ti_sysbios_knl_Task_blockI__E)
                  00303bd2    0000001e     ti.targets.rts2800.a28FP : SysMin.o28FP (.text:_xdc_runtime_SysMin_putch__E)
                  00303bf0    0000001e     rts2800_fpu32.lib : ll_cmp28.obj (.text)
                  00303c0e    0000001e                       : memcpy.obj (.text)
                  00303c2c    0000001d     sysbios.a28FP : c28_TaskSupport_asm.obj (.text:_ti_sysbios_family_c28_TaskSupport_swap__E)
                  00303c49    0000001d     rts2800_fpu32.lib : i_tofd28.obj (.text)
                  00303c66    0000001c     sysbios.a28FP : BIOS.obj (.text:_ti_sysbios_hal_Hwi_checkStack)
                  00303c82    0000001c     sysbiosLab6F28335_p28FP.o28FP (.text:_xdc_runtime_SysMin_output__I)
                  00303c9e    0000001c     rts2800_fpu32.lib : fs_tofdfpu32.obj (.text)
                  00303cba    0000001c                       : l_tofd28.obj (.text)
                  00303cd6    0000001b     sysbios.a28FP : c28_Hwi_asm.obj (.text:_ti_sysbios_family_c28_Hwi_switchAndDispatch__I)
                  00303cf1    0000001b                   : BIOS.obj (.text:_ti_sysbios_hal_Hwi_initStack)
                  00303d0c    0000001b                   : BIOS.obj (.text:_ti_sysbios_knl_Task_processVitalTaskFlag__I)
                  00303d27    0000001a                   : BIOS.obj (.text:_ti_sysbios_knl_Clock_addI__E)
                  00303d41    0000001a     ti.targets.rts2800.a28FP : System.o28FP (.text:_xdc_runtime_System_avprintf__E)
                  00303d5b    00000019     i2c.obj (.text:_Init_i2c)
                  00303d74    00000019     28335_spi.obj (.text:_start_SPI)
                  00303d8d    00000019     sysbios.a28FP : BIOS.obj (.text:_ti_sysbios_gates_GateMutex_enter__E)
                  00303da6    00000019                   : BIOS.obj (.text:_ti_sysbios_knl_Swi_restore__E)
                  00303dbf    00000019     ti.targets.rts2800.a28FP : System.o28FP (.text:_xdc_runtime_System_putchar__I)
                  00303dd8    00000019                              : System.o28FP (.text:_xdc_runtime_System_vprintf__E)
                  00303df1    00000019     rts2800_fpu32.lib : args_main.obj (.text)
                  00303e0a    00000018     28335_inits.obj (.text:_post_init)
                  00303e22    00000018     sysbios.a28FP : c28_Hwi_asm.obj (.text:_ti_sysbios_family_xxx_Hwi_switchAndRunFunc)
                  00303e3a    00000018     ti.targets.rts2800.a28FP : LoggerBuf.o28FP (.text:_xdc_runtime_LoggerBuf_reset__E)
                  00303e52    00000018                              : Text.o28FP (.text:_xdc_runtime_Text_printVisFxn__I)
                  00303e6a    00000018     rts2800_fpu32.lib : ll_aox28.obj (.text)
                  00303e82    00000017     sysbios.a28FP : BIOS.obj (.text:_ti_sysbios_family_c28_Timer_startup__E)
                  00303e99    00000017     sysbiosLab6F28335_p28FP.o28FP (.text:_ti_sysbios_knl_Clock_doTick__I)
                  00303eb0    00000017     sysbios.a28FP : BIOS.obj (.text:_ti_sysbios_knl_Semaphore_pendTimeout__I)
                  00303ec7    00000017                   : BIOS.obj (.text:_ti_sysbios_knl_Task_unblockI__E)
                  00303ede    00000017     ti.targets.rts2800.a28FP : LoggerBuf.o28FP (.text:_xdc_runtime_LoggerBuf_Module_startup__E)
                  00303ef5    00000016     i2c.obj (.text:_InitI2CGpio)
                  00303f0b    00000016     DSP2833x_Mcbsp.obj (.text:_clkg_delay_loop)
                  00303f21    00000016     DSP2833x_Mcbsp.obj (.text:_delay_loop)
                  00303f37    00000016     sysbiosLab6F28335_p28FP.o28FP (.text:_ti_sysbios_BIOS_atExitFunc__I)
                  00303f4d    00000016     sysbios.a28FP : BIOS.obj (.text:_ti_sysbios_family_c28_Timer_Module_startup__E)
                  00303f63    00000016                   : BIOS.obj (.text:_ti_sysbios_knl_Task_restore__E)
                  00303f79    00000016     ti.targets.rts2800.a28FP : SysMin.o28FP (.text:_xdc_runtime_SysMin_abort__E)
                  00303f8f    00000015     sysbiosLab6F28335_p28FP.o28FP (.text:_ti_sysbios_BIOS_startFunc__I)
                  00303fa4    00000015     sysbios.a28FP : BIOS.obj (.text:_ti_sysbios_knl_Swi_Module_startup__E)
                  00303fb9    00000014                   : BIOS.obj (.text:_ti_sysbios_knl_Idle_run__E)
                  00303fcd    00000013     user_sysbiosLab6F28335.obj (.text:_MemCopy)
                  00303fe0    00000013     ti.targets.rts2800.a28FP : Error.o28FP (.text:_xdc_runtime_Error_raiseX__E)
                  00303ff3    00000012     sysbios.a28FP : BIOS.obj (.text:_ti_sysbios_knl_Clock_Module_startup__E)
                  00304005    00000011     28335_serial.obj (.text:_init_buffer)
                  00304016    00000010     DSP2833x_SysCtrl.obj (.text:_CheckDog)
                  00304026    00000010     sysbiosLab6F28335_p28FP.o28FP (.text:_ti_sysbios_BIOS_errorRaiseHook__I)
                  00304036    00000010     sysbios.a28FP : BIOS.obj (.text:_ti_sysbios_family_c28_Timer_stop__E)
                  00304046    00000010                   : BIOS.obj (.text:_ti_sysbios_knl_Task_restoreHwi__E)
                  00304056    00000010     ti.targets.rts2800.a28FP : SysMin.o28FP (.text:_xdc_runtime_SysMin_Module_startup__E)
                  00304066    0000000f     Boot.a28FP : Boot.o28FP (.text:.bootCodeSection:_ti_catalog_c2800_init_Boot_disableWatchdog)
                  00304075    0000000f     sysbiosLab6F28335_p28FP.o28FP (.text:_ti_sysbios_BIOS_removeRTSLock__I)
                  00304084    0000000f     ti.targets.rts2800.a28FP : LoggerBuf.o28FP (.text:_xdc_runtime_LoggerBuf_write2__E)
                  00304093    0000000f                              : Registry.o28FP (.text:_xdc_runtime_Registry_findById__E)
                  003040a2    0000000e     sysbiosLab6F28335_p28FP.o28FP (.text:_ti_sysbios_heaps_HeapMem_Object__get__S)
                  003040b0    0000000e     sysbiosLab6F28335_p28FP.o28FP (.text:_ti_sysbios_knl_Swi_Object__get__S)
                  003040be    0000000e     sysbiosLab6F28335_p28FP.o28FP (.text:_ti_sysbios_knl_Task_Object__get__S)
                  003040cc    0000000e     sysbiosLab6F28335_p28FP.o28FP (.text:_xdc_runtime_LoggerBuf_Object__get__S)
                  003040da    0000000e     rts2800_fpu32.lib : fd_sub28.obj (.text)
                  003040e8    0000000d     28335_serial.obj (.text:_LCDPrintfLine)
                  003040f5    0000000d     sysbiosLab6F28335_p28FP.o28FP (.text:_ti_sysbios_BIOS_registerRTSLock__I)
                  00304102    0000000d     sysbiosLab6F28335_p28FP.o28FP (.text:_ti_sysbios_BIOS_rtsLock__I)
                  0030410f    0000000d     sysbios.a28FP : BIOS.obj (.text:_ti_sysbios_family_c28_Hwi_dispatchC__I)
                  0030411c    0000000d                   : BIOS.obj (.text:_ti_sysbios_family_c28_TimestampProvider_Module_startup__E)
                  00304129    0000000d                   : BIOS.obj (.text:_ti_sysbios_knl_Task_enter__I)
                  00304136    0000000d     ti.targets.rts2800.a28FP : LoggerBuf.o28FP (.text:_xdc_runtime_LoggerBuf_write0__E)
                  00304143    0000000d                              : LoggerBuf.o28FP (.text:_xdc_runtime_LoggerBuf_write1__E)
                  00304150    0000000d                              : System.o28FP (.text:_xdc_runtime_System_abort__E)
                  0030415d    0000000d     rts2800_fpu32.lib : memccpy.obj (.text)
                  0030416a    0000000c     sysbiosLab6F28335_p28FP.o28FP (.text:_ti_sysbios_BIOS_exitFunc__I)
                  00304176    0000000c     sysbiosLab6F28335_p28FP.o28FP (.text:_ti_sysbios_family_c28_Hwi_disableIER__E)
                  00304182    0000000c     sysbios.a28FP : BIOS.obj (.text:_ti_sysbios_gates_GateMutex_leave__E)
                  0030418e    0000000c                   : BIOS.obj (.text:_ti_sysbios_knl_Queue_put__E)
                  0030419a    0000000c     rts2800_fpu32.lib : memset.obj (.text)
                  003041a6    0000000c                       : strchr.obj (.text)
                  003041b2    0000000b     DSP2833x_Mcbsp.obj (.text:_InitMcbspb32bit)
                  003041bd    0000000b     sysbiosLab6F28335_p28FP.o28FP (.text:_ti_sysbios_family_c28_Hwi_Module__startupDone__F)
                  003041c8    0000000b     sysbiosLab6F28335_p28FP.o28FP (.text:_ti_sysbios_family_c28_Hwi_Object__get__S)
                  003041d3    0000000b     sysbiosLab6F28335_p28FP.o28FP (.text:_ti_sysbios_family_c28_Hwi_enableIER__E)
                  003041de    0000000b     sysbiosLab6F28335_p28FP.o28FP (.text:_ti_sysbios_family_c28_Timer_Module__startupDone__F)
                  003041e9    0000000b     sysbiosLab6F28335_p28FP.o28FP (.text:_ti_sysbios_knl_Queue_Object__get__S)
                  003041f4    0000000b     sysbiosLab6F28335_p28FP.o28FP (.text:_ti_sysbios_knl_Task_SupportProxy_start__E)
                  003041ff    0000000b     sysbios.a28FP : BIOS.obj (.text:_ti_sysbios_knl_Task_sleepTimeout__I)
                  0030420a    0000000b     ti.targets.rts2800.a28FP : SysMin.o28FP (.text:_xdc_runtime_SysMin_exit__E)
                  00304215    0000000b                              : System.o28FP (.text:_xdc_runtime_System_exit__E)
                  00304220    0000000a     DSP2833x_SysCtrl.obj (.text:_ServiceDog)
                  0030422a    0000000a     ti.targets.rts2800.a28FP : Error.o28FP (.text:_xdc_runtime_Error_init__E)
                  00304234    0000000a                              : System.o28FP (.text:_xdc_runtime_System_vsnprintf__E)
                  0030423e    0000000a                              : Text.o28FP (.text:_xdc_runtime_Text_ropeText__E)
                  00304248    00000009     DSP2833x_SysCtrl.obj (.text:_InitSysCtrl)
                  00304251    00000009     28335_mcbsp.obj (.text:_McBSP_TX_INTCH1_ISR)
                  0030425a    00000009     sysbiosLab6F28335_p28FP.o28FP (.text:_ti_sysbios_BIOS_rtsUnlock__I)
                  00304263    00000009     sysbiosLab6F28335_p28FP.o28FP (.text:_ti_sysbios_family_c28_Hwi_restoreIER__E)
                  0030426c    00000009     sysbios.a28FP : BIOS.obj (.text:_ti_sysbios_family_c28_TaskSupport_checkStack__E)
                  00304275    00000009                   : c28_TaskSupport_asm.obj (.text:_ti_sysbios_family_c28_TaskSupport_glue)
                  0030427e    00000009                   : BIOS.obj (.text:_ti_sysbios_hal_Hwi_Module_startup__E)
                  00304287    00000009                   : BIOS.obj (.text:_ti_sysbios_knl_Task_unblock__E)
                  00304290    00000009     sysbiosLab6F28335_p28FP.o28FP (.text:_xdc_runtime_Startup_exec__I)
                  00304299    00000009     sysbiosLab6F28335_p28FP.o28FP (.text:_xdc_runtime_Text_visitRope__I)
                  003042a2    00000009     rts2800_fpu32.lib : _lock.obj (.text)
                  003042ab    00000009                       : fd_neg28.obj (.text)
                  003042b4    00000008     DSP2833x_CodeStartBranch.obj (.text)
                  003042bc    00000008     DSP2833x_SysCtrl.obj (.text:_DisableDog)
                  003042c4    00000008     DSP2833x_SysCtrl.obj (.text:_EnableDog)
                  003042cc    00000008     28335_dma.obj (.text:_start_dma)
                  003042d4    00000008     sysbios.a28FP : BIOS.obj (.text:_ti_sysbios_BIOS_setThreadType__E)
                  003042dc    00000008     ti.targets.rts2800.a28FP : SysMin.o28FP (.text:_xdc_runtime_SysMin_ready__E)
                  003042e4    00000008     rts2800_fpu32.lib : strlen.obj (.text)
                  003042ec    00000007     sysbiosLab6F28335_p28FP.o28FP (.text:.bootCodeSection:_ti_catalog_c2800_init_Boot_init)
                  003042f3    00000007     sysbios.a28FP : BIOS.obj (.text:_ti_sysbios_knl_Queue_empty__E)
                  003042fa    00000007     sysbiosLab6F28335_p28FP.o28FP (.text:_xdc_runtime_System_aprintf__E)
                  00304301    00000007     sysbiosLab6F28335_p28FP.o28FP (.text:_xdc_runtime_System_printf__E)
                  00304308    00000006     sysbios.a28FP : BIOS.obj (.text:_ti_sysbios_BIOS_start__E)
                  0030430e    00000006                   : c28_IntrinsicsSupport_asm.obj (.text:_ti_sysbios_family_c28_IntrinsicsSupport_maxbit__E)
                  00304314    00000006                   : BIOS.obj (.text:_ti_sysbios_family_c28_TimestampProvider_rolloverFunc__E)
                  0030431a    00000006                   : BIOS.obj (.text:_ti_sysbios_family_c28_TimestampProvider_startTimer__E)
                  00304320    00000006                   : BIOS.obj (.text:_ti_sysbios_knl_Swi_disable__E)
                  00304326    00000006                   : BIOS.obj (.text:_ti_sysbios_knl_Task_disable__E)
                  0030432c    00000006     ti.targets.rts2800.a28FP : Gate.o28FP (.text:_xdc_runtime_Gate_enterSystem__E)
                  00304332    00000006                              : Gate.o28FP (.text:_xdc_runtime_Gate_leaveSystem__E)
                  00304338    00000006                              : LoggerBuf.o28FP (.text:_xdc_runtime_LoggerBuf_enable__E)
                  0030433e    00000005     user_sysbiosLab6F28335.obj (.text:_start_dataCollection)
                  00304343    00000005     sysbios.a28FP : BIOS.obj (.text:_ti_sysbios_family_c28_Hwi_switchFromBootStack__E)
                  00304348    00000005                   : BIOS.obj (.text:_ti_sysbios_gates_GateHwi_enter__E)
                  0030434d    00000005     ti.targets.rts2800.a28FP : LoggerBuf.o28FP (.text:_xdc_runtime_LoggerBuf_disable__E)
                  00304352    00000005     rts2800_fpu32.lib : strcpy.obj (.text)
                  00304357    00000004     sysbiosLab6F28335_p28FP.o28FP (.text:_ti_sysbios_family_c28_Hwi_startup__E)
                  0030435b    00000004     sysbios.a28FP : BIOS.obj (.text:_ti_sysbios_heaps_HeapMem_isBlocking__E)
                  0030435f    00000004                   : BIOS.obj (.text:_ti_sysbios_knl_Clock_getTicks__E)
                  00304363    00000004                   : BIOS.obj (.text:_ti_sysbios_knl_Swi_startup__E)
                  00304367    00000004     ti.targets.rts2800.a28FP : Startup.o28FP (.text:_xdc_runtime_Startup_rtsDone__E)
                  0030436b    00000003                              : xdc_noinit.o28FP (.text:___xdc__init)
                  0030436e    00000003     sysbiosLab6F28335_p28FP.o28FP (.text:_ti_catalog_c2800_init_Boot_limpAbort)
                  00304371    00000003     sysbiosLab6F28335_p28FP.o28FP (.text:_ti_sysbios_BIOS_RtsGateProxy_enter__E)
                  00304374    00000003     sysbiosLab6F28335_p28FP.o28FP (.text:_ti_sysbios_BIOS_RtsGateProxy_leave__E)
                  00304377    00000003     sysbios.a28FP : c28_Hwi_asm.obj (.text:_ti_sysbios_family_c28_Hwi_getIFR__I)
                  0030437a    00000003                   : BIOS.obj (.text:_ti_sysbios_gates_GateHwi_leave__E)
                  0030437d    00000003     sysbiosLab6F28335_p28FP.o28FP (.text:_ti_sysbios_hal_Hwi_HwiProxy_getStackInfo__E)
                  00304380    00000003     sysbiosLab6F28335_p28FP.o28FP (.text:_ti_sysbios_hal_Hwi_HwiProxy_switchFromBootStack__E)
                  00304383    00000003     sysbios.a28FP : BIOS.obj (.text:_ti_sysbios_hal_Hwi_startup__E)
                  00304386    00000003     sysbiosLab6F28335_p28FP.o28FP (.text:_ti_sysbios_heaps_HeapMem_Module_GateProxy_enter__E)
                  00304389    00000003     sysbiosLab6F28335_p28FP.o28FP (.text:_ti_sysbios_heaps_HeapMem_Module_GateProxy_leave__E)
                  0030438c    00000003     sysbiosLab6F28335_p28FP.o28FP (.text:_ti_sysbios_heaps_HeapMem_Module_GateProxy_query__E)
                  0030438f    00000003     sysbiosLab6F28335_p28FP.o28FP (.text:_ti_sysbios_knl_Clock_TimerProxy_getMaxTicks__E)
                  00304392    00000003     sysbios.a28FP : BIOS.obj (.text:_ti_sysbios_knl_Idle_loop__E)
                  00304395    00000003     sysbiosLab6F28335_p28FP.o28FP (.text:_ti_sysbios_knl_Task_SupportProxy_checkStack__E)
                  00304398    00000003     sysbiosLab6F28335_p28FP.o28FP (.text:_ti_sysbios_knl_Task_SupportProxy_swap__E)
                  0030439b    00000003     sysbios.a28FP : BIOS.obj (.text:_ti_sysbios_knl_Task_startup__E)
                  0030439e    00000003     sysbiosLab6F28335_p28FP.o28FP (.text:_xdc_runtime_LoggerBuf_Module_GateProxy_enter__E)
                  003043a1    00000003     sysbiosLab6F28335_p28FP.o28FP (.text:_xdc_runtime_LoggerBuf_Module_GateProxy_leave__E)
                  003043a4    00000003     sysbiosLab6F28335_p28FP.o28FP (.text:_xdc_runtime_LoggerBuf_TimestampProxy_get64__E)
                  003043a7    00000003     sysbiosLab6F28335_p28FP.o28FP (.text:_xdc_runtime_System_Module_GateProxy_enter__E)
                  003043aa    00000003     sysbiosLab6F28335_p28FP.o28FP (.text:_xdc_runtime_System_Module_GateProxy_leave__E)
                  003043ad    00000003     ti.targets.rts2800.a28FP : System.o28FP (.text:_xdc_runtime_System_Module_startup__E)
                  003043b0    00000003     sysbiosLab6F28335_p28FP.o28FP (.text:_xdc_runtime_System_SupportProxy_abort__E)
                  003043b3    00000003     sysbiosLab6F28335_p28FP.o28FP (.text:_xdc_runtime_System_SupportProxy_exit__E)
                  003043b6    00000003     sysbiosLab6F28335_p28FP.o28FP (.text:_xdc_runtime_System_SupportProxy_putch__E)
                  003043b9    00000003     sysbiosLab6F28335_p28FP.o28FP (.text:_xdc_runtime_System_SupportProxy_ready__E)
                  003043bc    00000003     ti.targets.rts2800.a28FP : System.o28FP (.text:_xdc_runtime_System_abortStd__E)
                  003043bf    00000003                              : System.o28FP (.text:_xdc_runtime_System_exitStd__E)
                  003043c2    00000002     Boot.a28FP : Boot.o28FP (.text:_ti_catalog_c2800_init_Boot_defaultLimpAbortFunction)
                  003043c4    00000002     sysbiosLab6F28335_p28FP.o28FP (.text:_ti_sysbios_family_c28_TaskSupport_Module__startupDone__S)
                  003043c6    00000002     sysbios.a28FP : BIOS.obj (.text:_ti_sysbios_family_c28_Timer_getMaxTicks__E)
                  003043c8    00000002                   : BIOS.obj (.text:_ti_sysbios_gates_GateHwi_query__E)
                  003043ca    00000002                   : BIOS.obj (.text:_ti_sysbios_gates_GateMutex_query__E)
                  003043cc    00000002     ti.targets.rts2800.a28FP : Error.o28FP (.text:_xdc_runtime_Error_getSite__E)
                  003043ce    00000002     rts2800_fpu32.lib : pre_init.obj (.text)
                  003043d0    00000001     sysbiosLab6F28335_p28FP.o28FP (.text:_ti_sysbios_BIOS_nullFunc__I)
                  003043d1    00000001     sysbios.a28FP : c28_Hwi_asm.obj (.text:_ti_sysbios_family_c28_Hwi_interruptReturn__I)
                  003043d2    00000001                   : BIOS.obj (.text:_ti_sysbios_knl_Clock_logTick__E)
                  003043d3    00000001     rts2800_fpu32.lib : startup.obj (.text)

codestart 
*          0    0033fff6    00000002     
                  0033fff6    00000002     DSP2833x_CodeStartBranch.obj (codestart)

csmpasswds 
*          0    0033fff8    00000008     
                  0033fff8    00000008     DSP2833x_CSMPasswords.obj (csmpasswds)

.ebss      1    00008000    000018ec     UNINITIALIZED
                  00008000    00000d03     sysbiosLab6F28335_p28FP.o28FP (.ebss:taskStackSection)
                  00008d03    00000001     rts2800_fpu32.lib : errno.obj (.ebss)
                  00008d04    0000002e     user_PIFuncs.obj (.ebss)
                  00008d32    00000008     rts2800_fpu32.lib : hostopen.obj (.ebss)
                  00008d3a    00000006                       : exit.obj (.ebss)
                  00008d40    00000880     sysbiosLab6F28335_p28FP.o28FP (.ebss)
                  000095c0    00000208     28335_serial.obj (.ebss)
                  000097c8    00000018     DSP2833x_CpuTimers.obj (.ebss)
                  000097e0    00000016     28335_mcbsp.obj (.ebss)
                  000097f6    00000003     28335_pwm.obj (.ebss)
                  000097f9    00000002     28335_inits.obj (.ebss)
                  000097fb    00000001     --HOLE--
                  000097fc    00000002     rts2800_fpu32.lib : _lock.obj (.ebss:__lock)
                  000097fe    00000002                       : _lock.obj (.ebss:__unlock)
                  00009800    00000080     i2c.obj (.ebss)
                  00009880    00000054     user_sysbiosLab6F28335.obj (.ebss)
                  000098d4    00000016     28335_spi.obj (.ebss)
                  000098ea    00000002     lcd.obj (.ebss)

.stack     1    000098ec    00000c00     UNINITIALIZED
                  000098ec    00000c00     --HOLE--

.cio       1    0000a680    00000120     UNINITIALIZED
                  0000a680    00000120     rts2800_fpu32.lib : trgmsg.obj (.cio)

.adc_cal   0    00380080    00000007     NOLOAD SECTION
                  00380080    00000007     DSP2833x_ADC_cal.obj (.adc_cal)

.dmaram    1    0000fe00    0000008e     UNINITIALIZED
                  0000fe00    0000008e     28335_mcbsp.obj (.dmaram)

xdc.meta   0    00000000    00000120     COPY SECTION
                  00000000    00000120     sysbiosLab6F28335_p28FP.o28FP (xdc.meta)

.binit     0    00300000    00000000     

MODULE SUMMARY

       Module                            code    initialized data   uninitialized data
       ------                            ----    ----------------   ------------------
    .\
       DSP2833x_GlobalVariableDefs.obj   0       0                  2422              
       28335_serial.obj                  1185    0                  520               
       28335_pwm.obj                     1404    12                 3                 
       user_sysbiosLab6F28335.obj        1004    234                84                
       28335_spi.obj                     929     36                 22                
       28335_mcbsp.obj                   343     60                 164               
       user_PIFuncs.obj                  386     115                46                
       i2c.obj                           332     17                 128               
       DSP2833x_SysCtrl.obj              272     0                  0                 
       28335_eqep.obj                    180     0                  0                 
       DSP2833x_Mcbsp.obj                147     0                  0                 
       28335_dma.obj                     143     0                  0                 
       28335_inits.obj                   116     8                  2                 
       DSP2833x_CSMPasswords.obj         0       126                0                 
       DSP2833x_Spi.obj                  38      0                  0                 
       DSP2833x_CpuTimers.obj            0       0                  24                
       DSP2833x_CodeStartBranch.obj      10      0                  0                 
       DSP2833x_usDelay.obj              8       0                  0                 
       DSP2833x_ADC_cal.obj              7       0                  0                 
       lcd.obj                           0       5                  2                 
    +--+---------------------------------+-------+------------------+--------------------+
       Total:                            6504    613                3417              
                                                                                      
    C:\dan\omapl138\GE423Sp18\_shared\SYSBIOS_BETA\sysbiosLab6F28335\sysbiosLab6F28335Project\Debug\configPkg\package\cfg\
       sysbiosLab6F28335_p28FP.o28FP     613     7826               5507              
    +--+---------------------------------+-------+------------------+--------------------+
       Total:                            613     7826               5507              
                                                                                      
    C:\CCStudio_v7\bios_6_51_00_15\packages\ti\catalog\c2800\init\lib\Boot.a28FP
       Boot.o28FP                        63      0                  0                 
    +--+---------------------------------+-------+------------------+--------------------+
       Total:                            63      0                  0                 
                                                                                      
    C:\CCStudio_v7\bios_6_51_00_15\packages\ti\targets\rts2800\lib\boot.a28FP
       boot_cg.o28FP                     105     0                  0                 
    +--+---------------------------------+-------+------------------+--------------------+
       Total:                            105     0                  0                 
                                                                                      
    C:\CCStudio_v7\bios_6_51_00_15\packages\ti\targets\rts2800\lib\ti.targets.rts2800.a28FP
       System.o28FP                      808     25                 0                 
       LoggerBuf.o28FP                   600     0                  0                 
       Text.o28FP                        369     67                 0                 
       Error.o28FP                       283     88                 0                 
       Startup.o28FP                     172     42                 0                 
       SysMin.o28FP                      125     0                  0                 
       Log.o28FP                         0       71                 0                 
       Registry.o28FP                    15      0                  0                 
       Gate.o28FP                        12      0                  0                 
       Assert.o28FP                      0       5                  0                 
       xdc_noinit.o28FP                  3       0                  0                 
    +--+---------------------------------+-------+------------------+--------------------+
       Total:                            2387    298                0                 
                                                                                      
    C:\CCStudio_v7\ccsv7\tools\compiler\ti-cgt-c2000_17.6.0.STS\lib\rts2800_fpu32.lib
       _printfi.obj                      3094    66                 0                 
       trgmsg.obj                        148     0                  288               
       ll_div28.obj                      263     0                  0                 
       ctype.obj                         0       257                0                 
       s_scalbn.obj                      192     28                 0                 
       fd_add28.obj                      156     0                  0                 
       fd_div28.obj                      139     0                  0                 
       fs_div28.obj                      136     0                  0                 
       fd_mpy28.obj                      131     0                  0                 
       s_frexp.obj                       90      8                  0                 
       exit.obj                          41      14                 6                 
       hostwrite.obj                     56      0                  0                 
       atoi.obj                          49      0                  0                 
       vsprintf.obj                      48      0                  0                 
       ltoa.obj                          46      0                  0                 
       fd_cmp28.obj                      42      0                  0                 
       l_div28.obj                       42      0                  0                 
       cpy_tbl.obj                       36      0                  0                 
       s_copysign.obj                    36      0                  0                 
       fd_toi28.obj                      33      0                  0                 
       fd_tol28.obj                      31      0                  0                 
       ll_cmp28.obj                      30      0                  0                 
       memcpy.obj                        30      0                  0                 
       i_tofd28.obj                      29      0                  0                 
       fs_tofdfpu32.obj                  28      0                  0                 
       l_tofd28.obj                      28      0                  0                 
       args_main.obj                     25      0                  0                 
       ll_aox28.obj                      24      0                  0                 
       _lock.obj                         9       10                 4                 
       fd_sub28.obj                      14      0                  0                 
       memccpy.obj                       13      0                  0                 
       memset.obj                        12      0                  0                 
       strchr.obj                        12      0                  0                 
       fd_neg28.obj                      9       0                  0                 
       hostopen.obj                      0       0                  8                 
       strlen.obj                        8       0                  0                 
       errno.obj                         0       4                  1                 
       strcpy.obj                        5       0                  0                 
       pre_init.obj                      2       0                  0                 
       startup.obj                       1       0                  0                 
    +--+---------------------------------+-------+------------------+--------------------+
       Total:                            5088    387                307               
                                                                                      
    C:\dan\omapl138\GE423Sp18\_shared\SYSBIOS_BETA\sysbiosLab6F28335\sysbios\src\sysbios\sysbios.a28FP
       BIOS.obj                          3046    28                 0                 
       c28_Hwi_disp_asm.obj              155     0                  0                 
       c28_TaskSupport_asm.obj           75      0                  0                 
       c28_Hwi_asm.obj                   55      0                  0                 
       c28_IntrinsicsSupport_asm.obj     6       0                  0                 
    +--+---------------------------------+-------+------------------+--------------------+
       Total:                            3337    28                 0                 
                                                                                      
       Stack:                            0       0                  3072              
    +--+---------------------------------+-------+------------------+--------------------+
       Grand Total:                      18097   9152               12303             


GLOBAL DATA SYMBOLS: SORTED BY DATA PAGE

address     data page           name
--------    ----------------    ----
00000000       0 (00000000)     ___ISA__
00000013       0 (00000000)     ___TARG__
00000037       0 (00000000)     ___PLAT__

0000005d       1 (00000040)     ___TRDR__

00000084       2 (00000080)     ___ASM__

00000880      22 (00000880)     _DevEmuRegs

00000a80      2a (00000a80)     _FlashRegs

00000ae0      2b (00000ac0)     _CsmRegs

00000b00      2c (00000b00)     _AdcMirror
00000b20      2c (00000b00)     _XintfRegs

00000c00      30 (00000c00)     _CpuTimer0Regs
00000c08      30 (00000c00)     _CpuTimer1Regs
00000c10      30 (00000c00)     _CpuTimer2Regs

00000ce0      33 (00000cc0)     _PieCtrlRegs

00000d00      34 (00000d00)     _PieVectTable

00001000      40 (00001000)     _DmaRegs

00005000     140 (00005000)     _McbspaRegs

00005040     141 (00005040)     _McbspbRegs

00006000     180 (00006000)     _ECanaRegs

00006040     181 (00006040)     _ECanaLAMRegs

00006080     182 (00006080)     _ECanaMOTSRegs

000060c0     183 (000060c0)     _ECanaMOTORegs

00006100     184 (00006100)     _ECanaMboxes

00006200     188 (00006200)     _ECanbRegs

00006240     189 (00006240)     _ECanbLAMRegs

00006280     18a (00006280)     _ECanbMOTSRegs

000062c0     18b (000062c0)     _ECanbMOTORegs

00006300     18c (00006300)     _ECanbMboxes

00006800     1a0 (00006800)     _EPwm1Regs

00006840     1a1 (00006840)     _EPwm2Regs

00006880     1a2 (00006880)     _EPwm3Regs

000068c0     1a3 (000068c0)     _EPwm4Regs

00006900     1a4 (00006900)     _EPwm5Regs

00006940     1a5 (00006940)     _EPwm6Regs

00006a00     1a8 (00006a00)     _ECap1Regs
00006a20     1a8 (00006a00)     _ECap2Regs

00006a40     1a9 (00006a40)     _ECap3Regs
00006a60     1a9 (00006a40)     _ECap4Regs

00006a80     1aa (00006a80)     _ECap5Regs
00006aa0     1aa (00006a80)     _ECap6Regs

00006b00     1ac (00006b00)     _EQep1Regs

00006b40     1ad (00006b40)     _EQep2Regs

00006f80     1be (00006f80)     _GpioCtrlRegs

00006fc0     1bf (00006fc0)     _GpioDataRegs
00006fe0     1bf (00006fc0)     _GpioIntRegs

00007010     1c0 (00007000)     _SysCtrlRegs

00007040     1c1 (00007040)     _SpiaRegs
00007050     1c1 (00007040)     _SciaRegs
00007070     1c1 (00007040)     _XIntruptRegs

00007100     1c4 (00007100)     _AdcRegs

00007750     1dd (00007740)     _ScibRegs
00007770     1dd (00007740)     _ScicRegs

00007900     1e4 (00007900)     _I2caRegs

00008000     200 (00008000)     _ti_sysbios_knl_Task_Instance_State_1_stack__A

00008100     204 (00008100)     _ti_sysbios_knl_Task_Instance_State_0_stack__A

00008500     214 (00008500)     _ti_sysbios_heaps_HeapMem_Instance_State_0_buf__A

00008d03     234 (00008d00)     _errno
00008d04     234 (00008d00)     _esteer
00008d06     234 (00008d00)     _e2s
00008d08     234 (00008d00)     _Kp
00008d0a     234 (00008d00)     _e2
00008d0c     234 (00008d00)     _e1
00008d0e     234 (00008d00)     _esteeri
00008d10     234 (00008d00)     _Vneg
00008d12     234 (00008d00)     _Vpos
00008d14     234 (00008d00)     _Cneg
00008d16     234 (00008d00)     _Ki
00008d18     234 (00008d00)     _e1s
00008d1a     234 (00008d00)     _Cpos
00008d1c     234 (00008d00)     _Kp_turn
00008d1e     234 (00008d00)     _encoder2
00008d20     234 (00008d00)     _encoder1
00008d22     234 (00008d00)     _p2_old
00008d24     234 (00008d00)     _p1_old
00008d26     234 (00008d00)     _v2_old
00008d28     234 (00008d00)     _v1_old
00008d2a     234 (00008d00)     _u2
00008d2c     234 (00008d00)     _v1
00008d2e     234 (00008d00)     _u1
00008d30     234 (00008d00)     _v2
00008d32     234 (00008d00)     _parmbuf
00008d3a     234 (00008d00)     ___TI_enable_exit_profile_output
00008d3c     234 (00008d00)     ___TI_cleanup_ptr
00008d3e     234 (00008d00)     ___TI_dtors_ptr

00008d40     235 (00008d40)     _xdc_runtime_Error_Module__state__V
00008d42     235 (00008d40)     ___xdc__init__addr
00008d44     235 (00008d40)     _ti_sysbios_knl_Task_Module_State_0_idleTask__A
00008d46     235 (00008d40)     _xdc_runtime_Memory_Module__state__V
00008d48     235 (00008d40)     _ti_sysbios_gates_GateHwi_Object__table__V
00008d4a     235 (00008d40)     _xdc_runtime_LoggerBuf_Module__state__V
00008d4e     235 (00008d40)     _xdc_runtime_Startup_Module__state__V
00008d52     235 (00008d40)     _ti_sysbios_family_c28_TimestampProvider_Module__state__V
00008d56     235 (00008d40)     _xdc_runtime_SysMin_Module__state__V
00008d5a     235 (00008d40)     _xdc_runtime_Registry_Module__state__V
00008d5e     235 (00008d40)     _xdc_runtime_System_Module__state__V
00008d62     235 (00008d40)     _xdc_runtime_Text_Module__state__V
00008d66     235 (00008d40)     _xdc_runtime_System_Module_State_0_atexitHandlers__A
00008d6e     235 (00008d40)     _ti_sysbios_family_c28_Timer_Module__state__V

00008d80     236 (00008d80)     _ti_sysbios_knl_Swi_Module__state__V
00008d8c     236 (00008d80)     _ti_sysbios_heaps_HeapMem_Object__table__V
00008d98     236 (00008d80)     _ti_sysbios_family_c28_Hwi_Module__state__V
00008da8     236 (00008d80)     _ti_sysbios_knl_Clock_Object__table__V

00008dc0     237 (00008dc0)     _xdc_runtime_Error_IgnoreBlock
00008dd0     237 (00008dc0)     _ti_sysbios_BIOS_Module__state__V
00008de2     237 (00008dc0)     _xdc_runtime_LoggerBuf_Object__table__V

00008e00     238 (00008e00)     _ti_sysbios_knl_Clock_Module__state__V
00008e16     238 (00008e00)     _ti_sysbios_gates_GateMutex_Object__table__V

00008e40     239 (00008e40)     _ti_sysbios_knl_Task_Module__state__V

00008e80     23a (00008e80)     _ti_sysbios_knl_Swi_Object__table__V

00008ec0     23b (00008ec0)     _ti_sysbios_family_c28_Timer_Object__table__V

00008f00     23c (00008f00)     _ti_sysbios_knl_Swi_Module_State_0_readyQ__A

00008f40     23d (00008f40)     _ti_sysbios_knl_Task_Module_State_0_readyQ__A

00008f80     23e (00008f80)     _ti_sysbios_knl_Task_Object__table__V

00009000     240 (00009000)     _ti_sysbios_family_c28_Hwi_Object__table__V

000090c0     243 (000090c0)     _ti_sysbios_family_c28_Hwi_Module_State_0_dispatchTable__A

000091c0     247 (000091c0)     _xdc_runtime_LoggerBuf_Instance_State_0_entryArr__A

000093c0     24f (000093c0)     _xdc_runtime_SysMin_Module_State_0_outbuf__A

000095c0     257 (000095c0)     _SerialB

00009680     25a (00009680)     _SerialA

00009740     25d (00009740)     _SerialC

000097c8     25f (000097c0)     _CpuTimer1
000097d0     25f (000097c0)     _CpuTimer2
000097d8     25f (000097c0)     _CpuTimer0
000097e0     25f (000097c0)     _PIVEL_enable
000097e1     25f (000097c0)     _nocomm
000097e2     25f (000097c0)     _McBSPB_rdy
000097e3     25f (000097c0)     _McBSP_RecGoodData_ReadyTX
000097e4     25f (000097c0)     _newOMAPdata
000097e6     25f (000097c0)     _McBSP_COMerr
000097e8     25f (000097c0)     _mcbsp_turn
000097ea     25f (000097c0)     _mcbsp_vref
000097ec     25f (000097c0)     _mcbsp_dac2
000097ee     25f (000097c0)     _McBSPb_int_count
000097f0     25f (000097c0)     _mcbsp_pwm2
000097f2     25f (000097c0)     _mcbsp_dac1
000097f4     25f (000097c0)     _mcbsp_pwm1
000097f6     25f (000097c0)     _PWM4setupasRCservo
000097f7     25f (000097c0)     _PWM3setupasRCservo
000097f8     25f (000097c0)     _PWM5setupasRCservo
000097f9     25f (000097c0)     _McBSPb_read2
000097fa     25f (000097c0)     _McBSPb_read1
000097fc     25f (000097c0)     __lock
000097fe     25f (000097c0)     __unlock

00009800     260 (00009800)     _I2Cbusy
00009801     260 (00009800)     _CompassNew
00009802     260 (00009800)     _getIRs_err
00009803     260 (00009800)     _getI2C_err
00009804     260 (00009800)     _task_state
00009806     260 (00009800)     _Compassbuff

00009840     261 (00009840)     _I2Ctxbuffer

00009880     262 (00009880)     _raw_adc_A1
00009881     262 (00009880)     _raw_adc_A2
00009882     262 (00009880)     _newF28335_Extra
00009883     262 (00009880)     _raw_adc_A4
00009884     262 (00009880)     _raw_adc_A5
00009885     262 (00009880)     _raw_adc_A0
00009886     262 (00009880)     _switchstate
00009887     262 (00009880)     _raw_adc_A3
00009888     262 (00009880)     _toggleUSonic
00009889     262 (00009880)     _raw_adc_B6
0000988a     262 (00009880)     _raw_adc_B7
0000988b     262 (00009880)     _raw_adc_B4
0000988c     262 (00009880)     _dogReset
0000988d     262 (00009880)     _omap_PIVEL_enable
0000988e     262 (00009880)     _raw_adc_B5
0000988f     262 (00009880)     _raw_adc_B0
00009890     262 (00009880)     _raw_adc_B1
00009891     262 (00009880)     _raw_adc_A6
00009892     262 (00009880)     _raw_adc_B3
00009893     262 (00009880)     _whattoprint
00009894     262 (00009880)     _raw_adc_A7
00009895     262 (00009880)     _raw_adc_B2
00009896     262 (00009880)     _value_enc1
00009898     262 (00009880)     _value_enc2
0000989a     262 (00009880)     _omap_dac2
0000989c     262 (00009880)     _F28335_Extra4
0000989e     262 (00009880)     _F28335_Extra3
000098a0     262 (00009880)     _omap_vref
000098a2     262 (00009880)     _omap_pwm1
000098a4     262 (00009880)     _omap_turn
000098a6     262 (00009880)     _omap_pwm2
000098a8     262 (00009880)     _omap_dac1
000098aa     262 (00009880)     _gyro_y
000098ac     262 (00009880)     _gyro_x
000098ae     262 (00009880)     _Enc2_rad
000098b0     262 (00009880)     _Enc1_rad
000098b2     262 (00009880)     _Enc3_rad
000098b4     262 (00009880)     _noi2c
000098b6     262 (00009880)     _timeint
000098b8     262 (00009880)     _Enc4_rad
000098ba     262 (00009880)     _F28335_Extra2
000098bc     262 (00009880)     _F28335_Extra1

000098c0     263 (000098c0)     _enc2
000098ca     263 (000098c0)     _enc1
000098d4     263 (000098c0)     _SPIenc_state_errors
000098d5     263 (000098c0)     _SPIenc_state
000098d6     263 (000098c0)     _dac2data
000098d7     263 (000098c0)     _dac1data
000098d8     263 (000098c0)     _SPIenc1_reading
[...]
0     003060c4  _xdc_runtime_ILogger_Interface__BASE__C                   
0     003060c6  _xdc_runtime_IModule_Interface__BASE__C                   
0     003060c8  _xdc_runtime_Log_L_error__C                               
0     003060ca  _xdc_runtime_LoggerBuf_E_badLevel__C                      
0     003060cc  _xdc_runtime_LoggerBuf_Module__gateObj__C                 
0     003060ce  _xdc_runtime_LoggerBuf_statusLogger__C                    
0     003060d0  _xdc_runtime_Startup_execImpl__C                          
0     003060d2  _xdc_runtime_Startup_lastFxns__A                          
0     003060d4  _xdc_runtime_Startup_sfxnRts__C                           
0     003060d6  _xdc_runtime_Startup_sfxnTab__C                           
0     003060d8  _xdc_runtime_SysMin_bufSize__C                            
0     003060da  _xdc_runtime_SysMin_outputFunc__C                         
0     003060dc  _xdc_runtime_System_Module__gateObj__C                    
0     003060de  _xdc_runtime_System_abortFxn__C                           
0     003060e0  _xdc_runtime_System_exitFxn__C                            
0     003060e2  _xdc_runtime_System_extendFxn__C                          
0     003060e4  _xdc_runtime_Text_charTab__C                              
0     003060e6  _xdc_runtime_Text_nodeTab__C                              
0     003060e8  _xdc_runtime_Text_visitRopeFxn__C                         
0     003060ea  _ti_sysbios_family_c28_Timer_startupNeeded__C             
0     003060eb  _ti_sysbios_family_c28_TimestampProvider_useClockTimer__C 
0     003060ec  _ti_sysbios_hal_Hwi_Module__id__C                         
0     003060ed  _ti_sysbios_heaps_HeapMem_Module__id__C                   
0     003060ee  _ti_sysbios_heaps_HeapMem_Object__count__C                
0     003060ef  _ti_sysbios_knl_Swi_Object__count__C                      
0     003060f0  _ti_sysbios_knl_Task_Module__id__C                        
0     003060f1  _ti_sysbios_knl_Task_Object__count__C                     
0     003060f2  _ti_sysbios_knl_Task_numConstructedTasks__C               
0     003060f3  _xdc_runtime_Error_Module__loggerDefined__C               
0     003060f4  _xdc_runtime_Error_maxDepth__C                            
0     003060f5  _xdc_runtime_Error_policy__C                              
0     003060f6  _xdc_runtime_LoggerBuf_Module__id__C                      
0     003060f7  _xdc_runtime_LoggerBuf_Object__count__C                   
0     003060f8  _xdc_runtime_LoggerBuf_filterByLevel__C                   
0     003060f9  _xdc_runtime_Startup_maxPasses__C                         
0     003060fa  _xdc_runtime_SysMin_flushAtExit__C                        
0     003060fb  _xdc_runtime_System_maxAtexitHandlers__C                  
0     003060fc  _xdc_runtime_Text_isLoaded__C                             
0     003060fd  _xdc_runtime_Text_registryModsLastId__C                   
0     003060fe  _xdc_runtime_Text_unnamedModsLastId__C                    
0     003060ff  _RamfuncsLoadStart                                        
0     00306269  _RamfuncsLoadEnd                                          
0     00306269  ___cinit__                                                
0     00306269  cinit                                                     
0     0033fff6  code_start                                                
0     00380080  _ADC_cal                                                  
1     00000880  _DevEmuRegs                                               
1     00000a80  _FlashRegs                                                
1     00000ae0  _CsmRegs                                                  
1     00000b00  _AdcMirror                                                
1     00000b20  _XintfRegs                                                
1     00000c00  _CpuTimer0Regs                                            
1     00000c08  _CpuTimer1Regs                                            
1     00000c10  _CpuTimer2Regs                                            
1     00000ce0  _PieCtrlRegs                                              
1     00001000  _DmaRegs                                                  
1     00005000  _McbspaRegs                                               
1     00005040  _McbspbRegs                                               
1     00006000  _ECanaRegs                                                
1     00006040  _ECanaLAMRegs                                             
1     00006080  _ECanaMOTSRegs                                            
1     000060c0  _ECanaMOTORegs                                            
1     00006100  _ECanaMboxes                                              
1     00006200  _ECanbRegs                                                
1     00006240  _ECanbLAMRegs                                             
1     00006280  _ECanbMOTSRegs                                            
1     000062c0  _ECanbMOTORegs                                            
1     00006300  _ECanbMboxes                                              
1     00006800  _EPwm1Regs                                                
1     00006840  _EPwm2Regs                                                
1     00006880  _EPwm3Regs                                                
1     000068c0  _EPwm4Regs                                                
1     00006900  _EPwm5Regs                                                
1     00006940  _EPwm6Regs                                                
1     00006a00  _ECap1Regs                                                
1     00006a20  _ECap2Regs                                                
1     00006a40  _ECap3Regs                                                
1     00006a60  _ECap4Regs                                                
1     00006a80  _ECap5Regs                                                
1     00006aa0  _ECap6Regs                                                
1     00006b00  _EQep1Regs                                                
1     00006b40  _EQep2Regs                                                
1     00006f80  _GpioCtrlRegs                                             
1     00006fc0  _GpioDataRegs                                             
1     00006fe0  _GpioIntRegs                                              
1     00007010  _SysCtrlRegs                                              
1     00007040  _SpiaRegs                                                 
1     00007050  _SciaRegs                                                 
1     00007070  _XIntruptRegs                                             
1     00007100  _AdcRegs                                                  
1     00007750  _ScibRegs                                                 
1     00007770  _ScicRegs                                                 
1     00007900  _I2caRegs                                                 
1     00008000  _ti_sysbios_knl_Task_Instance_State_1_stack__A            
1     00008100  _ti_sysbios_knl_Task_Instance_State_0_stack__A            
1     00008500  _ti_sysbios_heaps_HeapMem_Instance_State_0_buf__A         
1     00008d03  _errno                                                    
1     00008d04  _esteer                                                   
1     00008d06  _e2s                                                      
1     00008d08  _Kp                                                       
1     00008d0a  _e2                                                       
1     00008d0c  _e1                                                       
1     00008d0e  _esteeri                                                  
1     00008d10  _Vneg                                                     
1     00008d12  _Vpos                                                     
1     00008d14  _Cneg                                                     
1     00008d16  _Ki                                                       
1     00008d18  _e1s                                                      
1     00008d1a  _Cpos                                                     
1     00008d1c  _Kp_turn                                                  
1     00008d1e  _encoder2                                                 
1     00008d20  _encoder1                                                 
1     00008d22  _p2_old                                                   
1     00008d24  _p1_old                                                   
1     00008d26  _v2_old                                                   
1     00008d28  _v1_old                                                   
1     00008d2a  _u2                                                       
1     00008d2c  _v1                                                       
1     00008d2e  _u1                                                       
1     00008d30  _v2                                                       
1     00008d32  _parmbuf                                                  
1     00008d3a  ___TI_enable_exit_profile_output                          
1     00008d3c  ___TI_cleanup_ptr                                         
1     00008d3e  ___TI_dtors_ptr                                           
1     00008d40  _xdc_runtime_Error_Module__state__V                       
1     00008d42  ___xdc__init__addr                                        
1     00008d44  _ti_sysbios_knl_Task_Module_State_0_idleTask__A           
1     00008d46  _xdc_runtime_Memory_Module__state__V                      
1     00008d48  _ti_sysbios_gates_GateHwi_Object__table__V                
1     00008d4a  _xdc_runtime_LoggerBuf_Module__state__V                   
1     00008d4e  _xdc_runtime_Startup_Module__state__V                     
1     00008d52  _ti_sysbios_family_c28_TimestampProvider_Module__state__V 
1     00008d56  _xdc_runtime_SysMin_Module__state__V                      
1     00008d5a  _xdc_runtime_Registry_Module__state__V                    
1     00008d5e  _xdc_runtime_System_Module__state__V                      
1     00008d62  _xdc_runtime_Text_Module__state__V                        
1     00008d66  _xdc_runtime_System_Module_State_0_atexitHandlers__A      
1     00008d6e  _ti_sysbios_family_c28_Timer_Module__state__V             
1     00008d80  _ti_sysbios_knl_Swi_Module__state__V                      
1     00008d8c  _ti_sysbios_heaps_HeapMem_Object__table__V                
1     00008d98  _ti_sysbios_family_c28_Hwi_Module__state__V               
1     00008da8  _ti_sysbios_knl_Clock_Object__table__V                    
1     00008dc0  _xdc_runtime_Error_IgnoreBlock                            
1     00008dd0  _ti_sysbios_BIOS_Module__state__V                         
1     00008de2  _xdc_runtime_LoggerBuf_Object__table__V                   
1     00008e00  _ti_sysbios_knl_Clock_Module__state__V                    
1     00008e16  _ti_sysbios_gates_GateMutex_Object__table__V              
1     00008e40  _ti_sysbios_knl_Task_Module__state__V                     
1     00008e80  _ti_sysbios_knl_Swi_Object__table__V                      
1     00008ec0  _ti_sysbios_family_c28_Timer_Object__table__V             
1     00008f00  _ti_sysbios_knl_Swi_Module_State_0_readyQ__A              
1     00008f40  _ti_sysbios_knl_Task_Module_State_0_readyQ__A             
1     00008f80  _ti_sysbios_knl_Task_Object__table__V                     
1     00009000  _ti_sysbios_family_c28_Hwi_Object__table__V               
1     000090c0  _ti_sysbios_family_c28_Hwi_Module_State_0_dispatchTable__A
1     000091c0  _xdc_runtime_LoggerBuf_Instance_State_0_entryArr__A       
1     000093c0  _xdc_runtime_SysMin_Module_State_0_outbuf__A              
1     000095c0  _SerialB                                                  
1     00009680  _SerialA                                                  
1     00009740  _SerialC                                                  
1     000097c8  _CpuTimer1                                                
1     000097d0  _CpuTimer2                                                
1     000097d8  _CpuTimer0                                                
1     000097e0  _PIVEL_enable                                             
1     000097e1  _nocomm                                                   
1     000097e2  _McBSPB_rdy                                               
1     000097e3  _McBSP_RecGoodData_ReadyTX                                
1     000097e4  _newOMAPdata                                              
1     000097e6  _McBSP_COMerr                                             
1     000097e8  _mcbsp_turn                                               
1     000097ea  _mcbsp_vref                                               
1     000097ec  _mcbsp_dac2                                               
1     000097ee  _McBSPb_int_count                                         
1     000097f0  _mcbsp_pwm2                                               
1     000097f2  _mcbsp_dac1                                               
1     000097f4  _mcbsp_pwm1                                               
1     000097f6  _PWM4setupasRCservo                                       
1     000097f7  _PWM3setupasRCservo                                       
1     000097f8  _PWM5setupasRCservo                                       
1     000097f9  _McBSPb_read2                                             
1     000097fa  _McBSPb_read1                                             
1     000097fc  __lock                                                    
1     000097fe  __unlock                                                  
1     00009800  _I2Cbusy                                                  
1     00009801  _CompassNew                                               
1     00009802  _getIRs_err                                               
1     00009803  _getI2C_err                                               
1     00009804  _task_state                                               
1     00009806  _Compassbuff                                              
1     00009840  _I2Ctxbuffer                                              
1     00009880  _raw_adc_A1                                               
1     00009881  _raw_adc_A2                                               
1     00009882  _newF28335_Extra                                          
1     00009883  _raw_adc_A4                                               
1     00009884  _raw_adc_A5                                               
1     00009885  _raw_adc_A0                                               
1     00009886  _switchstate                                              
1     00009887  _raw_adc_A3                                               
1     00009888  _toggleUSonic                                             
1     00009889  _raw_adc_B6                                               
1     0000988a  _raw_adc_B7                                               
1     0000988b  _raw_adc_B4                                               
1     0000988c  _dogReset                                                 
1     0000988d  _omap_PIVEL_enable                                        
1     0000988e  _raw_adc_B5                                               
1     0000988f  _raw_adc_B0                                               
1     00009890  _raw_adc_B1                                               
1     00009891  _raw_adc_A6                                               
1     00009892  _raw_adc_B3                                               
1     00009893  _whattoprint                                              
1     00009894  _raw_adc_A7                                               
1     00009895  _raw_adc_B2                                               
1     00009896  _value_enc1                                               
1     00009898  _value_enc2                                               
1     0000989a  _omap_dac2                                                
1     0000989c  _F28335_Extra4                                            
1     0000989e  _F28335_Extra3                                            
1     000098a0  _omap_vref                                                
1     000098a2  _omap_pwm1                                                
1     000098a4  _omap_turn                                                
1     000098a6  _omap_pwm2                                                
1     000098a8  _omap_dac1                                                
1     000098aa  _gyro_y                                                   
1     000098ac  _gyro_x                                                   
1     000098ae  _Enc2_rad                                                 
1     000098b0  _Enc1_rad                                                 
1     000098b2  _Enc3_rad                                                 
1     000098b4  _noi2c                                                    
1     000098b6  _timeint                                                  
1     000098b8  _Enc4_rad                                                 
1     000098ba  _F28335_Extra2                                            
1     000098bc  _F28335_Extra1                                            
1     000098c0  _enc2                                                     
1     000098ca  _enc1                                                     
1     000098d4  _SPIenc_state_errors                                      
1     000098d5  _SPIenc_state                                             
1     000098d6  _dac2data                                                 
1     000098d7  _dac1data                                                 
1     000098d8  _SPIenc1_reading                                          
1     000098da  _SPIbyte5                                                 
1     000098dc  _SPIenc3_reading                                          
1     000098de  _SPIenc2_reading                                          
1     000098e0  _SPIenc4_reading                                          
1     000098e2  _SPIbyte1                                                 
1     000098e4  _SPIbyte3                                                 
1     000098e6  _SPIbyte2                                                 
1     000098e8  _SPIbyte4                                                 
1     000098ea  _LCD_serial                                               
1     000098ec  __stack                                                   
1     0000a4ec  __STACK_END                                               
1     0000a680  __CIOBUF_                                                 
1     0000fe00  _RXBuff                                                   
1     0000fe40  _TXBuff                                                   
1     003f7ff8  _CsmPwl                                                   
abs   00000001  _xdc_runtime_Startup__EXECFXN__C                          
abs   00000001  _xdc_runtime_Startup__RESETFXN__C                         
abs   0000016a  _RamfuncsLoadSize                                         
abs   00000c00  __STACK_SIZE                                              
abs   ffffffff  ___TI_pprof_out_hndl                                      
abs   ffffffff  ___TI_prof_data_size                                      
abs   ffffffff  ___TI_prof_data_start                                     
abs   ffffffff  ___binit__                                                
abs   ffffffff  ___c_args__                                               
abs   ffffffff  ___pinit__                                                
abs   ffffffff  binit                                                     
abs   ffffffff  pinit                                                     

[652 symbols]
