<?xml version="1.0"?>
<link_info>
   <banner>TMS320C6x Linker PC v7.4.22</banner>
   <copyright>Copyright (c) 1996-2017 Texas Instruments Incorporated</copyright>
   <link_time>0x5aebc59c</link_time>
   <output_file>final_v1.out</output_file>
   <entry_point>
      <name>_c_int00</name>
      <address>0x11831c20</address>
   </entry_point>
   <input_file_list>
      <input_file id="fl-2">
         <path>.\</path>
         <kind>object</kind>
         <file>COECSL_edma3.obj</file>
         <name>COECSL_edma3.obj</name>
      </input_file>
      <input_file id="fl-3">
         <path>.\</path>
         <kind>object</kind>
         <file>COECSL_mcbsp.obj</file>
         <name>COECSL_mcbsp.obj</name>
      </input_file>
      <input_file id="fl-4">
         <path>.\</path>
         <kind>object</kind>
         <file>ColorLCD.obj</file>
         <name>ColorLCD.obj</name>
      </input_file>
      <input_file id="fl-5">
         <path>.\</path>
         <kind>object</kind>
         <file>ColorVision.obj</file>
         <name>ColorVision.obj</name>
      </input_file>
      <input_file id="fl-6">
         <path>.\</path>
         <kind>object</kind>
         <file>LCDprintf.obj</file>
         <name>LCDprintf.obj</name>
      </input_file>
      <input_file id="fl-7">
         <path>.\</path>
         <kind>object</kind>
         <file>Ladar.obj</file>
         <name>Ladar.obj</name>
      </input_file>
      <input_file id="fl-8">
         <path>.\</path>
         <kind>object</kind>
         <file>MatrixMath.obj</file>
         <name>MatrixMath.obj</name>
      </input_file>
      <input_file id="fl-9">
         <path>.\</path>
         <kind>object</kind>
         <file>astarfile.obj</file>
         <name>astarfile.obj</name>
      </input_file>
      <input_file id="fl-a">
         <path>.\</path>
         <kind>object</kind>
         <file>final_v1cfg.obj</file>
         <name>final_v1cfg.obj</name>
      </input_file>
      <input_file id="fl-b">
         <path>.\</path>
         <kind>object</kind>
         <file>final_v1cfg_c.obj</file>
         <name>final_v1cfg_c.obj</name>
      </input_file>
      <input_file id="fl-c">
         <path>.\</path>
         <kind>object</kind>
         <file>pQueue.obj</file>
         <name>pQueue.obj</name>
      </input_file>
      <input_file id="fl-d">
         <path>.\</path>
         <kind>object</kind>
         <file>pru.obj</file>
         <name>pru.obj</name>
      </input_file>
      <input_file id="fl-e">
         <path>.\</path>
         <kind>object</kind>
         <file>user_final_v1.obj</file>
         <name>user_final_v1.obj</name>
      </input_file>
      <input_file id="fl-f">
         <path>.\</path>
         <kind>object</kind>
         <file>user_xy.obj</file>
         <name>user_xy.obj</name>
      </input_file>
      <input_file id="fl-94">
         <path>C:\CCStudio_v7\bios_5_42_02_10\packages\ti\bios\lib\</path>
         <kind>archive</kind>
         <file>bios.a674</file>
         <name>biosdata.o674</name>
      </input_file>
      <input_file id="fl-95">
         <path>C:\CCStudio_v7\bios_5_42_02_10\packages\ti\bios\lib\</path>
         <kind>archive</kind>
         <file>bios.a674</file>
         <name>hwi_disp_asm.o674</name>
      </input_file>
      <input_file id="fl-96">
         <path>C:\CCStudio_v7\bios_5_42_02_10\packages\ti\bios\lib\</path>
         <kind>archive</kind>
         <file>bios.a674</file>
         <name>idl_stub.o674</name>
      </input_file>
      <input_file id="fl-97">
         <path>C:\CCStudio_v7\bios_5_42_02_10\packages\ti\bios\lib\</path>
         <kind>archive</kind>
         <file>lnkrtdx.a674</file>
         <name>rtdx.o674</name>
      </input_file>
      <input_file id="fl-98">
         <path>C:\CCStudio_v7\bios_5_42_02_10\packages\ti\bios\lib\</path>
         <kind>archive</kind>
         <file>bios.a674</file>
         <name>swi.o674</name>
      </input_file>
      <input_file id="fl-99">
         <path>C:\CCStudio_v7\bios_5_42_02_10\packages\ti\bios\lib\</path>
         <kind>archive</kind>
         <file>bios6748.a674</file>
         <name>bcache_init.o674</name>
      </input_file>
      <input_file id="fl-9a">
         <path>C:\CCStudio_v7\bios_5_42_02_10\packages\ti\bios\lib\</path>
         <kind>archive</kind>
         <file>bios6748.a674</file>
         <name>clk_gethtime.o674</name>
      </input_file>
      <input_file id="fl-9b">
         <path>C:\CCStudio_v7\bios_5_42_02_10\packages\ti\bios\lib\</path>
         <kind>archive</kind>
         <file>bios.a674</file>
         <name>fxn_c.o674</name>
      </input_file>
      <input_file id="fl-9c">
         <path>C:\CCStudio_v7\bios_5_42_02_10\packages\ti\bios\lib\</path>
         <kind>archive</kind>
         <file>bios.a674</file>
         <name>knl_tick.o674</name>
      </input_file>
      <input_file id="fl-9d">
         <path>C:\CCStudio_v7\bios_5_42_02_10\packages\ti\bios\lib\</path>
         <kind>archive</kind>
         <file>bios.a674</file>
         <name>utl_doab.o674</name>
      </input_file>
      <input_file id="fl-9e">
         <path>C:\CCStudio_v7\bios_5_42_02_10\packages\ti\bios\lib\</path>
         <kind>archive</kind>
         <file>bios.a674</file>
         <name>utl_doer.o674</name>
      </input_file>
      <input_file id="fl-9f">
         <path>C:\CCStudio_v7\bios_5_42_02_10\packages\ti\bios\lib\</path>
         <kind>archive</kind>
         <file>bios.a674</file>
         <name>utl_putc.o674</name>
      </input_file>
      <input_file id="fl-a0">
         <path>C:\CCStudio_v7\bios_5_42_02_10\packages\ti\bios\lib\</path>
         <kind>archive</kind>
         <file>bios.a674</file>
         <name>utl_halt.o674</name>
      </input_file>
      <input_file id="fl-a1">
         <path>C:\CCStudio_v7\bios_5_42_02_10\packages\ti\bios\lib\</path>
         <kind>archive</kind>
         <file>bios6748.a674</file>
         <name>clk.o674</name>
      </input_file>
      <input_file id="fl-a2">
         <path>C:\CCStudio_v7\bios_5_42_02_10\packages\ti\bios\lib\</path>
         <kind>archive</kind>
         <file>bios.a674</file>
         <name>fxn.o674</name>
      </input_file>
      <input_file id="fl-a3">
         <path>C:\CCStudio_v7\bios_5_42_02_10\packages\ti\bios\lib\</path>
         <kind>archive</kind>
         <file>bios.a674</file>
         <name>boot.o674</name>
      </input_file>
      <input_file id="fl-a4">
         <path>C:\CCStudio_v7\bios_5_42_02_10\packages\ti\bios\lib\</path>
         <kind>archive</kind>
         <file>bios.a674</file>
         <name>trc.o674</name>
      </input_file>
      <input_file id="fl-a5">
         <path>C:\CCStudio_v7\bios_5_42_02_10\packages\ti\bios\lib\</path>
         <kind>archive</kind>
         <file>bios.a674</file>
         <name>hwi.o674</name>
      </input_file>
      <input_file id="fl-a6">
         <path>C:\CCStudio_v7\bios_5_42_02_10\packages\ti\bios\lib\</path>
         <kind>archive</kind>
         <file>bios.a674</file>
         <name>idl_busy.o674</name>
      </input_file>
      <input_file id="fl-a7">
         <path>C:\CCStudio_v7\bios_5_42_02_10\packages\ti\bios\lib\</path>
         <kind>archive</kind>
         <file>bios6748.a674</file>
         <name>idl_cal.o674</name>
      </input_file>
      <input_file id="fl-a8">
         <path>C:\CCStudio_v7\bios_5_42_02_10\packages\ti\bios\lib\</path>
         <kind>archive</kind>
         <file>bios.a674</file>
         <name>idl.o674</name>
      </input_file>
      <input_file id="fl-a9">
         <path>C:\CCStudio_v7\bios_5_42_02_10\packages\ti\bios\lib\</path>
         <kind>archive</kind>
         <file>bios.a674</file>
         <name>knl_swit.o674</name>
      </input_file>
      <input_file id="fl-aa">
         <path>C:\CCStudio_v7\bios_5_42_02_10\packages\ti\bios\lib\</path>
         <kind>archive</kind>
         <file>bios.a674</file>
         <name>log.o674</name>
      </input_file>
      <input_file id="fl-ab">
         <path>C:\CCStudio_v7\bios_5_42_02_10\packages\ti\bios\lib\</path>
         <kind>archive</kind>
         <file>bios.a674</file>
         <name>pip.o674</name>
      </input_file>
      <input_file id="fl-ac">
         <path>C:\CCStudio_v7\bios_5_42_02_10\packages\ti\bios\lib\</path>
         <kind>archive</kind>
         <file>bios.a674</file>
         <name>prd.o674</name>
      </input_file>
      <input_file id="fl-ad">
         <path>C:\CCStudio_v7\bios_5_42_02_10\packages\ti\bios\lib\</path>
         <kind>archive</kind>
         <file>bios.a674</file>
         <name>rta.o674</name>
      </input_file>
      <input_file id="fl-ae">
         <path>C:\CCStudio_v7\bios_5_42_02_10\packages\ti\bios\lib\</path>
         <kind>archive</kind>
         <file>bios.a674</file>
         <name>rta_andn.o674</name>
      </input_file>
      <input_file id="fl-af">
         <path>C:\CCStudio_v7\bios_5_42_02_10\packages\ti\bios\lib\</path>
         <kind>archive</kind>
         <file>bios.a674</file>
         <name>sts.o674</name>
      </input_file>
      <input_file id="fl-b0">
         <path>C:\CCStudio_v7\bios_5_42_02_10\packages\ti\bios\lib\</path>
         <kind>archive</kind>
         <file>bios6748.a674</file>
         <name>bcache_block.o674</name>
      </input_file>
      <input_file id="fl-b1">
         <path>C:\CCStudio_v7\bios_5_42_02_10\packages\ti\bios\lib\</path>
         <kind>archive</kind>
         <file>bios6748.a674</file>
         <name>bcache_wait.o674</name>
      </input_file>
      <input_file id="fl-b2">
         <path>C:\CCStudio_v7\bios_5_42_02_10\packages\ti\bios\lib\</path>
         <kind>archive</kind>
         <file>bios.a674</file>
         <name>clk_data.o674</name>
      </input_file>
      <input_file id="fl-b3">
         <path>C:\CCStudio_v7\bios_5_42_02_10\packages\ti\bios\lib\</path>
         <kind>archive</kind>
         <file>bios.a674</file>
         <name>clk_getltime.o674</name>
      </input_file>
      <input_file id="fl-b4">
         <path>C:\CCStudio_v7\bios_5_42_02_10\packages\ti\bios\lib\</path>
         <kind>archive</kind>
         <file>bios.a674</file>
         <name>clk_data2.o674</name>
      </input_file>
      <input_file id="fl-b5">
         <path>C:\CCStudio_v7\bios_5_42_02_10\packages\ti\bios\lib\</path>
         <kind>archive</kind>
         <file>bios6748.a674</file>
         <name>clk_data.o674</name>
      </input_file>
      <input_file id="fl-b6">
         <path>C:\CCStudio_v7\bios_5_42_02_10\packages\ti\bios\lib\</path>
         <kind>archive</kind>
         <file>bios6748.a674</file>
         <name>clk_meas.o674</name>
      </input_file>
      <input_file id="fl-b7">
         <path>C:\team5demoday\_shared\bsl\lib\</path>
         <kind>archive</kind>
         <file>evmomapl138_bsl.lib</file>
         <name>evmomapl138.obj</name>
      </input_file>
      <input_file id="fl-b8">
         <path>C:\CCStudio_v7\bios_5_42_02_10\packages\ti\bios\lib\</path>
         <kind>archive</kind>
         <file>bios.a674</file>
         <name>exc_asm.o674</name>
      </input_file>
      <input_file id="fl-b9">
         <path>C:\CCStudio_v7\bios_5_42_02_10\packages\ti\bios\lib\</path>
         <kind>archive</kind>
         <file>bios.a674</file>
         <name>exc.o674</name>
      </input_file>
      <input_file id="fl-ba">
         <path>C:\CCStudio_v7\bios_5_42_02_10\packages\ti\bios\lib\</path>
         <kind>archive</kind>
         <file>bios.a674</file>
         <name>gbl_cacheinit64P.o674</name>
      </input_file>
      <input_file id="fl-bb">
         <path>C:\CCStudio_v7\bios_5_42_02_10\packages\ti\bios\lib\</path>
         <kind>archive</kind>
         <file>bios.a674</file>
         <name>gbl_vers.o674</name>
      </input_file>
      <input_file id="fl-bc">
         <path>C:\team5demoday\_shared\bsl\lib\</path>
         <kind>archive</kind>
         <file>evmomapl138_bsl.lib</file>
         <name>evmomapl138_gpio.obj</name>
      </input_file>
      <input_file id="fl-bd">
         <path>C:\CCStudio_v7\bios_5_42_02_10\packages\ti\rtdx\lib\c6000\</path>
         <kind>archive</kind>
         <file>rtdx64xplus.lib</file>
         <name>rtdx_mon.o64P</name>
      </input_file>
      <input_file id="fl-be">
         <path>C:\CCStudio_v7\bios_5_42_02_10\packages\ti\bios\lib\</path>
         <kind>archive</kind>
         <file>bios.a674</file>
         <name>hwi_c.o674</name>
      </input_file>
      <input_file id="fl-bf">
         <path>C:\team5demoday\_shared\bsl\lib\</path>
         <kind>archive</kind>
         <file>evmomapl138_bsl.lib</file>
         <name>evmomapl138_i2c_gpio.obj</name>
      </input_file>
      <input_file id="fl-c0">
         <path>C:\team5demoday\_shared\bsl\lib\</path>
         <kind>archive</kind>
         <file>evmomapl138_bsl.lib</file>
         <name>evmomapl138_i2c.obj</name>
      </input_file>
      <input_file id="fl-c1">
         <path>C:\CCStudio_v7\bios_5_42_02_10\packages\ti\bios\lib\</path>
         <kind>archive</kind>
         <file>bios.a674</file>
         <name>knl.o674</name>
      </input_file>
      <input_file id="fl-c2">
         <path>C:\CCStudio_v7\bios_5_42_02_10\packages\ti\bios\lib\</path>
         <kind>archive</kind>
         <file>bios.a674</file>
         <name>knl_exit.o674</name>
      </input_file>
      <input_file id="fl-c3">
         <path>C:\CCStudio_v7\bios_5_42_02_10\packages\ti\bios\lib\</path>
         <kind>archive</kind>
         <file>bios.a674</file>
         <name>knl_chec.o674</name>
      </input_file>
      <input_file id="fl-c4">
         <path>C:\CCStudio_v7\bios_5_42_02_10\packages\ti\bios\lib\</path>
         <kind>archive</kind>
         <file>bios.a674</file>
         <name>knl_post.o674</name>
      </input_file>
      <input_file id="fl-c5">
         <path>C:\CCStudio_v7\bios_5_42_02_10\packages\ti\bios\lib\</path>
         <kind>archive</kind>
         <file>bios.a674</file>
         <name>knl_ipos.o674</name>
      </input_file>
      <input_file id="fl-c6">
         <path>C:\CCStudio_v7\bios_5_42_02_10\packages\ti\bios\lib\</path>
         <kind>archive</kind>
         <file>bios.a674</file>
         <name>knl_run.o674</name>
      </input_file>
      <input_file id="fl-c7">
         <path>C:\CCStudio_v7\bios_5_42_02_10\packages\ti\bios\lib\</path>
         <kind>archive</kind>
         <file>bios.a674</file>
         <name>mem_asm.o674</name>
      </input_file>
      <input_file id="fl-c8">
         <path>C:\CCStudio_v7\bios_5_42_02_10\packages\ti\bios\lib\</path>
         <kind>archive</kind>
         <file>bios.a674</file>
         <name>mem_init.o674</name>
      </input_file>
      <input_file id="fl-c9">
         <path>C:\CCStudio_v7\bios_5_42_02_10\packages\ti\bios\lib\</path>
         <kind>archive</kind>
         <file>bios.a674</file>
         <name>obj_init.o674</name>
      </input_file>
      <input_file id="fl-ca">
         <path>C:\CCStudio_v7\bios_5_42_02_10\packages\ti\rtdx\lib\c6000\</path>
         <kind>archive</kind>
         <file>rtdx64xplus.lib</file>
         <name>buffer2.o64P</name>
      </input_file>
      <input_file id="fl-cb">
         <path>C:\CCStudio_v7\bios_5_42_02_10\packages\ti\rtdx\lib\c6000\</path>
         <kind>archive</kind>
         <file>rtdx64xplus.lib</file>
         <name>buffer1.o64P</name>
      </input_file>
      <input_file id="fl-cc">
         <path>C:\CCStudio_v7\bios_5_42_02_10\packages\ti\rtdx\lib\c6000\</path>
         <kind>archive</kind>
         <file>rtdx64xplus.lib</file>
         <name>intr_tgt.o64P</name>
      </input_file>
      <input_file id="fl-cd">
         <path>C:\CCStudio_v7\bios_5_42_02_10\packages\ti\rtdx\lib\c6000\</path>
         <kind>archive</kind>
         <file>rtdx64xplus.lib</file>
         <name>memfill.o64P</name>
      </input_file>
      <input_file id="fl-ce">
         <path>C:\CCStudio_v7\bios_5_42_02_10\packages\ti\bios\lib\</path>
         <kind>archive</kind>
         <file>bios.a674</file>
         <name>sem_pend_counting.o674</name>
      </input_file>
      <input_file id="fl-cf">
         <path>C:\CCStudio_v7\bios_5_42_02_10\packages\ti\bios\lib\</path>
         <kind>archive</kind>
         <file>bios.a674</file>
         <name>sem_pend.o674</name>
      </input_file>
      <input_file id="fl-d0">
         <path>C:\CCStudio_v7\bios_5_42_02_10\packages\ti\bios\lib\</path>
         <kind>archive</kind>
         <file>bios.a674</file>
         <name>sem_post_asm.o674</name>
      </input_file>
      <input_file id="fl-d1">
         <path>C:\CCStudio_v7\bios_5_42_02_10\packages\ti\bios\lib\</path>
         <kind>archive</kind>
         <file>bios.a674</file>
         <name>sem_post.o674</name>
      </input_file>
      <input_file id="fl-d2">
         <path>C:\team5demoday\_shared\bsl\lib\</path>
         <kind>archive</kind>
         <file>evmomapl138_bsl.lib</file>
         <name>evmomapl138_spi.obj</name>
      </input_file>
      <input_file id="fl-d3">
         <path>C:\CCStudio_v7\bios_5_42_02_10\packages\ti\bios\lib\</path>
         <kind>archive</kind>
         <file>bios.a674</file>
         <name>sts_set.o674</name>
      </input_file>
      <input_file id="fl-d4">
         <path>C:\CCStudio_v7\bios_5_42_02_10\packages\ti\bios\lib\</path>
         <kind>archive</kind>
         <file>bios.a674</file>
         <name>sys_abor.o674</name>
      </input_file>
      <input_file id="fl-d5">
         <path>C:\CCStudio_v7\bios_5_42_02_10\packages\ti\bios\lib\</path>
         <kind>archive</kind>
         <file>bios.a674</file>
         <name>tsk.o674</name>
      </input_file>
      <input_file id="fl-d6">
         <path>C:\CCStudio_v7\bios_5_42_02_10\packages\ti\bios\lib\</path>
         <kind>archive</kind>
         <file>bios.a674</file>
         <name>tsk_exit.o674</name>
      </input_file>
      <input_file id="fl-d7">
         <path>C:\CCStudio_v7\bios_5_42_02_10\packages\ti\bios\lib\</path>
         <kind>archive</kind>
         <file>bios.a674</file>
         <name>sys_exit.o674</name>
      </input_file>
      <input_file id="fl-d8">
         <path>C:\CCStudio_v7\bios_5_42_02_10\packages\ti\bios\lib\</path>
         <kind>archive</kind>
         <file>bios.a674</file>
         <name>sys.o674</name>
      </input_file>
      <input_file id="fl-d9">
         <path>C:\CCStudio_v7\bios_5_42_02_10\packages\ti\bios\lib\</path>
         <kind>archive</kind>
         <file>bios.a674</file>
         <name>tsk_init.o674</name>
      </input_file>
      <input_file id="fl-da">
         <path>C:\CCStudio_v7\bios_5_42_02_10\packages\ti\bios\lib\</path>
         <kind>archive</kind>
         <file>bios.a674</file>
         <name>tsk_setu.o674</name>
      </input_file>
      <input_file id="fl-db">
         <path>C:\CCStudio_v7\bios_5_42_02_10\packages\ti\bios\lib\</path>
         <kind>archive</kind>
         <file>bios.a674</file>
         <name>tsk_stup.o674</name>
      </input_file>
      <input_file id="fl-dc">
         <path>C:\CCStudio_v7\bios_5_42_02_10\packages\ti\bios\lib\</path>
         <kind>archive</kind>
         <file>bios.a674</file>
         <name>lck.o674</name>
      </input_file>
      <input_file id="fl-dd">
         <path>C:\team5demoday\_shared\bsl\lib\</path>
         <kind>archive</kind>
         <file>evmomapl138_bsl.lib</file>
         <name>evmomapl138_uart.obj</name>
      </input_file>
      <input_file id="fl-de">
         <path>C:\team5demoday\_shared\bsl\lib\</path>
         <kind>archive</kind>
         <file>evmomapl138_bsl.lib</file>
         <name>evmomapl138_timer.obj</name>
      </input_file>
      <input_file id="fl-df">
         <path>C:\team5demoday\_shared\bsl\lib\</path>
         <kind>archive</kind>
         <file>evmomapl138_bsl.lib</file>
         <name>evmomapl138_vpif.obj</name>
      </input_file>
      <input_file id="fl-e0">
         <path>C:\CCStudio_v7\bios_5_42_02_10\packages\ti\bios\lib\</path>
         <kind>archive</kind>
         <file>bios.a674</file>
         <name>sem_dopo.o674</name>
      </input_file>
      <input_file id="fl-e1">
         <path>C:\CCStudio_v7\bios_5_42_02_10\packages\ti\bios\lib\</path>
         <kind>archive</kind>
         <file>bios.a674</file>
         <name>autoinit.o674</name>
      </input_file>
      <input_file id="fl-e2">
         <path>C:\team5demoday\_shared\c67xmathlib_2_01_00_00\lib\</path>
         <kind>archive</kind>
         <file>c674xfastMath.lib</file>
         <name>divdp.obj</name>
      </input_file>
      <input_file id="fl-e3">
         <path>C:\team5demoday\_shared\c67xmathlib_2_01_00_00\lib\</path>
         <kind>archive</kind>
         <file>c674xfastMath.lib</file>
         <name>divsp.obj</name>
      </input_file>
      <input_file id="fl-e4">
         <path>C:\CCStudio_v7\ccsv7\tools\compiler\c6000_7.4.22\lib\</path>
         <kind>archive</kind>
         <file>rts6740.lib</file>
         <name>divi.obj</name>
      </input_file>
      <input_file id="fl-e5">
         <path>C:\CCStudio_v7\ccsv7\tools\compiler\c6000_7.4.22\lib\</path>
         <kind>archive</kind>
         <file>rts6740.lib</file>
         <name>divu.obj</name>
      </input_file>
      <input_file id="fl-e6">
         <path>C:\CCStudio_v7\ccsv7\tools\compiler\c6000_7.4.22\lib\</path>
         <kind>archive</kind>
         <file>rts6740.lib</file>
         <name>round.obj</name>
      </input_file>
      <input_file id="fl-e7">
         <path>C:\CCStudio_v7\ccsv7\tools\compiler\c6000_7.4.22\lib\</path>
         <kind>archive</kind>
         <file>rts6740.lib</file>
         <name>_lock.obj</name>
      </input_file>
      <input_file id="fl-e8">
         <path>C:\CCStudio_v7\ccsv7\tools\compiler\c6000_7.4.22\lib\</path>
         <kind>archive</kind>
         <file>rts6740.lib</file>
         <name>imath40.obj</name>
      </input_file>
      <input_file id="fl-e9">
         <path>C:\CCStudio_v7\ccsv7\tools\compiler\c6000_7.4.22\lib\</path>
         <kind>archive</kind>
         <file>rts6740.lib</file>
         <name>strasg.obj</name>
      </input_file>
      <input_file id="fl-ea">
         <path>C:\team5demoday\_shared\c67xmathlib_2_01_00_00\lib\</path>
         <kind>archive</kind>
         <file>c674xfastMath.lib</file>
         <name>atan2sp.obj</name>
      </input_file>
      <input_file id="fl-eb">
         <path>C:\CCStudio_v7\ccsv7\tools\compiler\c6000_7.4.22\lib\</path>
         <kind>archive</kind>
         <file>rts6740.lib</file>
         <name>atexit.obj</name>
      </input_file>
      <input_file id="fl-ec">
         <path>C:\CCStudio_v7\ccsv7\tools\compiler\c6000_7.4.22\lib\</path>
         <kind>archive</kind>
         <file>rts6740.lib</file>
         <name>sinit.obj</name>
      </input_file>
      <input_file id="fl-ed">
         <path>C:\CCStudio_v7\ccsv7\tools\compiler\c6000_7.4.22\lib\</path>
         <kind>archive</kind>
         <file>rts6740.lib</file>
         <name>exit.obj</name>
      </input_file>
      <input_file id="fl-ee">
         <path>C:\CCStudio_v7\ccsv7\tools\compiler\c6000_7.4.22\lib\</path>
         <kind>archive</kind>
         <file>rts6740.lib</file>
         <name>atoi.obj</name>
      </input_file>
      <input_file id="fl-ef">
         <path>C:\CCStudio_v7\ccsv7\tools\compiler\c6000_7.4.22\lib\</path>
         <kind>archive</kind>
         <file>rts6740.lib</file>
         <name>ctype.obj</name>
      </input_file>
      <input_file id="fl-f0">
         <path>C:\team5demoday\_shared\c67xmathlib_2_01_00_00\lib\</path>
         <kind>archive</kind>
         <file>c674xfastMath.lib</file>
         <name>cosdp.obj</name>
      </input_file>
      <input_file id="fl-f1">
         <path>C:\team5demoday\_shared\c67xmathlib_2_01_00_00\lib\</path>
         <kind>archive</kind>
         <file>c674xfastMath.lib</file>
         <name>cossp.obj</name>
      </input_file>
      <input_file id="fl-f2">
         <path>C:\CCStudio_v7\ccsv7\tools\compiler\c6000_7.4.22\lib\</path>
         <kind>archive</kind>
         <file>rts6740.lib</file>
         <name>errno.obj</name>
      </input_file>
      <input_file id="fl-f3">
         <path>C:\CCStudio_v7\ccsv7\tools\compiler\c6000_7.4.22\lib\</path>
         <kind>archive</kind>
         <file>rts6740.lib</file>
         <name>fmodf.obj</name>
      </input_file>
      <input_file id="fl-f4">
         <path>C:\CCStudio_v7\ccsv7\tools\compiler\c6000_7.4.22\lib\</path>
         <kind>archive</kind>
         <file>rts6740.lib</file>
         <name>roundf.obj</name>
      </input_file>
      <input_file id="fl-f5">
         <path>C:\CCStudio_v7\ccsv7\tools\compiler\c6000_7.4.22\lib\</path>
         <kind>archive</kind>
         <file>rts6740.lib</file>
         <name>truncf.obj</name>
      </input_file>
      <input_file id="fl-f6">
         <path>C:\CCStudio_v7\ccsv7\tools\compiler\c6000_7.4.22\lib\</path>
         <kind>archive</kind>
         <file>rts6740.lib</file>
         <name>frexpf.obj</name>
      </input_file>
      <input_file id="fl-f7">
         <path>C:\CCStudio_v7\ccsv7\tools\compiler\c6000_7.4.22\lib\</path>
         <kind>archive</kind>
         <file>rts6740.lib</file>
         <name>ldexpf.obj</name>
      </input_file>
      <input_file id="fl-f8">
         <path>C:\CCStudio_v7\ccsv7\tools\compiler\c6000_7.4.22\lib\</path>
         <kind>archive</kind>
         <file>rts6740.lib</file>
         <name>memcpy64.obj</name>
      </input_file>
      <input_file id="fl-f9">
         <path>C:\CCStudio_v7\ccsv7\tools\compiler\c6000_7.4.22\lib\</path>
         <kind>archive</kind>
         <file>rts6740.lib</file>
         <name>modf.obj</name>
      </input_file>
      <input_file id="fl-fa">
         <path>C:\CCStudio_v7\ccsv7\tools\compiler\c6000_7.4.22\lib\</path>
         <kind>archive</kind>
         <file>rts6740.lib</file>
         <name>modff.obj</name>
      </input_file>
      <input_file id="fl-fb">
         <path>C:\CCStudio_v7\ccsv7\tools\compiler\c6000_7.4.22\lib\</path>
         <kind>archive</kind>
         <file>rts6740.lib</file>
         <name>printf.obj</name>
      </input_file>
      <input_file id="fl-fc">
         <path>C:\CCStudio_v7\ccsv7\tools\compiler\c6000_7.4.22\lib\</path>
         <kind>archive</kind>
         <file>rts6740.lib</file>
         <name>defs.obj</name>
      </input_file>
      <input_file id="fl-fd">
         <path>C:\CCStudio_v7\ccsv7\tools\compiler\c6000_7.4.22\lib\</path>
         <kind>archive</kind>
         <file>rts6740.lib</file>
         <name>_printfi.obj</name>
      </input_file>
      <input_file id="fl-fe">
         <path>C:\CCStudio_v7\ccsv7\tools\compiler\c6000_7.4.22\lib\</path>
         <kind>archive</kind>
         <file>rts6740.lib</file>
         <name>isinf.obj</name>
      </input_file>
      <input_file id="fl-ff">
         <path>C:\CCStudio_v7\ccsv7\tools\compiler\c6000_7.4.22\lib\</path>
         <kind>archive</kind>
         <file>rts6740.lib</file>
         <name>imath64.obj</name>
      </input_file>
      <input_file id="fl-100">
         <path>C:\CCStudio_v7\ccsv7\tools\compiler\c6000_7.4.22\lib\</path>
         <kind>archive</kind>
         <file>rts6740.lib</file>
         <name>fixdli.obj</name>
      </input_file>
      <input_file id="fl-101">
         <path>C:\CCStudio_v7\ccsv7\tools\compiler\c6000_7.4.22\lib\</path>
         <kind>archive</kind>
         <file>rts6740.lib</file>
         <name>fltlid.obj</name>
      </input_file>
      <input_file id="fl-102">
         <path>C:\CCStudio_v7\ccsv7\tools\compiler\c6000_7.4.22\lib\</path>
         <kind>archive</kind>
         <file>rts6740.lib</file>
         <name>llshift.obj</name>
      </input_file>
      <input_file id="fl-103">
         <path>C:\CCStudio_v7\ccsv7\tools\compiler\c6000_7.4.22\lib\</path>
         <kind>archive</kind>
         <file>rts6740.lib</file>
         <name>negll.obj</name>
      </input_file>
      <input_file id="fl-104">
         <path>C:\CCStudio_v7\ccsv7\tools\compiler\c6000_7.4.22\lib\</path>
         <kind>archive</kind>
         <file>rts6740.lib</file>
         <name>fputc.obj</name>
      </input_file>
      <input_file id="fl-105">
         <path>C:\CCStudio_v7\ccsv7\tools\compiler\c6000_7.4.22\lib\</path>
         <kind>archive</kind>
         <file>rts6740.lib</file>
         <name>fflush.obj</name>
      </input_file>
      <input_file id="fl-106">
         <path>C:\CCStudio_v7\ccsv7\tools\compiler\c6000_7.4.22\lib\</path>
         <kind>archive</kind>
         <file>rts6740.lib</file>
         <name>_io_perm.obj</name>
      </input_file>
      <input_file id="fl-107">
         <path>C:\CCStudio_v7\ccsv7\tools\compiler\c6000_7.4.22\lib\</path>
         <kind>archive</kind>
         <file>rts6740.lib</file>
         <name>fputs.obj</name>
      </input_file>
      <input_file id="fl-108">
         <path>C:\CCStudio_v7\ccsv7\tools\compiler\c6000_7.4.22\lib\</path>
         <kind>archive</kind>
         <file>rts6740.lib</file>
         <name>fseek.obj</name>
      </input_file>
      <input_file id="fl-109">
         <path>C:\CCStudio_v7\ccsv7\tools\compiler\c6000_7.4.22\lib\</path>
         <kind>archive</kind>
         <file>rts6740.lib</file>
         <name>abs.obj</name>
      </input_file>
      <input_file id="fl-10a">
         <path>C:\CCStudio_v7\ccsv7\tools\compiler\c6000_7.4.22\lib\</path>
         <kind>archive</kind>
         <file>rts6740.lib</file>
         <name>lowlev.obj</name>
      </input_file>
      <input_file id="fl-10b">
         <path>C:\CCStudio_v7\ccsv7\tools\compiler\c6000_7.4.22\lib\</path>
         <kind>archive</kind>
         <file>rts6740.lib</file>
         <name>trgdrv.obj</name>
      </input_file>
      <input_file id="fl-10c">
         <path>C:\CCStudio_v7\ccsv7\tools\compiler\c6000_7.4.22\lib\</path>
         <kind>archive</kind>
         <file>rts6740.lib</file>
         <name>ltoa.obj</name>
      </input_file>
      <input_file id="fl-10d">
         <path>C:\CCStudio_v7\ccsv7\tools\compiler\c6000_7.4.22\lib\</path>
         <kind>archive</kind>
         <file>rts6740.lib</file>
         <name>memccpy.obj</name>
      </input_file>
      <input_file id="fl-10e">
         <path>C:\CCStudio_v7\ccsv7\tools\compiler\c6000_7.4.22\lib\</path>
         <kind>archive</kind>
         <file>rts6740.lib</file>
         <name>memset.obj</name>
      </input_file>
      <input_file id="fl-10f">
         <path>C:\CCStudio_v7\ccsv7\tools\compiler\c6000_7.4.22\lib\</path>
         <kind>archive</kind>
         <file>rts6740.lib</file>
         <name>trgmsg.obj</name>
      </input_file>
      <input_file id="fl-110">
         <path>C:\CCStudio_v7\ccsv7\tools\compiler\c6000_7.4.22\lib\</path>
         <kind>archive</kind>
         <file>rts6740.lib</file>
         <name>setvbuf.obj</name>
      </input_file>
      <input_file id="fl-111">
         <path>C:\CCStudio_v7\ccsv7\tools\compiler\c6000_7.4.22\lib\</path>
         <kind>archive</kind>
         <file>rts6740.lib</file>
         <name>fopen.obj</name>
      </input_file>
      <input_file id="fl-112">
         <path>C:\CCStudio_v7\ccsv7\tools\compiler\c6000_7.4.22\lib\</path>
         <kind>archive</kind>
         <file>rts6740.lib</file>
         <name>fclose.obj</name>
      </input_file>
      <input_file id="fl-113">
         <path>C:\CCStudio_v7\bios_5_42_02_10\packages\ti\bios\lib\</path>
         <kind>archive</kind>
         <file>bios.a674</file>
         <name>malloc.o674</name>
      </input_file>
      <input_file id="fl-114">
         <path>C:\CCStudio_v7\bios_5_42_02_10\packages\ti\bios\lib\</path>
         <kind>archive</kind>
         <file>bios.a674</file>
         <name>mem_allo.o674</name>
      </input_file>
      <input_file id="fl-115">
         <path>C:\CCStudio_v7\bios_5_42_02_10\packages\ti\bios\lib\</path>
         <kind>archive</kind>
         <file>bios.a674</file>
         <name>mem_free.o674</name>
      </input_file>
      <input_file id="fl-116">
         <path>C:\CCStudio_v7\bios_5_42_02_10\packages\ti\bios\lib\</path>
         <kind>archive</kind>
         <file>bios.a674</file>
         <name>sys_erro.o674</name>
      </input_file>
      <input_file id="fl-117">
         <path>C:\CCStudio_v7\ccsv7\tools\compiler\c6000_7.4.22\lib\</path>
         <kind>archive</kind>
         <file>rts6740.lib</file>
         <name>remove.obj</name>
      </input_file>
      <input_file id="fl-118">
         <path>C:\team5demoday\_shared\c67xmathlib_2_01_00_00\lib\</path>
         <kind>archive</kind>
         <file>c674xfastMath.lib</file>
         <name>sindp.obj</name>
      </input_file>
      <input_file id="fl-119">
         <path>C:\team5demoday\_shared\c67xmathlib_2_01_00_00\lib\</path>
         <kind>archive</kind>
         <file>c674xfastMath.lib</file>
         <name>sinsp.obj</name>
      </input_file>
      <input_file id="fl-11a">
         <path>C:\CCStudio_v7\ccsv7\tools\compiler\c6000_7.4.22\lib\</path>
         <kind>archive</kind>
         <file>rts6740.lib</file>
         <name>sprintf.obj</name>
      </input_file>
      <input_file id="fl-11b">
         <path>C:\team5demoday\_shared\c67xmathlib_2_01_00_00\lib\</path>
         <kind>archive</kind>
         <file>c674xfastMath.lib</file>
         <name>sqrtsp.obj</name>
      </input_file>
      <input_file id="fl-11c">
         <path>C:\CCStudio_v7\ccsv7\tools\compiler\c6000_7.4.22\lib\</path>
         <kind>archive</kind>
         <file>rts6740.lib</file>
         <name>sscanf.obj</name>
      </input_file>
      <input_file id="fl-11d">
         <path>C:\CCStudio_v7\ccsv7\tools\compiler\c6000_7.4.22\lib\</path>
         <kind>archive</kind>
         <file>rts6740.lib</file>
         <name>_scanfi.obj</name>
      </input_file>
      <input_file id="fl-11e">
         <path>C:\CCStudio_v7\ccsv7\tools\compiler\c6000_7.4.22\lib\</path>
         <kind>archive</kind>
         <file>rts6740.lib</file>
         <name>strtod.obj</name>
      </input_file>
      <input_file id="fl-11f">
         <path>C:\CCStudio_v7\ccsv7\tools\compiler\c6000_7.4.22\lib\</path>
         <kind>archive</kind>
         <file>rts6740.lib</file>
         <name>strtol.obj</name>
      </input_file>
      <input_file id="fl-120">
         <path>C:\CCStudio_v7\ccsv7\tools\compiler\c6000_7.4.22\lib\</path>
         <kind>archive</kind>
         <file>rts6740.lib</file>
         <name>strtold.obj</name>
      </input_file>
      <input_file id="fl-121">
         <path>C:\CCStudio_v7\ccsv7\tools\compiler\c6000_7.4.22\lib\</path>
         <kind>archive</kind>
         <file>rts6740.lib</file>
         <name>strtoll.obj</name>
      </input_file>
      <input_file id="fl-122">
         <path>C:\CCStudio_v7\ccsv7\tools\compiler\c6000_7.4.22\lib\</path>
         <kind>archive</kind>
         <file>rts6740.lib</file>
         <name>strtoul.obj</name>
      </input_file>
      <input_file id="fl-123">
         <path>C:\CCStudio_v7\ccsv7\tools\compiler\c6000_7.4.22\lib\</path>
         <kind>archive</kind>
         <file>rts6740.lib</file>
         <name>strtoull.obj</name>
      </input_file>
      <input_file id="fl-124">
         <path>C:\CCStudio_v7\ccsv7\tools\compiler\c6000_7.4.22\lib\</path>
         <kind>archive</kind>
         <file>rts6740.lib</file>
         <name>vsprintf.obj</name>
      </input_file>
   </input_file_list>
   <object_component_list>
      <object_component id="oc-a7">
         <name>.vers</name>
         <load_address>0x0</load_address>
         <run_address>0x0</run_address>
         <size>0x40</size>
         <input_file_ref idref="fl-a"/>
      </object_component>
      <object_component id="oc-91">
         <name>.clk</name>
         <uninitialized>true</uninitialized>
         <run_address>0x11833f30</run_address>
         <size>0x8</size>
         <input_file_ref idref="fl-a"/>
      </object_component>
      <object_component id="oc-92">
         <name>.prd</name>
         <uninitialized>true</uninitialized>
         <run_address>0x11817120</run_address>
         <size>0x40</size>
         <input_file_ref idref="fl-a"/>
      </object_component>
      <object_component id="oc-9a">
         <name>.swi</name>
         <uninitialized>true</uninitialized>
         <run_address>0x11835020</run_address>
         <size>0xdc</size>
         <input_file_ref idref="fl-a"/>
      </object_component>
      <object_component id="oc-9b">
         <name>.tsk</name>
         <uninitialized>true</uninitialized>
         <run_address>0x11834838</run_address>
         <size>0x180</size>
         <input_file_ref idref="fl-a"/>
      </object_component>
      <object_component id="oc-a1">
         <name>.idl</name>
         <uninitialized>true</uninitialized>
         <run_address>0x11817170</run_address>
         <size>0x10</size>
         <input_file_ref idref="fl-a"/>
      </object_component>
      <object_component id="oc-a0">
         <name>.idlcal</name>
         <uninitialized>true</uninitialized>
         <run_address>0x118251d0</run_address>
         <size>0x10</size>
         <input_file_ref idref="fl-a"/>
      </object_component>
      <object_component id="oc-4f">
         <name>.bss</name>
         <uninitialized>true</uninitialized>
         <run_address>0x118317e8</run_address>
         <size>0x38</size>
         <input_file_ref idref="fl-a"/>
      </object_component>
      <object_component id="oc-57">
         <name>.bss</name>
         <uninitialized>true</uninitialized>
         <run_address>0x11831670</run_address>
         <size>0x88</size>
         <input_file_ref idref="fl-2"/>
      </object_component>
      <object_component id="oc-5e">
         <name>.bss</name>
         <uninitialized>true</uninitialized>
         <run_address>0x118317b0</run_address>
         <size>0x38</size>
         <input_file_ref idref="fl-3"/>
      </object_component>
      <object_component id="oc-65">
         <name>.bss</name>
         <uninitialized>true</uninitialized>
         <run_address>0x118318bc</run_address>
         <size>0xb</size>
         <input_file_ref idref="fl-4"/>
      </object_component>
      <object_component id="oc-6c">
         <name>.bss</name>
         <uninitialized>true</uninitialized>
         <run_address>0x118312fc</run_address>
         <size>0x10c</size>
         <input_file_ref idref="fl-5"/>
      </object_component>
      <object_component id="oc-73">
         <name>.bss</name>
         <uninitialized>true</uninitialized>
         <run_address>0x118318c8</run_address>
         <size>0x8</size>
         <input_file_ref idref="fl-6"/>
      </object_component>
      <object_component id="oc-79">
         <name>.bss</name>
         <uninitialized>true</uninitialized>
         <run_address>0x118316f8</run_address>
         <size>0x6c</size>
         <input_file_ref idref="fl-7"/>
      </object_component>
      <object_component id="oc-85">
         <name>.bss</name>
         <uninitialized>true</uninitialized>
         <run_address>0x11831870</run_address>
         <size>0x10</size>
         <input_file_ref idref="fl-9"/>
      </object_component>
      <object_component id="oc-ad">
         <name>.bss</name>
         <uninitialized>true</uninitialized>
         <run_address>0x118318ec</run_address>
         <size>0x4</size>
         <input_file_ref idref="fl-c"/>
      </object_component>
      <object_component id="oc-b7">
         <name>.bss</name>
         <uninitialized>true</uninitialized>
         <run_address>0x11831080</run_address>
         <size>0x27c</size>
         <input_file_ref idref="fl-e"/>
      </object_component>
      <object_component id="oc-c3">
         <name>.bss</name>
         <uninitialized>true</uninitialized>
         <run_address>0x11831508</run_address>
         <size>0xcc</size>
         <input_file_ref idref="fl-94"/>
      </object_component>
      <object_component id="oc-c5">
         <name>.bss</name>
         <uninitialized>true</uninitialized>
         <run_address>0x11831408</run_address>
         <size>0x100</size>
         <input_file_ref idref="fl-95"/>
      </object_component>
      <object_component id="oc-cc">
         <name>.bss</name>
         <uninitialized>true</uninitialized>
         <run_address>0x11831858</run_address>
         <size>0x18</size>
         <input_file_ref idref="fl-97"/>
      </object_component>
      <object_component id="oc-d2">
         <name>.bss</name>
         <uninitialized>true</uninitialized>
         <run_address>0x118315d4</run_address>
         <size>0x9c</size>
         <input_file_ref idref="fl-98"/>
      </object_component>
      <object_component id="oc-103">
         <name>.bss</name>
         <uninitialized>true</uninitialized>
         <run_address>0x11831840</run_address>
         <size>0x18</size>
         <input_file_ref idref="fl-a5"/>
      </object_component>
      <object_component id="oc-105">
         <name>.bss</name>
         <uninitialized>true</uninitialized>
         <run_address>0x118318e0</run_address>
         <size>0x4</size>
         <input_file_ref idref="fl-a6"/>
      </object_component>
      <object_component id="oc-139">
         <name>.bss</name>
         <uninitialized>true</uninitialized>
         <run_address>0x118318d0</run_address>
         <size>0x8</size>
         <input_file_ref idref="fl-b2"/>
      </object_component>
      <object_component id="oc-140">
         <name>.bss</name>
         <uninitialized>true</uninitialized>
         <run_address>0x118317ac</run_address>
         <size>0x4</size>
         <input_file_ref idref="fl-b4"/>
      </object_component>
      <object_component id="oc-14f">
         <name>.bss</name>
         <uninitialized>true</uninitialized>
         <run_address>0x11831820</run_address>
         <size>0x20</size>
         <input_file_ref idref="fl-b8"/>
      </object_component>
      <object_component id="oc-155">
         <name>.bss</name>
         <uninitialized>true</uninitialized>
         <run_address>0x11831880</run_address>
         <size>0x10</size>
         <input_file_ref idref="fl-b9"/>
      </object_component>
      <object_component id="oc-167">
         <name>.bss</name>
         <uninitialized>true</uninitialized>
         <run_address>0x118318a0</run_address>
         <size>0x10</size>
         <input_file_ref idref="fl-bd"/>
      </object_component>
      <object_component id="oc-177">
         <name>.bss</name>
         <uninitialized>true</uninitialized>
         <run_address>0x118318e8</run_address>
         <size>0x4</size>
         <input_file_ref idref="fl-c0"/>
      </object_component>
      <object_component id="oc-17c">
         <name>.bss</name>
         <uninitialized>true</uninitialized>
         <run_address>0x11831764</run_address>
         <size>0x48</size>
         <input_file_ref idref="fl-c1"/>
      </object_component>
      <object_component id="oc-191">
         <name>.bss</name>
         <uninitialized>true</uninitialized>
         <run_address>0x118318e4</run_address>
         <size>0x4</size>
         <input_file_ref idref="fl-c7"/>
      </object_component>
      <object_component id="oc-19d">
         <name>.bss</name>
         <uninitialized>true</uninitialized>
         <run_address>0x11831890</run_address>
         <size>0x10</size>
         <input_file_ref idref="fl-cb"/>
      </object_component>
      <object_component id="oc-1c4">
         <name>.bss</name>
         <uninitialized>true</uninitialized>
         <run_address>0x118318b0</run_address>
         <size>0xc</size>
         <input_file_ref idref="fl-d5"/>
      </object_component>
      <object_component id="oc-1d0">
         <name>.bss</name>
         <uninitialized>true</uninitialized>
         <run_address>0x118318d8</run_address>
         <size>0x8</size>
         <input_file_ref idref="fl-d8"/>
      </object_component>
      <object_component id="oc-99">
         <name>.hwi_vec</name>
         <load_address>0x11834c00</load_address>
         <run_address>0x11834c00</run_address>
         <size>0x200</size>
         <input_file_ref idref="fl-a"/>
      </object_component>
      <object_component id="oc-5a">
         <name>.far</name>
         <uninitialized>true</uninitialized>
         <run_address>0x11823898</run_address>
         <size>0xfa0</size>
         <input_file_ref idref="fl-2"/>
      </object_component>
      <object_component id="oc-61">
         <name>.far</name>
         <uninitialized>true</uninitialized>
         <run_address>0x11824d00</run_address>
         <size>0x168</size>
         <input_file_ref idref="fl-3"/>
      </object_component>
      <object_component id="oc-6f">
         <name>.far</name>
         <uninitialized>true</uninitialized>
         <run_address>0x11821e70</run_address>
         <size>0x1a24</size>
         <input_file_ref idref="fl-5"/>
      </object_component>
      <object_component id="oc-7c">
         <name>.far</name>
         <uninitialized>true</uninitialized>
         <run_address>0x11820080</run_address>
         <size>0x1df0</size>
         <input_file_ref idref="fl-7"/>
      </object_component>
      <object_component id="oc-88">
         <name>.far</name>
         <uninitialized>true</uninitialized>
         <run_address>0x11817180</run_address>
         <size>0x6708</size>
         <input_file_ref idref="fl-9"/>
      </object_component>
      <object_component id="oc-ba">
         <name>.far</name>
         <uninitialized>true</uninitialized>
         <run_address>0x1181d888</run_address>
         <size>0x27f8</size>
         <input_file_ref idref="fl-e"/>
      </object_component>
      <object_component id="oc-e2">
         <name>.far</name>
         <uninitialized>true</uninitialized>
         <run_address>0x11825198</run_address>
         <size>0x10</size>
         <input_file_ref idref="fl-9c"/>
      </object_component>
      <object_component id="oc-ef">
         <name>.far</name>
         <uninitialized>true</uninitialized>
         <run_address>0x118251a8</run_address>
         <size>0xc</size>
         <input_file_ref idref="fl-9f"/>
      </object_component>
      <object_component id="oc-136">
         <name>.far</name>
         <uninitialized>true</uninitialized>
         <run_address>0x11823894</run_address>
         <size>0x4</size>
         <input_file_ref idref="fl-b1"/>
      </object_component>
      <object_component id="oc-144">
         <name>.far</name>
         <uninitialized>true</uninitialized>
         <run_address>0x11824b5c</run_address>
         <size>0x4</size>
         <input_file_ref idref="fl-b5"/>
      </object_component>
      <object_component id="oc-158">
         <name>.far</name>
         <uninitialized>true</uninitialized>
         <run_address>0x11825188</run_address>
         <size>0x10</size>
         <input_file_ref idref="fl-b9"/>
      </object_component>
      <object_component id="oc-16b">
         <name>.far</name>
         <uninitialized>true</uninitialized>
         <run_address>0x11824ce8</run_address>
         <size>0x18</size>
         <input_file_ref idref="fl-bd"/>
      </object_component>
      <object_component id="oc-17f">
         <name>.far</name>
         <uninitialized>true</uninitialized>
         <run_address>0x11824f88</run_address>
         <size>0xd8</size>
         <input_file_ref idref="fl-c1"/>
      </object_component>
      <object_component id="oc-197">
         <name>.far</name>
         <uninitialized>true</uninitialized>
         <run_address>0x118250c0</run_address>
         <size>0x54</size>
         <input_file_ref idref="fl-c9"/>
      </object_component>
      <object_component id="oc-1c7">
         <name>.far</name>
         <uninitialized>true</uninitialized>
         <run_address>0x11825060</run_address>
         <size>0x5c</size>
         <input_file_ref idref="fl-d5"/>
      </object_component>
      <object_component id="oc-1d3">
         <name>.far</name>
         <uninitialized>true</uninitialized>
         <run_address>0x11825168</run_address>
         <size>0x20</size>
         <input_file_ref idref="fl-d8"/>
      </object_component>
      <object_component id="oc-1dd">
         <name>.far</name>
         <uninitialized>true</uninitialized>
         <run_address>0x11825114</run_address>
         <size>0x50</size>
         <input_file_ref idref="fl-db"/>
      </object_component>
      <object_component id="oc-20a">
         <name>.far</name>
         <uninitialized>true</uninitialized>
         <run_address>0x118251c0</run_address>
         <size>0x8</size>
         <input_file_ref idref="fl-e7"/>
      </object_component>
      <object_component id="oc-219">
         <name>.far</name>
         <uninitialized>true</uninitialized>
         <run_address>0x11824b60</run_address>
         <size>0x188</size>
         <input_file_ref idref="fl-eb"/>
      </object_component>
      <object_component id="oc-21e">
         <name>.far</name>
         <uninitialized>true</uninitialized>
         <run_address>0x11825164</run_address>
         <size>0x4</size>
         <input_file_ref idref="fl-ec"/>
      </object_component>
      <object_component id="oc-223">
         <name>.far</name>
         <uninitialized>true</uninitialized>
         <run_address>0x118251b4</run_address>
         <size>0xc</size>
         <input_file_ref idref="fl-ed"/>
      </object_component>
      <object_component id="oc-236">
         <name>.far</name>
         <uninitialized>true</uninitialized>
         <run_address>0x11824f84</run_address>
         <size>0x4</size>
         <input_file_ref idref="fl-f2"/>
      </object_component>
      <object_component id="oc-255">
         <name>.far</name>
         <uninitialized>true</uninitialized>
         <run_address>0x11824838</run_address>
         <size>0x324</size>
         <input_file_ref idref="fl-fc"/>
      </object_component>
      <object_component id="oc-282">
         <name>.far</name>
         <uninitialized>true</uninitialized>
         <run_address>0x11824e68</run_address>
         <size>0x11c</size>
         <input_file_ref idref="fl-10a"/>
      </object_component>
      <object_component id="oc-286">
         <name>.far</name>
         <uninitialized>true</uninitialized>
         <run_address>0x118251c8</run_address>
         <size>0x8</size>
         <input_file_ref idref="fl-10b"/>
      </object_component>
      <object_component id="oc-29b">
         <name>.far</name>
         <uninitialized>true</uninitialized>
         <run_address>0x118250bc</run_address>
         <size>0x4</size>
         <input_file_ref idref="fl-111"/>
      </object_component>
      <object_component id="oc-a5">
         <name>.sem</name>
         <uninitialized>true</uninitialized>
         <run_address>0x11835474</run_address>
         <size>0x2c</size>
         <input_file_ref idref="fl-a"/>
      </object_component>
      <object_component id="oc-8d">
         <name>.mem</name>
         <uninitialized>true</uninitialized>
         <run_address>0x11833f38</run_address>
         <size>0x4</size>
         <input_file_ref idref="fl-a"/>
      </object_component>
      <object_component id="oc-ce">
         <name>.bios</name>
         <load_address>0x118251e0</load_address>
         <run_address>0x118251e0</run_address>
         <size>0x5c0</size>
         <input_file_ref idref="fl-97"/>
      </object_component>
      <object_component id="oc-2ee">
         <name>.bios</name>
         <load_address>0x118257a0</load_address>
         <run_address>0x118257a0</run_address>
         <size>0x580</size>
         <input_file_ref idref="fl-b9"/>
      </object_component>
      <object_component id="oc-50">
         <name>.bios</name>
         <load_address>0x11825d20</load_address>
         <run_address>0x11825d20</run_address>
         <size>0x4e0</size>
         <input_file_ref idref="fl-95"/>
      </object_component>
      <object_component id="oc-4e">
         <name>.bios</name>
         <load_address>0x11826200</load_address>
         <run_address>0x11826200</run_address>
         <size>0x4c0</size>
         <input_file_ref idref="fl-98"/>
      </object_component>
      <object_component id="oc-120">
         <name>.bios</name>
         <load_address>0x118266c0</load_address>
         <run_address>0x118266c0</run_address>
         <size>0x380</size>
         <input_file_ref idref="fl-ac"/>
      </object_component>
      <object_component id="oc-385">
         <name>.bios</name>
         <load_address>0x11826a40</load_address>
         <run_address>0x11826a40</run_address>
         <size>0x280</size>
         <input_file_ref idref="fl-113"/>
      </object_component>
      <object_component id="oc-125">
         <name>.bios</name>
         <load_address>0x11826cc0</load_address>
         <run_address>0x11826cc0</run_address>
         <size>0x280</size>
         <input_file_ref idref="fl-ad"/>
      </object_component>
      <object_component id="oc-2e6">
         <name>.bios</name>
         <load_address>0x11826f40</load_address>
         <run_address>0x11826f40</run_address>
         <size>0x240</size>
         <input_file_ref idref="fl-c6"/>
      </object_component>
      <object_component id="oc-38b">
         <name>.bios:.near</name>
         <load_address>0x11827180</load_address>
         <run_address>0x11827180</run_address>
         <size>0x200</size>
         <input_file_ref idref="fl-114"/>
      </object_component>
      <object_component id="oc-53">
         <name>.bios</name>
         <load_address>0x11827380</load_address>
         <run_address>0x11827380</run_address>
         <size>0x200</size>
         <input_file_ref idref="fl-9c"/>
      </object_component>
      <object_component id="oc-38a">
         <name>.bios:.near</name>
         <load_address>0x11827580</load_address>
         <run_address>0x11827580</run_address>
         <size>0x1e0</size>
         <input_file_ref idref="fl-115"/>
      </object_component>
      <object_component id="oc-151">
         <name>.bios</name>
         <load_address>0x11827760</load_address>
         <run_address>0x11827760</run_address>
         <size>0x1e0</size>
         <input_file_ref idref="fl-b8"/>
      </object_component>
      <object_component id="oc-11c">
         <name>.bios</name>
         <load_address>0x11827940</load_address>
         <run_address>0x11827940</run_address>
         <size>0x1e0</size>
         <input_file_ref idref="fl-ab"/>
      </object_component>
      <object_component id="oc-2f6">
         <name>.bios</name>
         <load_address>0x11827b20</load_address>
         <run_address>0x11827b20</run_address>
         <size>0x1e0</size>
         <input_file_ref idref="fl-cf"/>
      </object_component>
      <object_component id="oc-2eb">
         <name>.bios</name>
         <load_address>0x11827d00</load_address>
         <run_address>0x11827d00</run_address>
         <size>0x1a0</size>
         <input_file_ref idref="fl-e0"/>
      </object_component>
      <object_component id="oc-2f0">
         <name>.bios</name>
         <load_address>0x11827ea0</load_address>
         <run_address>0x11827ea0</run_address>
         <size>0x1a0</size>
         <input_file_ref idref="fl-da"/>
      </object_component>
      <object_component id="oc-f5">
         <name>.bios</name>
         <load_address>0x11828040</load_address>
         <run_address>0x11828040</run_address>
         <size>0x1a0</size>
         <input_file_ref idref="fl-a1"/>
      </object_component>
      <object_component id="oc-114">
         <name>.bios</name>
         <load_address>0x118281e0</load_address>
         <run_address>0x118281e0</run_address>
         <size>0x180</size>
         <input_file_ref idref="fl-a9"/>
      </object_component>
      <object_component id="oc-306">
         <name>.bios</name>
         <load_address>0x11828360</load_address>
         <run_address>0x11828360</run_address>
         <size>0x180</size>
         <input_file_ref idref="fl-b0"/>
      </object_component>
      <object_component id="oc-2dd">
         <name>.bios</name>
         <load_address>0x118284e0</load_address>
         <run_address>0x118284e0</run_address>
         <size>0x140</size>
         <input_file_ref idref="fl-e1"/>
      </object_component>
      <object_component id="oc-2e9">
         <name>.bios</name>
         <load_address>0x11828620</load_address>
         <run_address>0x11828620</run_address>
         <size>0x140</size>
         <input_file_ref idref="fl-d6"/>
      </object_component>
      <object_component id="oc-31f">
         <name>.bios</name>
         <load_address>0x11828760</load_address>
         <run_address>0x11828760</run_address>
         <size>0x140</size>
         <input_file_ref idref="fl-99"/>
      </object_component>
      <object_component id="oc-2ec">
         <name>.bios</name>
         <load_address>0x118288a0</load_address>
         <run_address>0x118288a0</run_address>
         <size>0x120</size>
         <input_file_ref idref="fl-ba"/>
      </object_component>
      <object_component id="oc-184">
         <name>.bios</name>
         <load_address>0x118289c0</load_address>
         <run_address>0x118289c0</run_address>
         <size>0x120</size>
         <input_file_ref idref="fl-c3"/>
      </object_component>
      <object_component id="oc-2f1">
         <name>.bios</name>
         <load_address>0x11828ae0</load_address>
         <run_address>0x11828ae0</run_address>
         <size>0x120</size>
         <input_file_ref idref="fl-db"/>
      </object_component>
      <object_component id="oc-1b2">
         <name>.bios</name>
         <load_address>0x11828c00</load_address>
         <run_address>0x11828c00</run_address>
         <size>0xe0</size>
         <input_file_ref idref="fl-d0"/>
      </object_component>
      <object_component id="oc-2e8">
         <name>.bios</name>
         <load_address>0x11828ce0</load_address>
         <run_address>0x11828ce0</run_address>
         <size>0xc0</size>
         <input_file_ref idref="fl-c2"/>
      </object_component>
      <object_component id="oc-2f8">
         <name>.bios</name>
         <load_address>0x11828da0</load_address>
         <run_address>0x11828da0</run_address>
         <size>0xa0</size>
         <input_file_ref idref="fl-d1"/>
      </object_component>
      <object_component id="oc-31b">
         <name>.bios</name>
         <load_address>0x11828e40</load_address>
         <run_address>0x11828e40</run_address>
         <size>0xa0</size>
         <input_file_ref idref="fl-d7"/>
      </object_component>
      <object_component id="oc-2f7">
         <name>.bios</name>
         <load_address>0x11828ee0</load_address>
         <run_address>0x11828ee0</run_address>
         <size>0x80</size>
         <input_file_ref idref="fl-c5"/>
      </object_component>
      <object_component id="oc-2df">
         <name>.bios</name>
         <load_address>0x11828f60</load_address>
         <run_address>0x11828f60</run_address>
         <size>0x80</size>
         <input_file_ref idref="fl-c4"/>
      </object_component>
      <object_component id="oc-321">
         <name>.bios</name>
         <load_address>0x11828fe0</load_address>
         <run_address>0x11828fe0</run_address>
         <size>0x80</size>
         <input_file_ref idref="fl-dc"/>
      </object_component>
      <object_component id="oc-118">
         <name>.bios</name>
         <load_address>0x11829060</load_address>
         <run_address>0x11829060</run_address>
         <size>0x80</size>
         <input_file_ref idref="fl-aa"/>
      </object_component>
      <object_component id="oc-32f">
         <name>.bios</name>
         <load_address>0x118290e0</load_address>
         <run_address>0x118290e0</run_address>
         <size>0x80</size>
         <input_file_ref idref="fl-b1"/>
      </object_component>
      <object_component id="oc-10b">
         <name>.bios</name>
         <load_address>0x11829160</load_address>
         <run_address>0x11829160</run_address>
         <size>0x80</size>
         <input_file_ref idref="fl-a7"/>
      </object_component>
      <object_component id="oc-38d">
         <name>.bios:.near</name>
         <load_address>0x118291e0</load_address>
         <run_address>0x118291e0</run_address>
         <size>0x60</size>
         <input_file_ref idref="fl-116"/>
      </object_component>
      <object_component id="oc-f9">
         <name>.bios</name>
         <load_address>0x11829240</load_address>
         <run_address>0x11829240</run_address>
         <size>0x60</size>
         <input_file_ref idref="fl-a2"/>
      </object_component>
      <object_component id="oc-16f">
         <name>.bios</name>
         <load_address>0x118292a0</load_address>
         <run_address>0x118292a0</run_address>
         <size>0x60</size>
         <input_file_ref idref="fl-be"/>
      </object_component>
      <object_component id="oc-107">
         <name>.bios</name>
         <load_address>0x11829300</load_address>
         <run_address>0x11829300</run_address>
         <size>0x60</size>
         <input_file_ref idref="fl-a6"/>
      </object_component>
      <object_component id="oc-1ab">
         <name>.bios</name>
         <load_address>0x11829360</load_address>
         <run_address>0x11829360</run_address>
         <size>0x60</size>
         <input_file_ref idref="fl-ce"/>
      </object_component>
      <object_component id="oc-12d">
         <name>.bios</name>
         <load_address>0x118293c0</load_address>
         <run_address>0x118293c0</run_address>
         <size>0x60</size>
         <input_file_ref idref="fl-af"/>
      </object_component>
      <object_component id="oc-320">
         <name>.bios</name>
         <load_address>0x11829420</load_address>
         <run_address>0x11829420</run_address>
         <size>0x60</size>
         <input_file_ref idref="fl-d4"/>
      </object_component>
      <object_component id="oc-146">
         <name>.bios</name>
         <load_address>0x11829480</load_address>
         <run_address>0x11829480</run_address>
         <size>0x60</size>
         <input_file_ref idref="fl-b6"/>
      </object_component>
      <object_component id="oc-4c">
         <name>.bios</name>
         <load_address>0x118294e0</load_address>
         <run_address>0x118294e0</run_address>
         <size>0x40</size>
         <input_file_ref idref="fl-96"/>
      </object_component>
      <object_component id="oc-129">
         <name>.bios</name>
         <load_address>0x11829520</load_address>
         <run_address>0x11829520</run_address>
         <size>0x40</size>
         <input_file_ref idref="fl-ae"/>
      </object_component>
      <object_component id="oc-4b">
         <name>.bios</name>
         <load_address>0x11829560</load_address>
         <run_address>0x11829560</run_address>
         <size>0x40</size>
         <input_file_ref idref="fl-9d"/>
      </object_component>
      <object_component id="oc-52">
         <name>.bios</name>
         <load_address>0x118295a0</load_address>
         <run_address>0x118295a0</run_address>
         <size>0x40</size>
         <input_file_ref idref="fl-9f"/>
      </object_component>
      <object_component id="oc-13c">
         <name>.bios</name>
         <load_address>0x118295e0</load_address>
         <run_address>0x118295e0</run_address>
         <size>0x20</size>
         <input_file_ref idref="fl-b3"/>
      </object_component>
      <object_component id="oc-56">
         <name>.bios</name>
         <load_address>0x11829600</load_address>
         <run_address>0x11829600</run_address>
         <size>0x20</size>
         <input_file_ref idref="fl-9b"/>
      </object_component>
      <object_component id="oc-15f">
         <name>.bios</name>
         <load_address>0x11829620</load_address>
         <run_address>0x11829620</run_address>
         <size>0x20</size>
         <input_file_ref idref="fl-bb"/>
      </object_component>
      <object_component id="oc-10f">
         <name>.bios</name>
         <load_address>0x11829640</load_address>
         <run_address>0x11829640</run_address>
         <size>0x20</size>
         <input_file_ref idref="fl-a8"/>
      </object_component>
      <object_component id="oc-1bd">
         <name>.bios</name>
         <load_address>0x11829660</load_address>
         <run_address>0x11829660</run_address>
         <size>0x20</size>
         <input_file_ref idref="fl-d3"/>
      </object_component>
      <object_component id="oc-55">
         <name>.bios</name>
         <load_address>0x11829680</load_address>
         <run_address>0x11829680</run_address>
         <size>0x20</size>
         <input_file_ref idref="fl-9e"/>
      </object_component>
      <object_component id="oc-54">
         <name>.bios</name>
         <load_address>0x118296a0</load_address>
         <run_address>0x118296a0</run_address>
         <size>0x20</size>
         <input_file_ref idref="fl-a0"/>
      </object_component>
      <object_component id="oc-51">
         <name>.bios</name>
         <load_address>0x118296c0</load_address>
         <run_address>0x118296c0</run_address>
         <size>0x20</size>
         <input_file_ref idref="fl-9a"/>
      </object_component>
      <object_component id="oc-293">
         <name>.cio</name>
         <uninitialized>true</uninitialized>
         <run_address>0x11834e00</run_address>
         <size>0x120</size>
         <input_file_ref idref="fl-10f"/>
      </object_component>
      <object_component id="oc-22c">
         <name>.data</name>
         <load_address>0x118351c8</load_address>
         <run_address>0x118351c8</run_address>
         <size>0x60</size>
         <input_file_ref idref="fl-f0"/>
      </object_component>
      <object_component id="oc-2b3">
         <name>.data</name>
         <load_address>0x11835228</load_address>
         <run_address>0x11835228</run_address>
         <size>0x60</size>
         <input_file_ref idref="fl-118"/>
      </object_component>
      <object_component id="oc-1a1">
         <name>.pinit</name>
         <load_address>0x11833f18</load_address>
         <run_address>0x11833f18</run_address>
         <size>0x4</size>
         <input_file_ref idref="fl-cb"/>
      </object_component>
      <object_component id="oc-16c">
         <name>.pinit</name>
         <load_address>0x11833f1c</load_address>
         <run_address>0x11833f1c</run_address>
         <size>0x4</size>
         <input_file_ref idref="fl-bd"/>
      </object_component>
      <object_component id="oc-90">
         <name>.sys</name>
         <uninitialized>true</uninitialized>
         <run_address>0x118318f0</run_address>
         <size>0x10</size>
         <input_file_ref idref="fl-a"/>
      </object_component>
      <object_component id="oc-2de">
         <name>.text</name>
         <load_address>0x11800000</load_address>
         <run_address>0x11800000</run_address>
         <size>0x39a0</size>
         <input_file_ref idref="fl-e"/>
      </object_component>
      <object_component id="oc-2ea">
         <name>.text</name>
         <load_address>0x118039a0</load_address>
         <run_address>0x118039a0</run_address>
         <size>0x2760</size>
         <input_file_ref idref="fl-7"/>
      </object_component>
      <object_component id="oc-2e2">
         <name>.text</name>
         <load_address>0x11806100</load_address>
         <run_address>0x11806100</run_address>
         <size>0x1460</size>
         <input_file_ref idref="fl-5"/>
      </object_component>
      <object_component id="oc-304">
         <name>.text</name>
         <load_address>0x11807560</load_address>
         <run_address>0x11807560</run_address>
         <size>0xf80</size>
         <input_file_ref idref="fl-b7"/>
      </object_component>
      <object_component id="oc-2e7">
         <name>.text</name>
         <load_address>0x118084e0</load_address>
         <run_address>0x118084e0</run_address>
         <size>0xaa0</size>
         <input_file_ref idref="fl-4"/>
      </object_component>
      <object_component id="oc-33b">
         <name>.text:__scanfi</name>
         <load_address>0x11808f80</load_address>
         <run_address>0x11808f80</run_address>
         <size>0x900</size>
         <input_file_ref idref="fl-11d"/>
      </object_component>
      <object_component id="oc-308">
         <name>.text</name>
         <load_address>0x11809880</load_address>
         <run_address>0x11809880</run_address>
         <size>0x8c0</size>
         <input_file_ref idref="fl-9"/>
      </object_component>
      <object_component id="oc-30c">
         <name>.text</name>
         <load_address>0x1180a140</load_address>
         <run_address>0x1180a140</run_address>
         <size>0x720</size>
         <input_file_ref idref="fl-8"/>
      </object_component>
      <object_component id="oc-2e0">
         <name>.text</name>
         <load_address>0x1180a860</load_address>
         <run_address>0x1180a860</run_address>
         <size>0x6e0</size>
         <input_file_ref idref="fl-3"/>
      </object_component>
      <object_component id="oc-316">
         <name>.text</name>
         <load_address>0x1180af40</load_address>
         <run_address>0x1180af40</run_address>
         <size>0x6c0</size>
         <input_file_ref idref="fl-df"/>
      </object_component>
      <object_component id="oc-352">
         <name>.text:__sset_arg</name>
         <load_address>0x1180b600</load_address>
         <run_address>0x1180b600</run_address>
         <size>0x620</size>
         <input_file_ref idref="fl-11d"/>
      </object_component>
      <object_component id="oc-377">
         <name>.text:__getarg_diouxp</name>
         <load_address>0x1180bc20</load_address>
         <run_address>0x1180bc20</run_address>
         <size>0x580</size>
         <input_file_ref idref="fl-fd"/>
      </object_component>
      <object_component id="oc-355">
         <name>.text:__setfield</name>
         <load_address>0x1180c1a0</load_address>
         <run_address>0x1180c1a0</run_address>
         <size>0x520</size>
         <input_file_ref idref="fl-fd"/>
      </object_component>
      <object_component id="oc-331">
         <name>.text</name>
         <load_address>0x1180c6c0</load_address>
         <run_address>0x1180c6c0</run_address>
         <size>0x500</size>
         <input_file_ref idref="fl-c"/>
      </object_component>
      <object_component id="oc-2e3">
         <name>.text</name>
         <load_address>0x1180cbc0</load_address>
         <run_address>0x1180cbc0</run_address>
         <size>0x4c0</size>
         <input_file_ref idref="fl-2"/>
      </object_component>
      <object_component id="oc-34f">
         <name>.text:__sproc_int</name>
         <load_address>0x1180d080</load_address>
         <run_address>0x1180d080</run_address>
         <size>0x4c0</size>
         <input_file_ref idref="fl-11d"/>
      </object_component>
      <object_component id="oc-32e">
         <name>.text</name>
         <load_address>0x1180d540</load_address>
         <run_address>0x1180d540</run_address>
         <size>0x4a0</size>
         <input_file_ref idref="fl-bf"/>
      </object_component>
      <object_component id="oc-360">
         <name>.text:_strtod</name>
         <load_address>0x1180d9e0</load_address>
         <run_address>0x1180d9e0</run_address>
         <size>0x460</size>
         <input_file_ref idref="fl-11e"/>
      </object_component>
      <object_component id="oc-362">
         <name>.text:_strtol</name>
         <load_address>0x1180de40</load_address>
         <run_address>0x1180de40</run_address>
         <size>0x460</size>
         <input_file_ref idref="fl-11f"/>
      </object_component>
      <object_component id="oc-361">
         <name>.text:_strtold</name>
         <load_address>0x1180e2a0</load_address>
         <run_address>0x1180e2a0</run_address>
         <size>0x460</size>
         <input_file_ref idref="fl-120"/>
      </object_component>
      <object_component id="oc-363">
         <name>.text:_strtoll</name>
         <load_address>0x1180e700</load_address>
         <run_address>0x1180e700</run_address>
         <size>0x460</size>
         <input_file_ref idref="fl-121"/>
      </object_component>
      <object_component id="oc-33e">
         <name>.text:__printfi</name>
         <load_address>0x1180eb60</load_address>
         <run_address>0x1180eb60</run_address>
         <size>0x440</size>
         <input_file_ref idref="fl-fd"/>
      </object_component>
      <object_component id="oc-31c">
         <name>.text</name>
         <load_address>0x1180efa0</load_address>
         <run_address>0x1180efa0</run_address>
         <size>0x440</size>
         <input_file_ref idref="fl-dd"/>
      </object_component>
      <object_component id="oc-35e">
         <name>.text:_strtoul</name>
         <load_address>0x1180f3e0</load_address>
         <run_address>0x1180f3e0</run_address>
         <size>0x400</size>
         <input_file_ref idref="fl-122"/>
      </object_component>
      <object_component id="oc-35f">
         <name>.text:_strtoull</name>
         <load_address>0x1180f7e0</load_address>
         <run_address>0x1180f7e0</run_address>
         <size>0x400</size>
         <input_file_ref idref="fl-123"/>
      </object_component>
      <object_component id="oc-305">
         <name>.text</name>
         <load_address>0x1180fbe0</load_address>
         <run_address>0x1180fbe0</run_address>
         <size>0x400</size>
         <input_file_ref idref="fl-c0"/>
      </object_component>
      <object_component id="oc-31a">
         <name>.text</name>
         <load_address>0x1180ffe0</load_address>
         <run_address>0x1180ffe0</run_address>
         <size>0x400</size>
         <input_file_ref idref="fl-d2"/>
      </object_component>
      <object_component id="oc-358">
         <name>.text:_fputs</name>
         <load_address>0x118103e0</load_address>
         <run_address>0x118103e0</run_address>
         <size>0x3a0</size>
         <input_file_ref idref="fl-107"/>
      </object_component>
      <object_component id="oc-30d">
         <name>.text</name>
         <load_address>0x11810780</load_address>
         <run_address>0x11810780</run_address>
         <size>0x360</size>
         <input_file_ref idref="fl-f"/>
      </object_component>
      <object_component id="oc-34d">
         <name>.text:__sget_conv</name>
         <load_address>0x11810ae0</load_address>
         <run_address>0x11810ae0</run_address>
         <size>0x340</size>
         <input_file_ref idref="fl-11d"/>
      </object_component>
      <object_component id="oc-364">
         <name>.text:__pproc_fge</name>
         <load_address>0x11810e20</load_address>
         <run_address>0x11810e20</run_address>
         <size>0x320</size>
         <input_file_ref idref="fl-fd"/>
      </object_component>
      <object_component id="oc-302">
         <name>.text</name>
         <load_address>0x11811140</load_address>
         <run_address>0x11811140</run_address>
         <size>0x300</size>
         <input_file_ref idref="fl-bc"/>
      </object_component>
      <object_component id="oc-34e">
         <name>.text:__sproc_float</name>
         <load_address>0x11811440</load_address>
         <run_address>0x11811440</run_address>
         <size>0x2e0</size>
         <input_file_ref idref="fl-11d"/>
      </object_component>
      <object_component id="oc-37e">
         <name>.text:_ecvt</name>
         <load_address>0x11811720</load_address>
         <run_address>0x11811720</run_address>
         <size>0x2e0</size>
         <input_file_ref idref="fl-fd"/>
      </object_component>
      <object_component id="oc-381">
         <name>.text:_fcvt</name>
         <load_address>0x11811a00</load_address>
         <run_address>0x11811a00</run_address>
         <size>0x2e0</size>
         <input_file_ref idref="fl-fd"/>
      </object_component>
      <object_component id="oc-354">
         <name>.text:__pproc_fwp</name>
         <load_address>0x11811ce0</load_address>
         <run_address>0x11811ce0</run_address>
         <size>0x2c0</size>
         <input_file_ref idref="fl-fd"/>
      </object_component>
      <object_component id="oc-309">
         <name>.text:_fmodf</name>
         <load_address>0x11811fa0</load_address>
         <run_address>0x11811fa0</run_address>
         <size>0x2c0</size>
         <input_file_ref idref="fl-f3"/>
      </object_component>
      <object_component id="oc-36a">
         <name>.text:__divull</name>
         <load_address>0x11812260</load_address>
         <run_address>0x11812260</run_address>
         <size>0x260</size>
         <input_file_ref idref="fl-ff"/>
      </object_component>
      <object_component id="oc-376">
         <name>.text:__pconv_e</name>
         <load_address>0x118124c0</load_address>
         <run_address>0x118124c0</run_address>
         <size>0x240</size>
         <input_file_ref idref="fl-fd"/>
      </object_component>
      <object_component id="oc-365">
         <name>.text:__pproc_diouxp</name>
         <load_address>0x11812700</load_address>
         <run_address>0x11812700</run_address>
         <size>0x240</size>
         <input_file_ref idref="fl-fd"/>
      </object_component>
      <object_component id="oc-356">
         <name>.text:__pproc_str</name>
         <load_address>0x11812940</load_address>
         <run_address>0x11812940</run_address>
         <size>0x220</size>
         <input_file_ref idref="fl-fd"/>
      </object_component>
      <object_component id="oc-359">
         <name>.text:_fputc</name>
         <load_address>0x11812b60</load_address>
         <run_address>0x11812b60</run_address>
         <size>0x220</size>
         <input_file_ref idref="fl-104"/>
      </object_component>
      <object_component id="oc-374">
         <name>.text:__pconv_g</name>
         <load_address>0x11812d80</load_address>
         <run_address>0x11812d80</run_address>
         <size>0x200</size>
         <input_file_ref idref="fl-fd"/>
      </object_component>
      <object_component id="oc-37a">
         <name>.text:_setvbuf</name>
         <load_address>0x11812f80</load_address>
         <run_address>0x11812f80</run_address>
         <size>0x200</size>
         <input_file_ref idref="fl-110"/>
      </object_component>
      <object_component id="oc-303">
         <name>.text</name>
         <load_address>0x11813180</load_address>
         <run_address>0x11813180</run_address>
         <size>0x1e0</size>
         <input_file_ref idref="fl-de"/>
      </object_component>
      <object_component id="oc-380">
         <name>.text:__mcpy</name>
         <load_address>0x11813360</load_address>
         <run_address>0x11813360</run_address>
         <size>0x1c0</size>
         <input_file_ref idref="fl-fd"/>
      </object_component>
      <object_component id="oc-213">
         <name>.text</name>
         <load_address>0x11813520</load_address>
         <run_address>0x11813520</run_address>
         <size>0x1c0</size>
         <input_file_ref idref="fl-ea"/>
      </object_component>
      <object_component id="oc-30f">
         <name>.text</name>
         <load_address>0x118136e0</load_address>
         <run_address>0x118136e0</run_address>
         <size>0x1a0</size>
         <input_file_ref idref="fl-6"/>
      </object_component>
      <object_component id="oc-349">
         <name>.text:__divul</name>
         <load_address>0x11813880</load_address>
         <run_address>0x11813880</run_address>
         <size>0x1a0</size>
         <input_file_ref idref="fl-e8"/>
      </object_component>
      <object_component id="oc-350">
         <name>.text:__sproc_str</name>
         <load_address>0x11813a20</load_address>
         <run_address>0x11813a20</run_address>
         <size>0x1a0</size>
         <input_file_ref idref="fl-11d"/>
      </object_component>
      <object_component id="oc-300">
         <name>.text:_HOSTrename</name>
         <load_address>0x11813bc0</load_address>
         <run_address>0x11813bc0</run_address>
         <size>0x180</size>
         <input_file_ref idref="fl-10b"/>
      </object_component>
      <object_component id="oc-22b">
         <name>.text</name>
[...]
         <value>0x1180f078</value>
         <object_component_ref idref="oc-31c"/>
      </symbol>
      <symbol id="sm-13dc">
         <name>_UART_init</name>
         <value>0x1180f1e0</value>
         <object_component_ref idref="oc-31c"/>
      </symbol>
      <symbol id="sm-13dd">
         <name>_UART_txUint32</name>
         <value>0x1180f0c0</value>
         <object_component_ref idref="oc-31c"/>
      </symbol>
      <symbol id="sm-13ee">
         <name>_USTIMER_get</name>
         <value>0x118132b0</value>
         <object_component_ref idref="oc-303"/>
      </symbol>
      <symbol id="sm-13ef">
         <name>_USTIMER_delay</name>
         <value>0x118132dc</value>
         <object_component_ref idref="oc-303"/>
      </symbol>
      <symbol id="sm-13f0">
         <name>_USTIMER_set</name>
         <value>0x11813180</value>
         <object_component_ref idref="oc-303"/>
      </symbol>
      <symbol id="sm-13f1">
         <name>_USTIMER_init</name>
         <value>0x118131cc</value>
         <object_component_ref idref="oc-303"/>
      </symbol>
      <symbol id="sm-13f2">
         <name>_USTIMER_reset</name>
         <value>0x11813194</value>
         <object_component_ref idref="oc-303"/>
      </symbol>
      <symbol id="sm-1417">
         <name>_VPIF_initReceive</name>
         <value>0x1180b2cc</value>
         <object_component_ref idref="oc-316"/>
      </symbol>
      <symbol id="sm-1418">
         <name>_VPIF_initReceive_withPRU</name>
         <value>0x1180b158</value>
         <object_component_ref idref="oc-316"/>
      </symbol>
      <symbol id="sm-1419">
         <name>_VPIF_initTransmit</name>
         <value>0x1180af40</value>
         <object_component_ref idref="oc-316"/>
      </symbol>
      <symbol id="sm-142b">
         <name>__SEM_dopost</name>
         <value>0x11827d00</value>
         <object_component_ref idref="oc-2eb"/>
      </symbol>
      <symbol id="sm-143e">
         <name>__auto_init</name>
         <value>0x118284e0</value>
         <object_component_ref idref="oc-2dd"/>
      </symbol>
      <symbol id="sm-1446">
         <name>_divdp</name>
         <value>0x11816980</value>
         <object_component_ref idref="oc-1f7"/>
      </symbol>
      <symbol id="sm-1447">
         <name>__divd</name>
         <value>0x11816980</value>
         <object_component_ref idref="oc-1f7"/>
      </symbol>
      <symbol id="sm-144f">
         <name>__divf</name>
         <value>0x11816d00</value>
         <object_component_ref idref="oc-1fb"/>
      </symbol>
      <symbol id="sm-1450">
         <name>_divsp</name>
         <value>0x11816d00</value>
         <object_component_ref idref="oc-1fb"/>
      </symbol>
      <symbol id="sm-1459">
         <name>__c6xabi_divi</name>
         <value>0x11815300</value>
         <object_component_ref idref="oc-314"/>
      </symbol>
      <symbol id="sm-145a">
         <name>__divi</name>
         <value>0x11815300</value>
         <object_component_ref idref="oc-314"/>
      </symbol>
      <symbol id="sm-1463">
         <name>__c6xabi_divu</name>
         <value>0x11815a80</value>
         <object_component_ref idref="oc-340"/>
      </symbol>
      <symbol id="sm-1464">
         <name>__divu</name>
         <value>0x11815a80</value>
         <object_component_ref idref="oc-340"/>
      </symbol>
      <symbol id="sm-146e">
         <name>__nround</name>
         <value>0x11816200</value>
         <object_component_ref idref="oc-307"/>
      </symbol>
      <symbol id="sm-1480">
         <name>__unlock</name>
         <value>0x118251c4</value>
         <object_component_ref idref="oc-20a"/>
      </symbol>
      <symbol id="sm-1481">
         <name>__lock</name>
         <value>0x118251c0</value>
         <object_component_ref idref="oc-20a"/>
      </symbol>
      <symbol id="sm-1482">
         <name>__register_lock</name>
         <value>0x11817080</value>
         <object_component_ref idref="oc-322"/>
      </symbol>
      <symbol id="sm-1483">
         <name>__nop</name>
         <value>0x11816fe0</value>
         <object_component_ref idref="oc-2f9"/>
      </symbol>
      <symbol id="sm-1484">
         <name>__register_unlock</name>
         <value>0x118170a0</value>
         <object_component_ref idref="oc-323"/>
      </symbol>
      <symbol id="sm-1496">
         <name>__divul</name>
         <value>0x11813880</value>
         <object_component_ref idref="oc-349"/>
      </symbol>
      <symbol id="sm-1497">
         <name>__remli</name>
         <value>0x11816ee0</value>
         <object_component_ref idref="oc-30b"/>
      </symbol>
      <symbol id="sm-1498">
         <name>__remul</name>
         <value>0x11816f20</value>
         <object_component_ref idref="oc-370"/>
      </symbol>
      <symbol id="sm-1499">
         <name>__divli</name>
         <value>0x11815f80</value>
         <object_component_ref idref="oc-336"/>
      </symbol>
      <symbol id="sm-14a1">
         <name>__c6xabi_strasgi_64plus</name>
         <value>0x11816f60</value>
         <object_component_ref idref="oc-348"/>
      </symbol>
      <symbol id="sm-14a2">
         <name>__strasgi_64plus</name>
         <value>0x11816f60</value>
         <object_component_ref idref="oc-348"/>
      </symbol>
      <symbol id="sm-14ac">
         <name>_atan2f</name>
         <value>0x11813520</value>
         <object_component_ref idref="oc-213"/>
      </symbol>
      <symbol id="sm-14ad">
         <name>_atan2sp</name>
         <value>0x11813520</value>
         <object_component_ref idref="oc-213"/>
      </symbol>
      <symbol id="sm-14c1">
         <name>_atexit</name>
         <value>0x11815c00</value>
         <object_component_ref idref="oc-328"/>
      </symbol>
      <symbol id="sm-14c2">
         <name>___atexit_func_id__</name>
         <value>0x11824b60</value>
         <object_component_ref idref="oc-219"/>
      </symbol>
      <symbol id="sm-14da">
         <name>_dtors</name>
         <value>0x11825164</value>
         <object_component_ref idref="oc-21e"/>
      </symbol>
      <symbol id="sm-14db">
         <name>_call_dtors</name>
         <value>0x11814f40</value>
         <object_component_ref idref="oc-357"/>
      </symbol>
      <symbol id="sm-14dc">
         <name>___add_dtor</name>
         <value>0x11816d60</value>
         <object_component_ref idref="oc-345"/>
      </symbol>
      <symbol id="sm-14e8">
         <name>___TI_enable_exit_profile_output</name>
         <value>0x118251bc</value>
         <object_component_ref idref="oc-223"/>
      </symbol>
      <symbol id="sm-14e9">
         <name>__cleanup_ptr</name>
         <value>0x118251b4</value>
         <object_component_ref idref="oc-223"/>
      </symbol>
      <symbol id="sm-14ea">
         <name>__dtors_ptr</name>
         <value>0x118251b8</value>
         <object_component_ref idref="oc-223"/>
      </symbol>
      <symbol id="sm-14f8">
         <name>_atoi</name>
         <value>0x118153e0</value>
         <object_component_ref idref="oc-31e"/>
      </symbol>
      <symbol id="sm-1500">
         <name>__ctypes_</name>
         <value>0x11833ae0</value>
         <object_component_ref idref="oc-341"/>
      </symbol>
      <symbol id="sm-150c">
         <name>_cos</name>
         <value>0x11813d40</value>
         <object_component_ref idref="oc-22b"/>
      </symbol>
      <symbol id="sm-150d">
         <name>_HPisDP</name>
         <value>0x118351c8</value>
         <object_component_ref idref="oc-22c"/>
      </symbol>
      <symbol id="sm-150e">
         <name>_cosdp</name>
         <value>0x11813d40</value>
         <object_component_ref idref="oc-22b"/>
      </symbol>
      <symbol id="sm-1516">
         <name>_cossp</name>
         <value>0x11814b00</value>
         <object_component_ref idref="oc-230"/>
      </symbol>
      <symbol id="sm-1517">
         <name>_cosf</name>
         <value>0x11814b00</value>
         <object_component_ref idref="oc-230"/>
      </symbol>
      <symbol id="sm-1521">
         <name>_errno</name>
         <value>0x11824f84</value>
         <object_component_ref idref="oc-236"/>
      </symbol>
      <symbol id="sm-1537">
         <name>_fmodf</name>
         <value>0x11811fa0</value>
         <object_component_ref idref="oc-309"/>
      </symbol>
      <symbol id="sm-1541">
         <name>__roundf</name>
         <value>0x11816800</value>
         <object_component_ref idref="oc-334"/>
      </symbol>
      <symbol id="sm-154b">
         <name>__truncf</name>
         <value>0x118170c0</value>
         <object_component_ref idref="oc-335"/>
      </symbol>
      <symbol id="sm-155a">
         <name>_frexpf</name>
         <value>0x118155a0</value>
         <object_component_ref idref="oc-332"/>
      </symbol>
      <symbol id="sm-1568">
         <name>_ldexpf</name>
         <value>0x118149e0</value>
         <object_component_ref idref="oc-333"/>
      </symbol>
      <symbol id="sm-1570">
         <name>_memcpy</name>
         <value>0x11816480</value>
         <object_component_ref idref="oc-301"/>
      </symbol>
      <symbol id="sm-157c">
         <name>_modf</name>
         <value>0x11816520</value>
         <object_component_ref idref="oc-330"/>
      </symbol>
      <symbol id="sm-1587">
         <name>_modff</name>
         <value>0x11816b20</value>
         <object_component_ref idref="oc-30a"/>
      </symbol>
      <symbol id="sm-159c">
         <name>_printf</name>
         <value>0x11815760</value>
         <object_component_ref idref="oc-32d"/>
      </symbol>
      <symbol id="sm-15a6">
         <name>__tmpnams</name>
         <value>0x11824a18</value>
         <object_component_ref idref="oc-255"/>
      </symbol>
      <symbol id="sm-15a7">
         <name>__ft_end</name>
         <value>0x11824b58</value>
         <object_component_ref idref="oc-255"/>
      </symbol>
      <symbol id="sm-15a8">
         <name>__ftable</name>
         <value>0x11824838</value>
         <object_component_ref idref="oc-255"/>
      </symbol>
      <symbol id="sm-16b4">
         <name>__printfi</name>
         <value>0x1180eb60</value>
         <object_component_ref idref="oc-33e"/>
      </symbol>
      <symbol id="sm-16be">
         <name>___isinf</name>
         <value>0x11816da0</value>
         <object_component_ref idref="oc-373"/>
      </symbol>
      <symbol id="sm-16d4">
         <name>__subcull</name>
         <value>0x11816a60</value>
         <object_component_ref idref="oc-37c"/>
      </symbol>
      <symbol id="sm-16d5">
         <name>__divull</name>
         <value>0x11812260</value>
         <object_component_ref idref="oc-36a"/>
      </symbol>
      <symbol id="sm-16d6">
         <name>__remull</name>
         <value>0x11816a00</value>
         <object_component_ref idref="oc-371"/>
      </symbol>
      <symbol id="sm-16e3">
         <name>__fixdli</name>
         <value>0x11816160</value>
         <object_component_ref idref="oc-387"/>
      </symbol>
      <symbol id="sm-16ee">
         <name>__fltlid</name>
         <value>0x11816700</value>
         <object_component_ref idref="oc-389"/>
      </symbol>
      <symbol id="sm-16fc">
         <name>__llshl</name>
         <value>0x11816780</value>
         <object_component_ref idref="oc-37b"/>
      </symbol>
      <symbol id="sm-16fd">
         <name>__llshru</name>
         <value>0x11816e20</value>
         <object_component_ref idref="oc-37d"/>
      </symbol>
      <symbol id="sm-1707">
         <name>__negll</name>
         <value>0x11816fc0</value>
         <object_component_ref idref="oc-36b"/>
      </symbol>
      <symbol id="sm-1722">
         <name>_putc</name>
         <value>0x11812b60</value>
         <object_component_ref idref="oc-359"/>
      </symbol>
      <symbol id="sm-1723">
         <name>_fputc</name>
         <value>0x11812b60</value>
         <object_component_ref idref="oc-359"/>
      </symbol>
      <symbol id="sm-1730">
         <name>__doflush</name>
         <value>0x11815b40</value>
         <object_component_ref idref="oc-368"/>
      </symbol>
      <symbol id="sm-173f">
         <name>__wrt_ok</name>
         <value>0x11814e40</value>
         <object_component_ref idref="oc-367"/>
      </symbol>
      <symbol id="sm-1761">
         <name>_fputs</name>
         <value>0x118103e0</value>
         <object_component_ref idref="oc-358"/>
      </symbol>
      <symbol id="sm-1772">
         <name>_fseek</name>
         <value>0x118148c0</value>
         <object_component_ref idref="oc-379"/>
      </symbol>
      <symbol id="sm-17b6">
         <name>_unlink</name>
         <value>0x11816900</value>
         <object_component_ref idref="oc-390"/>
      </symbol>
      <symbol id="sm-17b7">
         <name>_lseek</name>
         <value>0x118163e0</value>
         <object_component_ref idref="oc-384"/>
      </symbol>
      <symbol id="sm-17b8">
         <name>_close</name>
         <value>0x118154c0</value>
         <object_component_ref idref="oc-38e"/>
      </symbol>
      <symbol id="sm-17b9">
         <name>_write</name>
         <value>0x118165c0</value>
         <object_component_ref idref="oc-369"/>
      </symbol>
      <symbol id="sm-17e2">
         <name>_HOSTopen</name>
         <value>0x11815140</value>
         <object_component_ref idref="oc-2fa"/>
      </symbol>
      <symbol id="sm-17e3">
         <name>_HOSTread</name>
         <value>0x11815220</value>
         <object_component_ref idref="oc-2fc"/>
      </symbol>
      <symbol id="sm-17e4">
         <name>_HOSTrename</name>
         <value>0x11813bc0</value>
         <object_component_ref idref="oc-300"/>
      </symbol>
      <symbol id="sm-17e5">
         <name>_HOSTwrite</name>
         <value>0x11815900</value>
         <object_component_ref idref="oc-2fd"/>
      </symbol>
      <symbol id="sm-17e6">
         <name>_HOSTlseek</name>
         <value>0x11814d40</value>
         <object_component_ref idref="oc-2fe"/>
      </symbol>
      <symbol id="sm-17e7">
         <name>_HOSTunlink</name>
         <value>0x11815840</value>
         <object_component_ref idref="oc-2ff"/>
      </symbol>
      <symbol id="sm-17e8">
         <name>_HOSTclose</name>
         <value>0x11815e40</value>
         <object_component_ref idref="oc-2fb"/>
      </symbol>
      <symbol id="sm-17f5">
         <name>_ltoa</name>
         <value>0x11815cc0</value>
         <object_component_ref idref="oc-388"/>
      </symbol>
      <symbol id="sm-1802">
         <name>_memccpy</name>
         <value>0x11816ac0</value>
         <object_component_ref idref="oc-366"/>
      </symbol>
      <symbol id="sm-180d">
         <name>_memset</name>
         <value>0x11815680</value>
         <object_component_ref idref="oc-34c"/>
      </symbol>
      <symbol id="sm-181d">
         <name>C$$IO$$</name>
         <value>0x11816cf8</value>
         <object_component_ref idref="oc-329"/>
      </symbol>
      <symbol id="sm-181e">
         <name>__CIOBUF_</name>
         <value>0x11834e00</value>
         <object_component_ref idref="oc-293"/>
      </symbol>
      <symbol id="sm-181f">
         <name>_readmsg</name>
         <value>0x11816880</value>
         <object_component_ref idref="oc-32a"/>
      </symbol>
      <symbol id="sm-1820">
         <name>_writemsg</name>
         <value>0x11816ca0</value>
         <object_component_ref idref="oc-329"/>
      </symbol>
      <symbol id="sm-1837">
         <name>_setvbuf</name>
         <value>0x11812f80</value>
         <object_component_ref idref="oc-37a"/>
      </symbol>
      <symbol id="sm-184a">
         <name>__cleanup</name>
         <value>0x11815ee0</value>
         <object_component_ref idref="oc-386"/>
      </symbol>
      <symbol id="sm-185c">
         <name>__closefile</name>
         <value>0x11814560</value>
         <object_component_ref idref="oc-38c"/>
      </symbol>
      <symbol id="sm-1878">
         <name>_free</name>
         <value>0x11826a40</value>
         <object_component_ref idref="oc-385"/>
      </symbol>
      <symbol id="sm-1879">
         <name>_calloc</name>
         <value>0x11826c6c</value>
         <object_component_ref idref="oc-385"/>
      </symbol>
      <symbol id="sm-187a">
         <name>_memalign</name>
         <value>0x11826ba8</value>
         <object_component_ref idref="oc-385"/>
      </symbol>
      <symbol id="sm-187b">
         <name>_realloc</name>
         <value>0x11826ac4</value>
         <object_component_ref idref="oc-385"/>
      </symbol>
      <symbol id="sm-187c">
         <name>_malloc</name>
         <value>0x11826a64</value>
         <object_component_ref idref="oc-385"/>
      </symbol>
      <symbol id="sm-1893">
         <name>_MEM_alloc</name>
         <value>0x11827180</value>
         <object_component_ref idref="oc-38b"/>
      </symbol>
      <symbol id="sm-18a5">
         <name>_MEM_free</name>
         <value>0x11827580</value>
         <object_component_ref idref="oc-38a"/>
      </symbol>
      <symbol id="sm-18b0">
         <name>_SYS_error</name>
         <value>0x118291e0</value>
         <object_component_ref idref="oc-38d"/>
      </symbol>
      <symbol id="sm-18ba">
         <name>_remove</name>
         <value>0x11817100</value>
         <object_component_ref idref="oc-38f"/>
      </symbol>
      <symbol id="sm-18c6">
         <name>_sin</name>
         <value>0x11813ed8</value>
         <object_component_ref idref="oc-2b2"/>
      </symbol>
      <symbol id="sm-18c7">
         <name>_sindp</name>
         <value>0x11813ed8</value>
         <object_component_ref idref="oc-2b2"/>
      </symbol>
      <symbol id="sm-18c8">
         <name>_HPisdp</name>
         <value>0x11835228</value>
         <object_component_ref idref="oc-2b3"/>
      </symbol>
      <symbol id="sm-18d0">
         <name>_sinf</name>
         <value>0x11814c34</value>
         <object_component_ref idref="oc-2b7"/>
      </symbol>
      <symbol id="sm-18d1">
         <name>_sinsp</name>
         <value>0x11814c34</value>
         <object_component_ref idref="oc-2b7"/>
      </symbol>
      <symbol id="sm-18e1">
         <name>_sprintf</name>
         <value>0x11816b80</value>
         <object_component_ref idref="oc-311"/>
      </symbol>
      <symbol id="sm-18e9">
         <name>_sqrtf</name>
         <value>0x11816660</value>
         <object_component_ref idref="oc-2be"/>
      </symbol>
      <symbol id="sm-18ea">
         <name>_sqrtsp</name>
         <value>0x11816660</value>
         <object_component_ref idref="oc-2be"/>
      </symbol>
      <symbol id="sm-1904">
         <name>_sscanf</name>
         <value>0x11816be0</value>
         <object_component_ref idref="oc-310"/>
      </symbol>
      <symbol id="sm-19dc">
         <name>__scanfi</name>
         <value>0x11808f80</value>
         <object_component_ref idref="oc-33b"/>
      </symbol>
      <symbol id="sm-1a01">
         <name>_strtod</name>
         <value>0x1180d9e0</value>
         <object_component_ref idref="oc-360"/>
      </symbol>
      <symbol id="sm-1a19">
         <name>_strtol</name>
         <value>0x1180de40</value>
         <object_component_ref idref="oc-362"/>
      </symbol>
      <symbol id="sm-1a3e">
         <name>_strtold</name>
         <value>0x1180e2a0</value>
         <object_component_ref idref="oc-361"/>
      </symbol>
      <symbol id="sm-1a59">
         <name>_strtoll</name>
         <value>0x1180e700</value>
         <object_component_ref idref="oc-363"/>
      </symbol>
      <symbol id="sm-1a71">
         <name>_strtoul</name>
         <value>0x1180f3e0</value>
         <object_component_ref idref="oc-35e"/>
      </symbol>
      <symbol id="sm-1a8d">
         <name>_strtoull</name>
         <value>0x1180f7e0</value>
         <object_component_ref idref="oc-35f"/>
      </symbol>
      <symbol id="sm-1a9d">
         <name>_vsprintf</name>
         <value>0x11816c40</value>
         <object_component_ref idref="oc-337"/>
      </symbol>
   </symbol_table>
</link_info>
