******************************************************************************
               TMS320C6x Linker PC v7.4.22                     
******************************************************************************
>> Linked Thu May 03 21:29:48 2018

OUTPUT FILE NAME:   <final_v1.out>
ENTRY POINT SYMBOL: "_c_int00"  address: 11831c20


MEMORY CONFIGURATION

         name            origin    length      used     unused   attr    fill
----------------------  --------  ---------  --------  --------  ----  --------
  IRAM                  11800000   00038000  00035485  00002b7b  RWIX
  CACHE_L2              11838000   00008000  00000000  00008000  RWIX
  CACHE_L1P             11e00000   00008000  00000000  00008000  RWIX
  CACHE_L1D             11f00000   00008000  00000000  00008000  RWIX
  L3_CBA_RAM            80000000   00020000  00000000  00020000  RWIX
  DDR                   c3000000   01000000  00008000  00ff8000  RWIX


SECTION ALLOCATION MAP

 output                                  attributes/
section   page    origin      length       input sections
--------  ----  ----------  ----------   ----------------
.vers      0    00000000    00000040     COPY SECTION
                  00000000    00000040     final_v1cfg.obj (.vers)

.text      0    11800000    00017120     
                  11800000    000039a0     user_final_v1.obj (.text)
                  118039a0    00002760     Ladar.obj (.text)
                  11806100    00001460     ColorVision.obj (.text)
                  11807560    00000f80     evmomapl138_bsl.lib : evmomapl138.obj (.text)
                  118084e0    00000aa0     ColorLCD.obj (.text)
                  11808f80    00000900     rts6740.lib : _scanfi.obj (.text:__scanfi)
                  11809880    000008c0     astarfile.obj (.text)
                  1180a140    00000720     MatrixMath.obj (.text)
                  1180a860    000006e0     COECSL_mcbsp.obj (.text)
                  1180af40    000006c0     evmomapl138_bsl.lib : evmomapl138_vpif.obj (.text)
                  1180b600    00000620     rts6740.lib : _scanfi.obj (.text:__sset_arg)
                  1180bc20    00000580                 : _printfi.obj (.text:__getarg_diouxp)
                  1180c1a0    00000520                 : _printfi.obj (.text:__setfield)
                  1180c6c0    00000500     pQueue.obj (.text)
                  1180cbc0    000004c0     COECSL_edma3.obj (.text)
                  1180d080    000004c0     rts6740.lib : _scanfi.obj (.text:__sproc_int)
                  1180d540    000004a0     evmomapl138_bsl.lib : evmomapl138_i2c_gpio.obj (.text)
                  1180d9e0    00000460     rts6740.lib : strtod.obj (.text:_strtod)
                  1180de40    00000460                 : strtol.obj (.text:_strtol)
                  1180e2a0    00000460                 : strtold.obj (.text:_strtold)
                  1180e700    00000460                 : strtoll.obj (.text:_strtoll)
                  1180eb60    00000440                 : _printfi.obj (.text:__printfi)
                  1180efa0    00000440     evmomapl138_bsl.lib : evmomapl138_uart.obj (.text)
                  1180f3e0    00000400     rts6740.lib : strtoul.obj (.text:_strtoul)
                  1180f7e0    00000400                 : strtoull.obj (.text:_strtoull)
                  1180fbe0    00000400     evmomapl138_bsl.lib : evmomapl138_i2c.obj (.text)
                  1180ffe0    00000400                         : evmomapl138_spi.obj (.text)
                  118103e0    000003a0     rts6740.lib : fputs.obj (.text:_fputs)
                  11810780    00000360     user_xy.obj (.text)
                  11810ae0    00000340     rts6740.lib : _scanfi.obj (.text:__sget_conv)
                  11810e20    00000320                 : _printfi.obj (.text:__pproc_fge)
                  11811140    00000300     evmomapl138_bsl.lib : evmomapl138_gpio.obj (.text)
                  11811440    000002e0     rts6740.lib : _scanfi.obj (.text:__sproc_float)
                  11811720    000002e0                 : _printfi.obj (.text:_ecvt)
                  11811a00    000002e0                 : _printfi.obj (.text:_fcvt)
                  11811ce0    000002c0                 : _printfi.obj (.text:__pproc_fwp)
                  11811fa0    000002c0                 : fmodf.obj (.text:_fmodf)
                  11812260    00000260                 : imath64.obj (.text:__divull)
                  118124c0    00000240                 : _printfi.obj (.text:__pconv_e)
                  11812700    00000240                 : _printfi.obj (.text:__pproc_diouxp)
                  11812940    00000220                 : _printfi.obj (.text:__pproc_str)
                  11812b60    00000220                 : fputc.obj (.text:_fputc)
                  11812d80    00000200                 : _printfi.obj (.text:__pconv_g)
                  11812f80    00000200                 : setvbuf.obj (.text:_setvbuf)
                  11813180    000001e0     evmomapl138_bsl.lib : evmomapl138_timer.obj (.text)
                  11813360    000001c0     rts6740.lib : _printfi.obj (.text:__mcpy)
                  11813520    000001c0     c674xfastMath.lib : atan2sp.obj (.text)
                  118136e0    000001a0     LCDprintf.obj (.text)
                  11813880    000001a0     rts6740.lib : imath40.obj (.text:__divul)
                  11813a20    000001a0                 : _scanfi.obj (.text:__sproc_str)
                  11813bc0    00000180                 : trgdrv.obj (.text:_HOSTrename)
                  11813d40    00000180     c674xfastMath.lib : cosdp.obj (.text)
                  11813ec0    00000180                       : sindp.obj (.text)
                  11814040    00000160     rts6740.lib : _scanfi.obj (.text:__sproc_lb)
                  118141a0    00000140                 : sscanf.obj (.text:__chkmbc)
                  118142e0    00000140                 : _printfi.obj (.text:__pproc_fflags)
                  11814420    00000140                 : lowlev.obj (.text:_getdevice)
                  11814560    00000120                 : fclose.obj (.text:__closefile)
                  11814680    00000120                 : _printfi.obj (.text:__ltostr)
                  118147a0    00000120                 : _scanfi.obj (.text:__sget_scanset)
                  118148c0    00000120                 : fseek.obj (.text:_fseek)
                  118149e0    00000120                 : ldexpf.obj (.text:_ldexpf)
                  11814b00    00000120     c674xfastMath.lib : cossp.obj (.text)
                  11814c20    00000120                       : sinsp.obj (.text)
                  11814d40    00000100     rts6740.lib : trgdrv.obj (.text:_HOSTlseek)
                  11814e40    00000100                 : _io_perm.obj (.text:__wrt_ok)
                  11814f40    00000100                 : sinit.obj (.text:_call_dtors)
                  11815040    00000100     pru.obj (.text)
                  11815140    000000e0     rts6740.lib : trgdrv.obj (.text:_HOSTopen)
                  11815220    000000e0                 : trgdrv.obj (.text:_HOSTread)
                  11815300    000000e0                 : divi.obj (.text:__divi)
                  118153e0    000000e0                 : atoi.obj (.text:_atoi)
                  118154c0    000000e0                 : lowlev.obj (.text:_close)
                  118155a0    000000e0                 : frexpf.obj (.text:_frexpf)
                  11815680    000000e0                 : memset.obj (.text:_memset)
                  11815760    000000e0                 : printf.obj (.text:_printf)
                  11815840    000000c0                 : trgdrv.obj (.text:_HOSTunlink)
                  11815900    000000c0                 : trgdrv.obj (.text:_HOSTwrite)
                  118159c0    000000c0                 : _printfi.obj (.text:__div)
                  11815a80    000000c0                 : divu.obj (.text:__divu)
                  11815b40    000000c0                 : fflush.obj (.text:__doflush)
                  11815c00    000000c0                 : atexit.obj (.text:_atexit)
                  11815cc0    000000c0                 : ltoa.obj (.text:_ltoa)
                  11815d80    000000c0     bios.a674 : tsk_stup.o674 (.text)
                  11815e40    000000a0     rts6740.lib : trgdrv.obj (.text:_HOSTclose)
                  11815ee0    000000a0                 : fopen.obj (.text:__cleanup)
                  11815f80    000000a0                 : imath40.obj (.text:__divli)
                  11816020    000000a0                 : _printfi.obj (.text:__ecpy)
                  118160c0    000000a0                 : _printfi.obj (.text:__fcpy)
                  11816160    000000a0                 : fixdli.obj (.text:__fixdli)
                  11816200    000000a0                 : round.obj (.text:__nround)
                  118162a0    000000a0                 : _printfi.obj (.text:__pconv_f)
                  11816340    000000a0                 : lowlev.obj (.text:_finddevice)
                  118163e0    000000a0                 : lowlev.obj (.text:_lseek)
                  11816480    000000a0                 : memcpy64.obj (.text:_memcpy)
                  11816520    000000a0                 : modf.obj (.text:_modf)
                  118165c0    000000a0                 : lowlev.obj (.text:_write)
                  11816660    000000a0     c674xfastMath.lib : sqrtsp.obj (.text)
                  11816700    00000080     rts6740.lib : fltlid.obj (.text:__fltlid)
                  11816780    00000080                 : llshift.obj (.text:__llshl)
                  11816800    00000080                 : roundf.obj (.text:__roundf)
                  11816880    00000080                 : trgmsg.obj (.text:_readmsg)
                  11816900    00000080                 : lowlev.obj (.text:_unlink)
                  11816980    00000080     c674xfastMath.lib : divdp.obj (.text)
                  11816a00    00000060     rts6740.lib : imath64.obj (.text:__remull)
                  11816a60    00000060                 : imath64.obj (.text:__subcull)
                  11816ac0    00000060                 : memccpy.obj (.text:_memccpy)
                  11816b20    00000060                 : modff.obj (.text:_modff)
                  11816b80    00000060                 : sprintf.obj (.text:_sprintf)
                  11816be0    00000060                 : sscanf.obj (.text:_sscanf)
                  11816c40    00000060                 : vsprintf.obj (.text:_vsprintf)
                  11816ca0    00000060                 : trgmsg.obj (.text:_writemsg)
                  11816d00    00000060     c674xfastMath.lib : divsp.obj (.text)
                  11816d60    00000040     rts6740.lib : sinit.obj (.text:___add_dtor)
                  11816da0    00000040                 : isinf.obj (.text:___isinf)
                  11816de0    00000040                 : _printfi.obj (.text:___isnan)
                  11816e20    00000040                 : llshift.obj (.text:__llshru)
                  11816e60    00000040                 : sprintf.obj (.text:__outs)
                  11816ea0    00000040                 : vsprintf.obj (.text:__outs)
                  11816ee0    00000040                 : imath40.obj (.text:__remli)
                  11816f20    00000040                 : imath40.obj (.text:__remul)
                  11816f60    00000040                 : strasg.obj (.text:__strasgi_64plus)
                  11816fa0    00000020                 : sscanf.obj (.text:__inpchar)
                  11816fc0    00000020                 : negll.obj (.text:__negll)
                  11816fe0    00000020                 : _lock.obj (.text:__nop)
                  11817000    00000020                 : printf.obj (.text:__outc)
                  11817020    00000020                 : sprintf.obj (.text:__outc)
                  11817040    00000020                 : vsprintf.obj (.text:__outc)
                  11817060    00000020                 : printf.obj (.text:__outs)
                  11817080    00000020                 : _lock.obj (.text:__register_lock)
                  118170a0    00000020                 : _lock.obj (.text:__register_unlock)
                  118170c0    00000020                 : truncf.obj (.text:__truncf)
                  118170e0    00000020                 : sscanf.obj (.text:__uninpchar)
                  11817100    00000020                 : remove.obj (.text:_remove)

.prd       0    11817120    00000040     UNINITIALIZED
                  11817120    00000040     final_v1cfg.obj (.prd)

.hst1      0    11817160    00000010     UNINITIALIZED
                  11817160    00000010     final_v1cfg.obj (.hst1)

.idl       0    11817170    00000010     UNINITIALIZED
                  11817170    00000010     final_v1cfg.obj (.idl)

.far       0    11817180    0000e050     UNINITIALIZED
                  11817180    00006708     astarfile.obj (.far)
                  1181d888    000027f8     user_final_v1.obj (.far)
                  11820080    00001df0     Ladar.obj (.far)
                  11821e70    00001a24     ColorVision.obj (.far)
                  11823894    00000004     bios6748.a674 : bcache_wait.o674 (.far)
                  11823898    00000fa0     COECSL_edma3.obj (.far)
                  11824838    00000324     rts6740.lib : defs.obj (.far)
                  11824b5c    00000004     bios6748.a674 : clk_data.o674 (.far)
                  11824b60    00000188     rts6740.lib : atexit.obj (.far)
                  11824ce8    00000018     rtdx64xplus.lib : rtdx_mon.o64P (.far)
                  11824d00    00000168     COECSL_mcbsp.obj (.far)
                  11824e68    0000011c     rts6740.lib : lowlev.obj (.far)
                  11824f84    00000004                 : errno.obj (.far)
                  11824f88    000000d8     bios.a674 : knl.o674 (.far)
                  11825060    0000005c               : tsk.o674 (.far)
                  118250bc    00000004     rts6740.lib : fopen.obj (.far)
                  118250c0    00000054     bios.a674 : obj_init.o674 (.far)
                  11825114    00000050               : tsk_stup.o674 (.far)
                  11825164    00000004     rts6740.lib : sinit.obj (.far)
                  11825168    00000020     bios.a674 : sys.o674 (.far)
                  11825188    00000010               : exc.o674 (.far)
                  11825198    00000010               : knl_tick.o674 (.far)
                  118251a8    0000000c               : utl_putc.o674 (.far)
                  118251b4    0000000c     rts6740.lib : exit.obj (.far)
                  118251c0    00000008                 : _lock.obj (.far)
                  118251c8    00000008                 : trgdrv.obj (.far)

.idlcal    0    118251d0    00000010     UNINITIALIZED
                  118251d0    00000010     final_v1cfg.obj (.idlcal)

.bios      0    118251e0    00004500     
                  118251e0    000005c0     lnkrtdx.a674 : rtdx.o674 (.bios)
                  118257a0    00000580     bios.a674 : exc.o674 (.bios)
                  11825d20    000004e0               : hwi_disp_asm.o674 (.bios)
                  11826200    000004c0               : swi.o674 (.bios)
                  118266c0    00000380               : prd.o674 (.bios)
                  11826a40    00000280               : malloc.o674 (.bios)
                  11826cc0    00000280               : rta.o674 (.bios)
                  11826f40    00000240               : knl_run.o674 (.bios)
                  11827180    00000200               : mem_allo.o674 (.bios:.near)
                  11827380    00000200               : knl_tick.o674 (.bios)
                  11827580    000001e0               : mem_free.o674 (.bios:.near)
                  11827760    000001e0               : exc_asm.o674 (.bios)
                  11827940    000001e0               : pip.o674 (.bios)
                  11827b20    000001e0               : sem_pend.o674 (.bios)
                  11827d00    000001a0               : sem_dopo.o674 (.bios)
                  11827ea0    000001a0               : tsk_setu.o674 (.bios)
                  11828040    000001a0     bios6748.a674 : clk.o674 (.bios)
                  118281e0    00000180     bios.a674 : knl_swit.o674 (.bios)
                  11828360    00000180     bios6748.a674 : bcache_block.o674 (.bios)
                  118284e0    00000140     bios.a674 : autoinit.o674 (.bios)
                  11828620    00000140               : tsk_exit.o674 (.bios)
                  11828760    00000140     bios6748.a674 : bcache_init.o674 (.bios)
                  118288a0    00000120     bios.a674 : gbl_cacheinit64P.o674 (.bios)
                  118289c0    00000120               : knl_chec.o674 (.bios)
                  11828ae0    00000120               : tsk_stup.o674 (.bios)
                  11828c00    000000e0               : sem_post_asm.o674 (.bios)
                  11828ce0    000000c0               : knl_exit.o674 (.bios)
                  11828da0    000000a0               : sem_post.o674 (.bios)
                  11828e40    000000a0               : sys_exit.o674 (.bios)
                  11828ee0    00000080               : knl_ipos.o674 (.bios)
                  11828f60    00000080               : knl_post.o674 (.bios)
                  11828fe0    00000080               : lck.o674 (.bios)
                  11829060    00000080               : log.o674 (.bios)
                  118290e0    00000080     bios6748.a674 : bcache_wait.o674 (.bios)
                  11829160    00000080                   : idl_cal.o674 (.bios)
                  118291e0    00000060     bios.a674 : sys_erro.o674 (.bios:.near)
                  11829240    00000060               : fxn.o674 (.bios)
                  118292a0    00000060               : hwi_c.o674 (.bios)
                  11829300    00000060               : idl_busy.o674 (.bios)
                  11829360    00000060               : sem_pend_counting.o674 (.bios)
                  118293c0    00000060               : sts.o674 (.bios)
                  11829420    00000060               : sys_abor.o674 (.bios)
                  11829480    00000060     bios6748.a674 : clk_meas.o674 (.bios)
                  118294e0    00000040     bios.a674 : idl_stub.o674 (.bios)
                  11829520    00000040               : rta_andn.o674 (.bios)
                  11829560    00000040               : utl_doab.o674 (.bios)
                  118295a0    00000040               : utl_putc.o674 (.bios)
                  118295e0    00000020               : clk_getltime.o674 (.bios)
                  11829600    00000020               : fxn_c.o674 (.bios)
                  11829620    00000020               : gbl_vers.o674 (.bios)
                  11829640    00000020               : idl.o674 (.bios)
                  11829660    00000020               : sts_set.o674 (.bios)
                  11829680    00000020               : utl_doer.o674 (.bios)
                  118296a0    00000020               : utl_halt.o674 (.bios)
                  118296c0    00000020     bios6748.a674 : clk_gethtime.o674 (.bios)

.cinit     0    118296e0    00002ddc     
                  118296e0    00000c4c     user_final_v1.obj (.cinit)
                  1182a32c    00000004     --HOLE-- [fill = 0]
                  1182a330    00000b9c     final_v1cfg.obj (.cinit)
                  1182aecc    00000004     --HOLE-- [fill = 0]
                  1182aed0    00000554     ColorVision.obj (.cinit)
                  1182b424    00000004     --HOLE-- [fill = 0]
                  1182b428    000002ac     Ladar.obj (.cinit)
                  1182b6d4    00000004     --HOLE-- [fill = 0]
                  1182b6d8    0000026c     bios.a674 : biosdata.o674 (.cinit)
                  1182b944    00000004     --HOLE-- [fill = 0]
                  1182b948    000001fc     COECSL_edma3.obj (.cinit)
                  1182bb44    00000004     --HOLE-- [fill = 0]
                  1182bb48    000001a4     bios.a674 : knl.o674 (.cinit)
                  1182bcec    00000004     --HOLE-- [fill = 0]
                  1182bcf0    00000104     astarfile.obj (.cinit)
                  1182bdf4    00000004     --HOLE-- [fill = 0]
                  1182bdf8    000000b0     bios.a674 : swi.o674 (.cinit)
                  1182bea8    0000009c     COECSL_mcbsp.obj (.cinit)
                  1182bf44    00000004     --HOLE-- [fill = 0]
                  1182bf48    00000080     bios.a674 : tsk.o674 (.cinit)
                  1182bfc8    00000068     rtdx64xplus.lib : rtdx_mon.o64P (.cinit)
                  1182c030    00000060     bios.a674 : tsk_stup.o674 (.cinit)
                  1182c090    0000005c     lnkrtdx.a674 : rtdx.o674 (.cinit)
                  1182c0ec    00000004     --HOLE-- [fill = 0]
                  1182c0f0    0000005c     rts6740.lib : defs.obj (.cinit)
                  1182c14c    00000004     --HOLE-- [fill = 0]
                  1182c150    0000005c                 : lowlev.obj (.cinit)
                  1182c1ac    00000004     --HOLE-- [fill = 0]
                  1182c1b0    0000004c     bios.a674 : rta.o674 (.cinit)
                  1182c1fc    00000004     --HOLE-- [fill = 0]
                  1182c200    0000004c     rtdx64xplus.lib : buffer1.o64P (.cinit)
                  1182c24c    00000004     --HOLE-- [fill = 0]
                  1182c250    0000003c     bios.a674 : exc.o674 (.cinit)
                  1182c28c    00000004     --HOLE-- [fill = 0]
                  1182c290    00000039     ColorLCD.obj (.cinit)
                  1182c2c9    00000007     --HOLE-- [fill = 0]
                  1182c2d0    00000034     bios.a674 : hwi.o674 (.cinit)
                  1182c304    00000004     --HOLE-- [fill = 0]
                  1182c308    0000002c               : utl_putc.o674 (.cinit)
                  1182c334    00000004     --HOLE-- [fill = 0]
                  1182c338    0000002c     rts6740.lib : exit.obj (.cinit)
                  1182c364    00000004     --HOLE-- [fill = 0]
                  1182c368    00000024     bios.a674 : obj_init.o674 (.cinit)
                  1182c38c    00000004     --HOLE-- [fill = 0]
                  1182c390    0000001c     LCDprintf.obj (.cinit)
                  1182c3ac    00000004     --HOLE-- [fill = 0]
                  1182c3b0    0000001c     bios.a674 : exc_asm.o674 (.cinit)
                  1182c3cc    00000004     --HOLE-- [fill = 0]
                  1182c3d0    0000001c               : sys.o674 (.cinit)
                  1182c3ec    00000004     --HOLE-- [fill = 0]
                  1182c3f0    0000001c     rts6740.lib : _lock.obj (.cinit)
                  1182c40c    00000004     --HOLE-- [fill = 0]
                  1182c410    0000001c                 : atexit.obj (.cinit)
                  1182c42c    00000004     --HOLE-- [fill = 0]
                  1182c430    00000018     bios.a674 : knl_tick.o674 (.cinit)
                  1182c448    0000000c               : idl_busy.o674 (.cinit)
                  1182c454    00000004     --HOLE-- [fill = 0]
                  1182c458    0000000c               : knl_swit.o674 (.cinit)
                  1182c464    00000004     --HOLE-- [fill = 0]
                  1182c468    0000000c     bios6748.a674 : bcache_wait.o674 (.cinit)
                  1182c474    00000004     --HOLE-- [fill = 0]
                  1182c478    0000000c     pQueue.obj (.cinit)
                  1182c484    00000004     --HOLE-- [fill = 0]
                  1182c488    0000000c     rts6740.lib : errno.obj (.cinit)
                  1182c494    00000004     --HOLE-- [fill = 0]
                  1182c498    0000000c                 : fopen.obj (.cinit)
                  1182c4a4    00000004     --HOLE-- [fill = 0]
                  1182c4a8    0000000c                 : sinit.obj (.cinit)
                  1182c4b4    00000004     --HOLE-- [fill = 0]
                  1182c4b8    00000004     (.pad.cinit) [fill = 0]

.IRAM$heap 
*          0    1182c4bc    00002000     UNINITIALIZED
                  1182c4bc    00002000     --HOLE--

.args      0    1182e4bc    00000004     
                  1182e4bc    00000004     --HOLE-- [fill = 0]

.TSK_astarFunc$stk 
*          0    1182e4c0    00001000     UNINITIALIZED
                  1182e4c0    00001000     final_v1cfg.obj (.TSK_astarFunc$stk)

.rtdx_text 
*          0    1182f4c0    00000fc0     
                  1182f4c0    000002a0     rtdx64xplus.lib : rtdx_mon.o64P (.rtdx_text:_HSRTDX_rec)
                  1182f760    00000260                     : buffer1.o64P (.rtdx_text:_RTDX_Buffer_WriteCB)
                  1182f9c0    00000260                     : buffer1.o64P (.rtdx_text:_RTDX_write_next)
                  1182fc20    000001a0                     : rtdx_mon.o64P (.rtdx_text:_HSRTDX_xmt)
                  1182fdc0    00000160                     : rtdx_mon.o64P (.rtdx_text:_RTDX_Send_To_Host)
                  1182ff20    000000e0                     : rtdx_mon.o64P (.rtdx_text:_RTDX_Mon_Queue)
                  11830000    000000e0                     : buffer1.o64P (.rtdx_text:_claim)
                  118300e0    000000a0                     : rtdx_mon.o64P (.rtdx_text:_RTDX_GetH2THeader)
                  11830180    000000a0                     : rtdx_mon.o64P (.rtdx_text:_RTDX_Poll)
                  11830220    00000080                     : rtdx_mon.o64P (.rtdx_text:_RTDX_Final_RT_Monitor)
                  118302a0    00000060                     : buffer1.o64P (.rtdx_text:_RTDX_Buffer_Initialize)
                  11830300    00000060                     : rtdx_mon.o64P (.rtdx_text:_RTDX_Init_RT_Monitor)
                  11830360    00000040                     : buffer2.o64P (.rtdx_text:_RTDX_Buffer_ReadCB)
                  118303a0    00000040                     : buffer1.o64P (.rtdx_text:_RTDX_Buffer_Size)
                  118303e0    00000040                     : memfill.o64P (.rtdx_text:_RTDX_memfill)
                  11830420    00000020                     : buffer2.o64P (.rtdx_text:_RTDX_Buffer_Read)
                  11830440    00000020                     : buffer1.o64P (.rtdx_text:_RTDX_Buffer_Write)
                  11830460    00000020                     : intr_tgt.o64P (.rtdx_text)

.stack     0    11830480    00000c00     UNINITIALIZED
                  11830480    00000c00     --HOLE--

.bss       0    11831080    00000870     UNINITIALIZED
                  11831080    0000027c     user_final_v1.obj (.bss)
                  118312fc    0000010c     ColorVision.obj (.bss)
                  11831408    00000100     bios.a674 : hwi_disp_asm.o674 (.bss)
                  11831508    000000cc               : biosdata.o674 (.bss)
                  118315d4    0000009c               : swi.o674 (.bss)
                  11831670    00000088     COECSL_edma3.obj (.bss)
                  118316f8    0000006c     Ladar.obj (.bss)
                  11831764    00000048     bios.a674 : knl.o674 (.bss)
                  118317ac    00000004               : clk_data2.o674 (.bss)
                  118317b0    00000038     COECSL_mcbsp.obj (.bss)
                  118317e8    00000038     final_v1cfg.obj (.bss)
                  11831820    00000020     bios.a674 : exc_asm.o674 (.bss)
                  11831840    00000018               : hwi.o674 (.bss)
                  11831858    00000018     lnkrtdx.a674 : rtdx.o674 (.bss)
                  11831870    00000010     astarfile.obj (.bss)
                  11831880    00000010     bios.a674 : exc.o674 (.bss)
                  11831890    00000010     rtdx64xplus.lib : buffer1.o64P (.bss)
                  118318a0    00000010                     : rtdx_mon.o64P (.bss)
                  118318b0    0000000c     bios.a674 : tsk.o674 (.bss)
                  118318bc    0000000b     ColorLCD.obj (.bss)
                  118318c7    00000001     --HOLE--
                  118318c8    00000008     LCDprintf.obj (.bss)
                  118318d0    00000008     bios.a674 : clk_data.o674 (.bss)
                  118318d8    00000008               : sys.o674 (.bss)
                  118318e0    00000004               : idl_busy.o674 (.bss)
                  118318e4    00000004               : mem_asm.o674 (.bss)
                  118318e8    00000004     evmomapl138_bsl.lib : evmomapl138_i2c.obj (.bss)
                  118318ec    00000004     pQueue.obj (.bss)

.sys       0    118318f0    00000010     UNINITIALIZED
                  118318f0    00000010     final_v1cfg.obj (.sys)

.sysinit   0    11831900    00000500     
                  11831900    00000320     final_v1cfg.obj (.sysinit)
                  11831c20    000000c0     bios.a674 : boot.o674 (.sysinit)
                  11831ce0    000000c0               : mem_init.o674 (.sysinit)
                  11831da0    00000060               : tsk_init.o674 (.sysinit)

.trace     0    11831e00    00000200     
                  11831e00    00000200     --HOLE-- [fill = 00000000]

.LOG_system$buf 
*          0    11832000    00000800     UNINITIALIZED
                  11832000    00000800     final_v1cfg.obj (.LOG_system$buf)

.TSK_ComWithLinux$stk 
*          0    11832800    00000800     UNINITIALIZED
                  11832800    00000800     final_v1cfg.obj (.TSK_ComWithLinux$stk)

.TSK_LADAR$stk 
*          0    11833000    00000800     UNINITIALIZED
                  11833000    00000800     final_v1cfg.obj (.TSK_LADAR$stk)

.const     0    11833800    00000715     
                  11833800    00000193     bios.a674 : exc.o674 (.const:.string)
                  11833993    00000001     --HOLE-- [fill = 0]
                  11833994    0000014c     user_final_v1.obj (.const:.string)
                  11833ae0    00000101     rts6740.lib : ctype.obj (.const:.string:__ctypes_)
                  11833be1    00000004     bios.a674 : mem_allo.o674 (.const:.string)
                  11833be5    00000002     rts6740.lib : fputs.obj (.const:.string)
                  11833be7    00000001     --HOLE-- [fill = 0]
                  11833be8    00000080     evmomapl138_bsl.lib : evmomapl138.obj (.const:_bitval_u32)
                  11833c68    00000050     rts6740.lib : strtod.obj (.const:_digits)
                  11833cb8    00000050                 : strtold.obj (.const:_digits)
                  11833d08    0000004e     bios.a674 : tsk_stup.o674 (.const:.string)
                  11833d56    00000002     --HOLE-- [fill = 0]
                  11833d58    00000048     rts6740.lib : strtod.obj (.const:_powerof10)
                  11833da0    00000048                 : strtold.obj (.const:_powerof10)
                  11833de8    00000044     Ladar.obj (.const:.string)
                  11833e2c    00000040     evmomapl138_bsl.lib : evmomapl138.obj (.const:.string)
                  11833e6c    00000023     bios.a674 : utl_doab.o674 (.const:.string)
                  11833e8f    00000023     rts6740.lib : _printfi.obj (.const:.string)
                  11833eb2    00000022     bios.a674 : utl_doer.o674 (.const:.string)
                  11833ed4    00000018     ColorLCD.obj (.const)
                  11833eec    00000010     evmomapl138_bsl.lib : evmomapl138_uart.obj (.const:.string)
                  11833efc    00000004     bios.a674 : mem_free.o674 (.const:.string)
                  11833f00    00000007     rts6740.lib : _scanfi.obj (.const:.string:_flit$1)
                  11833f07    00000001     --HOLE-- [fill = 0]
                  11833f08    00000006                 : _scanfi.obj (.const:.string:_barr$2)
                  11833f0e    00000002     --HOLE-- [fill = 0]
                  11833f10    00000004     Ladar.obj (.const:.string:_$P$T0$1)
                  11833f14    00000001     bios.a674 : tsk.o674 (.const:.string)

.printf    0    11833f15    0000012f     COPY SECTION
                  11833f15    0000012f     final_v1cfg.obj (.printf)

.pinit     0    11833f18    0000000c     
                  11833f18    00000004     rtdx64xplus.lib : buffer1.o64P (.pinit)
                  11833f1c    00000004                     : rtdx_mon.o64P (.pinit)
                  11833f20    00000004     --HOLE-- [fill = 0]

.trcdata   0    11833f24    0000000c     
                  11833f24    0000000c     bios.a674 : trc.o674 (.trcdata)

.clk       0    11833f30    00000008     UNINITIALIZED
                  11833f30    00000008     final_v1cfg.obj (.clk)

.mem       0    11833f38    00000004     UNINITIALIZED
                  11833f38    00000004     final_v1cfg.obj (.mem)

.rtdx_data 
*          0    11833f40    000004f4     UNINITIALIZED
                  11833f40    00000080     --HOLE--
                  11833fc0    00000410     final_v1cfg.obj (.rtdx_data)
                  118343d0    00000044     rtdx64xplus.lib : rtdx_mon.o64P (.rtdx_data)
                  11834414    00000020                     : buffer1.o64P (.rtdx_data)

.TSK_idle$stk 
*          0    11834438    00000400     UNINITIALIZED
                  11834438    00000400     final_v1cfg.obj (.TSK_idle$stk)

.tsk       0    11834838    00000180     UNINITIALIZED
                  11834838    00000180     final_v1cfg.obj (.tsk)

.hst       0    118349b8    0000003c     UNINITIALIZED
                  118349b8    0000003c     final_v1cfg.obj (.hst)

.trace$buf 
*          0    11834a00    00000200     UNINITIALIZED
                  11834a00    00000200     final_v1cfg.obj (.trace$buf)

.hwi_vec   0    11834c00    00000200     
                  11834c00    00000200     final_v1cfg.obj (.hwi_vec)

.cio       0    11834e00    00000120     UNINITIALIZED
                  11834e00    00000120     rts6740.lib : trgmsg.obj (.cio)

.hst0      0    11834f20    00000100     UNINITIALIZED
                  11834f20    00000100     final_v1cfg.obj (.hst0)

.swi       0    11835020    000000dc     UNINITIALIZED
                  11835020    000000dc     final_v1cfg.obj (.swi)

.pip       0    118350fc    000000c8     UNINITIALIZED
                  118350fc    000000c8     final_v1cfg.obj (.pip)

.data      0    118351c8    000000c0     
                  118351c8    00000060     c674xfastMath.lib : cosdp.obj (.data)
                  11835228    00000060                       : sindp.obj (.data)

.sts       0    11835288    000000c0     
                  11835288    000000c0     final_v1cfg.obj (.sts)

.switch    0    11835348    0000008c     
                  11835348    00000028     rts6740.lib : _scanfi.obj (.switch:__sset_arg)
                  11835370    00000024     evmomapl138_bsl.lib : evmomapl138_gpio.obj (.switch:_getRegisterBankAndBit)
                  11835394    00000020     user_final_v1.obj (.switch:_RobotControl)
                  118353b4    00000010     evmomapl138_bsl.lib : evmomapl138_spi.obj (.switch:_SPI_init)
                  118353c4    00000010     ColorVision.obj (.switch:_userProcessColorImageFunc_laser)

.gblinit   0    118353d4    00000070     
                  118353d4    00000070     final_v1cfg.obj (.gblinit)

.log       0    11835444    00000030     
                  11835444    00000030     final_v1cfg.obj (.log)

.sem       0    11835474    0000002c     UNINITIALIZED
                  11835474    0000002c     final_v1cfg.obj (.sem)

.DDR$heap 
*          0    c3000000    00008000     UNINITIALIZED
                  c3000000    00008000     --HOLE--


GLOBAL SYMBOLS: SORTED ALPHABETICALLY BY Name 

address    name
--------   ----
11831080   $bss
11831080   .bss
118351c8   .data
11800000   .text
11831ac4   BIOS$$CLKOFF
11831a84   BIOS$$CLKON
11831900   BIOS_init
11831b2c   BIOS_start
00000000   BUF$
00000001   BUF_ENABLED
11816cf8   C$$IO$$
ffffffff   CACHE_L1D
ffffffff   CACHE_L1P
ffffffff   CACHE_L2
00000001   CLK$
11833f30   CLK_A_TABBEG
00000001   CLK_CALDIV
00000001   CLK_CALMULT
000493e0   CLK_COUNTSPMS
00000004   CLK_COUNTSPMSHIGH
11831530   CLK_D_idletime
1183152c   CLK_D_isrhook
11831528   CLK_D_tabbeg
11831524   CLK_D_timefxn
00000001   CLK_ENABLEHTIME
118296c0   CLK_F_gethtime
11828040   CLK_F_getltime
11828050   CLK_F_isr
11828190   CLK_F_itime
11825d20   CLK_HOOKFXN
00000001   CLK_HTIMEDIV
00000001   CLK_HTIMEMULT
000493e0   CLK_HTIMEPERLTIME
00005dc0   CLK_INPUTCLK
00008000   CLK_INTBIT
00000001   CLK_LTIMEDIV
000493e0   CLK_LTIMEMULT
000003e8   CLK_MICROSECS
00000001   CLK_POWERENABLE
00005dc0   CLK_PRD
00000000   CLK_PRDHIGH
01c21000   CLK_REGS
00000000   CLK_RESETTIMER
11831520   CLK_R_time
00000020   CLK_TCR
00000000   CLK_TDDR
00000000   CLK_TDDRHIGH
118296c0   CLK_TIMEFXN
00000001   CLK_TIMERNUM
00000005   CLK_TIMMODE
00000001   CLK_USETIMER
11833f34   CLK_null
11831800   DDR
c3000000   DDR$B
00008000   DDR$L
00000000   DEV$
00000000   DGN$
00000000   DHL$
00000000   DHL_gChannelsAvailable
00000000   DIO$
00000000   DIO_NUMSWIBASE
00000000   DIO_NUMTSKBASE
00000000   DIO_STATIC
00000000   DPI$
00000000   ECM$
00000000   ECM_ENABLE
ffffffff   ECM_EVTMASK0
ffffffff   ECM_EVTMASK1
ffffffff   ECM_EVTMASK2
ffffffff   ECM_EVTMASK3
0000000a   EVENT10
00000064   EVENT100
00000065   EVENT101
00000066   EVENT102
00000067   EVENT103
00000068   EVENT104
00000069   EVENT105
0000006a   EVENT106
0000006b   EVENT107
0000006c   EVENT108
0000006d   EVENT109
0000000b   EVENT11
0000006e   EVENT110
0000006f   EVENT111
00000070   EVENT112
00000071   EVENT113
00000072   EVENT114
00000073   EVENT115
00000074   EVENT116
00000075   EVENT117
00000076   EVENT118
00000077   EVENT119
0000000c   EVENT12
00000078   EVENT120
00000079   EVENT121
0000007a   EVENT122
0000007b   EVENT123
0000007c   EVENT124
0000007d   EVENT125
0000007e   EVENT126
0000007f   EVENT127
0000000d   EVENT13
0000000e   EVENT14
0000000f   EVENT15
00000010   EVENT16
00000011   EVENT17
00000012   EVENT18
00000013   EVENT19
00000014   EVENT20
00000015   EVENT21
00000016   EVENT22
00000017   EVENT23
00000018   EVENT24
00000019   EVENT25
0000001a   EVENT26
0000001b   EVENT27
0000001c   EVENT28
0000001d   EVENT29
0000001e   EVENT30
0000001f   EVENT31
00000020   EVENT32
00000021   EVENT33
00000022   EVENT34
00000023   EVENT35
00000024   EVENT36
00000025   EVENT37
00000026   EVENT38
00000027   EVENT39
00000004   EVENT4
00000028   EVENT40
00000029   EVENT41
0000002a   EVENT42
0000002b   EVENT43
0000002c   EVENT44
0000002d   EVENT45
0000002e   EVENT46
0000002f   EVENT47
00000030   EVENT48
00000031   EVENT49
00000005   EVENT5
00000032   EVENT50
00000033   EVENT51
00000034   EVENT52
00000035   EVENT53
00000036   EVENT54
00000037   EVENT55
00000038   EVENT56
00000039   EVENT57
0000003a   EVENT58
0000003b   EVENT59
00000006   EVENT6
0000003c   EVENT60
0000003d   EVENT61
0000003e   EVENT62
0000003f   EVENT63
00000040   EVENT64
00000041   EVENT65
00000042   EVENT66
00000043   EVENT67
00000044   EVENT68
00000045   EVENT69
00000007   EVENT7
00000046   EVENT70
00000047   EVENT71
00000048   EVENT72
00000049   EVENT73
0000004a   EVENT74
0000004b   EVENT75
0000004c   EVENT76
0000004d   EVENT77
0000004e   EVENT78
0000004f   EVENT79
00000008   EVENT8
00000050   EVENT80
00000051   EVENT81
00000052   EVENT82
00000053   EVENT83
00000054   EVENT84
00000055   EVENT85
00000056   EVENT86
00000057   EVENT87
00000058   EVENT88
00000059   EVENT89
00000009   EVENT9
0000005a   EVENT90
0000005b   EVENT91
0000005c   EVENT92
0000005d   EVENT93
0000005e   EVENT94
0000005f   EVENT95
00000060   EVENT96
00000061   EVENT97
00000062   EVENT98
00000063   EVENT99
11829240   FXN_F_nop
11829244   FXN_F_run
11829280   FXN_F_zero
00000001   GBL$
00005205   GBL_A_VERSION
00000000   GBL_BCACHEREADADDR0
00000000   GBL_BCACHEREADADDR1
00000000   GBL_BCACHEREADADDR2
00000000   GBL_BIGENDIAN
00000000   GBL_CACHE
00000000   GBL_CALLCSLCFGINIT
00004e20   GBL_CLKIN
00001a5b   GBL_CLKTYPE
00001a5c   GBL_DSPSUBTYPE
0000003e   GBL_DSPTYPE
00000001   GBL_ENABLEINST
00000000   GBL_ENABLE_SK
00000042   GBL_FOOTPRINT
000493e0   GBL_FREQ
00000000   GBL_GEMTRUECOMPEN
00000007   GBL_L1DMODE
00000007   GBL_L1PMODE
00000001   GBL_L2CONFIGURE
00000000   GBL_L2MAR0_31
00000001   GBL_L2MAR128_159
00000000   GBL_L2MAR160_191
ffffffff   GBL_L2MAR192_223
00000000   GBL_L2MAR224_255
00000000   GBL_L2MAR32_63
00000000   GBL_L2MAR64_95
00000000   GBL_L2MAR96_127
00000001   GBL_L2MODE
00000000   GBL_NULL
00000000   GBL_PROCID
00000000   GBL_ROM
00000000   GBL_SUPPORTCSL
0000dbef   GBL_TRCMASKVALUE
00000000   GBL_USERINIT
11829600   GBL_USERINITFXN
00000001   GBL_boot
11833f2c   GBL_initdone
11830480   GBL_stackbeg
1183107f   GBL_stackend
00000000   GIO$
11829600   GIO_CREATEFXN
11829600   GIO_DELETEFXN
11829600   GIO_PENDFXN
11829600   GIO_POSTFXN
00000000   HOOK$
00000000   HOOK_KNLID
00000001   HST$
118349b8   HST_A_TABBEG
118349f4   HST_A_TABEND
00000000   HST_DSM
11831804   HST_DSMBUFSEG
00000400   HST_DSMMEMSIZE
1183159c   HST_D_chanmask
118315a0   HST_D_tabbeg
118315a4   HST_D_tabend
000000ff   HST_MAXFRAMEALLOWED
00000040   HST_MAXFRAMESET
00000000   HST_NONE
00000001   HST_RTDX
00000001   HWI$
11834c00   HWI_A_VECS
00009978   HWI_CFGDISPATCHED
11831850   HWI_D_bss
11831854   HWI_D_ccmask
11831840   HWI_D_spsave
00000001   HWI_ENABLE_EXC
11825d20   HWI_F_dispatch
00000000   HWI_GENERATE_RESET_VEC
0000000a   HWI_INT10
00000000   HWI_INT10$hwi
0000000b   HWI_INT11
00000000   HWI_INT11$hwi
0000000c   HWI_INT12
00000000   HWI_INT12$hwi
0000000d   HWI_INT13
00000000   HWI_INT13$hwi
0000000e   HWI_INT14
00000000   HWI_INT14$hwi
0000000f   HWI_INT15
00000000   HWI_INT15$hwi
00000004   HWI_INT4
00000000   HWI_INT4$hwi
00000005   HWI_INT5
00000000   HWI_INT5$hwi
00000006   HWI_INT6
00000000   HWI_INT6$hwi
00000007   HWI_INT7
00000000   HWI_INT7$hwi
00000008   HWI_INT8
00000000   HWI_INT8$hwi
00000009   HWI_INT9
00000000   HWI_INT9$hwi
07065b5f   HWI_INTRMUX1
0b0a0908   HWI_INTRMUX2
28040d0c   HWI_INTRMUX3
00000001   HWI_NMI
00000000   HWI_NMI$hwi
00000000   HWI_POLARITYMASK
00000002   HWI_RESERVED0
00000000   HWI_RESERVED0$hwi
00000003   HWI_RESERVED1
00000000   HWI_RESERVED1$hwi
00000000   HWI_RESET
00000000   HWI_RESET$hwi
00000000   HWI_ZEROTAB
00000001   IDL$
118251d0   IDL_A_CALBEG
11817170   IDL_A_TABBEG
00000006   IDL_CALIBRERROR
118294e0   IDL_CALIBRFXN
118318e0   IDL_D_busyObj
11831510   IDL_D_calbeg
1183150c   IDL_D_calibrate
11831508   IDL_D_tabbeg
1181717c   IDL_END
118251dc   IDL_END$
11829300   IDL_F_busy
11829160   IDL_F_calibrate
11829640   IDL_F_loop
118294e0   IDL_F_stub
00000001   IDL_USECLKIDLTIME
1183533c   IDL_busyObj
1183403f   IDL_busyObj$avgfmt
00000001   IDL_busyObj$filter
00000001   IDL_busyObj$iA
00000000   IDL_busyObj$iB
00000001   IDL_busyObj$iC
11834039   IDL_busyObj$maxfmt
00000000   IDL_busyObj$operation
11835338   IDL_busyObj$stsobj
1183403c   IDL_busyObj$sumfmt
00000002   IDL_busyObj$unittype
11817170   IDL_cpuLoad
118251d0   IDL_cpuLoad$
11831804   IRAM
1182c4bc   IRAM$B
00002000   IRAM$L
00000001   ISRC$
11828338   KNL_glue
1183504c   KNL_swi
00000001   KNL_swi$dorta
00000002   KNL_swi$ord
00000000   KNL_swi$pri
118352bc   KNL_swi$sts
11833f79   KNL_swi$sts$avgfmt
00000002   KNL_swi$sts$filter
00000001   KNL_swi$sts$filtmaxmult
00000001   KNL_swi$sts$filtsummult
11833f69   KNL_swi$sts$maxfmt
118352b8   KNL_swi$sts$stsobj
11833f71   KNL_swi$sts$sumfmt
00000000   KNL_swi$sts$unittype
00000000   KNL_swi$swi
ffffffff   L3_CBA_RAM
00000001   LCK$
118251e0   LNK_F_checkBufferCall
11825260   LNK_F_dataPump
11825200   LNK_F_getChanPtr
11825258   LNK_F_init
11825768   LNK_F_readCallBack
11817174   LNK_dataPump
118251d4   LNK_dataPump$
1183185c   LNK_dspFrameReadyMask
11831858   LNK_dspFrameRequestMask
118254e0   LNK_newin
11825614   LNK_newout
11825270   LNK_rcloop
11825334   LNK_rdrtry
11831864   LNK_readDone
11831868   LNK_readFail
11831860   LNK_readPend
11825344   LNK_rrloop
1183186c   LNK_writeFail
11825410   LNK_wrloop
11825404   LNK_wrrtry
00000001   LOG$
11835444   LOG_A_TABBEG
11835474   LOG_A_TABEND
00000002   LOG_A_TABLEN
11831514   LOG_D_system
00000001   LOG_ENABLED
11829060   LOG_F_event
11835444   LOG_system
11832000   LOG_system$buf
00000000   LOG_system$datatype
00000000   LOG_system$log
00000200   LOG_system$size
00000000   MBX$
00000001   MEM$
11831804   MEM_MALLOCSEG
00000000   MEM_NULL
11831804   MEM_SEGZERO
00000000   MEM_USEMPC
00000002   MEM_gNumHeap
00000000   MSGQ$
00000000   MSGQ_USEMSGQ
00000000   OBJ$
00000000   PIP$
118350fc   PIP_A_TABBEG
118351c4   PIP_A_TABEND
00000002   PIP_A_TABLEN
11831518   PIP_D_tabbeg
1183151c   PIP_D_tablen
118279b8   PIP_F_give
118279b8   PIP_F_probe
11827a88   PIP_F_start
11827940   PIP_F_take
00000064   PIP_OBJSIZE
00000000   PIP_gNextId
00000002   PIP_gNumEmbed
00000000   POOL$
00000000   POOL_USEPOOL
00000001   PRD$
11817120   PRD_A_TABBEG
11817160   PRD_A_TABEND
00000002   PRD_A_TABLEN
11831558   PRD_D_cur
1183155c   PRD_D_elapsed
11831560   PRD_D_prevtim
11831564   PRD_D_scalar
11831568   PRD_D_swihandle
1183156c   PRD_D_tabbeg
11831570   PRD_D_tablen
11831574   PRD_D_thook
11831554   PRD_D_tick
118266c0   PRD_F_swi
11826944   PRD_F_tick
00000001   PRD_SCALAR
11835020   PRD_SWIHANDLE
11827554   PRD_THOOKFXN
11817140   PRD_addtime
1181715c   PRD_addtime$aaa
00000000   PRD_addtime$mode
00000004   PRD_addtime$ord
00000001   PRD_addtime$period
00000000   PRD_addtime$prd
1183529c   PRD_addtime$sts
11833f44   PRD_addtime$sts$avgfmt
00000000   PRD_addtime$sts$filter
11833f32   PRD_addtime$sts$maxfmt
11835298   PRD_addtime$sts$stsobj
11833f3b   PRD_addtime$sts$sumfmt
00000002   PRD_addtime$sts$unittype
11833f30   PRD_clock
11817120   PRD_startMcBSP
1181713c   PRD_startMcBSP$aaa
00000000   PRD_startMcBSP$mode
00000003   PRD_startMcBSP$ord
00000019   PRD_startMcBSP$period
00000000   PRD_startMcBSP$prd
1183528c   PRD_startMcBSP$sts
11833f27   PRD_startMcBSP$sts$avgfmt
00000000   PRD_startMcBSP$sts$filter
11833f15   PRD_startMcBSP$sts$maxfmt
11835288   PRD_startMcBSP$sts$stsobj
11833f1e   PRD_startMcBSP$sts$sumfmt
00000002   PRD_startMcBSP$sts$unittype
11835020   PRD_swi
00000001   PRD_swi$dorta
00000001   PRD_swi$ord
00000004   PRD_swi$pri
118352ac   PRD_swi$sts
11833f5f   PRD_swi$sts$avgfmt
00000002   PRD_swi$sts$filter
00000001   PRD_swi$sts$filtmaxmult
00000001   PRD_swi$sts$filtsummult
11833f4f   PRD_swi$sts$maxfmt
118352a8   PRD_swi$sts$stsobj
11833f57   PRD_swi$sts$sumfmt
00000000   PRD_swi$sts$unittype
00000000   PRD_swi$swi
00000001   PWRM$
00000030   PWRM_PWRM_CAPSMASK
0000000a   PWRM_PWRM_CLKTICKSPERSLOT
00000000   PWRM_PWRM_ENABLE
00000002   PWRM_PWRM_INITSPCPU
00000000   PWRM_PWRM_INITSPPER
00000000   PWRM_PWRM_LOADENABLE
00000001   PWRM_PWRM_NUMSLOTS
00000000   PWRM_PWRM_RESOURCETRACKING
00000000   PWRM_PWRM_SCALING
11829600   PWRM_PWRM_SHAREDRESOURCEFXN
11829600   PWRM_PWRM_SLOTHOOKFXN
00000000   PWRM_PWRM_TIMERIDNUM
00000000   PWRM_PWRM_TIMERINTRMASK
00000000   PWRM_PWRM_TIMERWUGENMASK
00000000   PWRM_PWRM_USERRESOURCES
00000000   PWRM_PWRM_USETIMER
00000001   QUE$
11831578   RTA_D_fromHost
11831580   RTA_D_logval
11831590   RTA_D_stsval
1183157c   RTA_D_toHost
11829520   RTA_F_andn
11826da0   RTA_F_dispatch
11826cc0   RTA_F_getlog
11826cf8   RTA_F_getsts
11829538   RTA_F_or
11826d38   RTA_F_readblk
11826d60   RTA_F_resetmem
11826d54   RTA_F_writeword
11817178   RTA_dispatcher
118251d8   RTA_dispatcher$
11826dec   RTA_execute
118349bc   RTA_fromHost
11817160   RTA_fromHost$buf
00000004   RTA_fromHost$framesize
00000000   RTA_fromHost$hst
00000001   RTA_fromHost$id
00000000   RTA_fromHost$mode
118350fc   RTA_fromHost$pipe
1183512c   RTA_fromHost$pipe$aaa
1183515c   RTA_fromHost$pipe$bbb
11831808   RTA_fromHost$pipe$dtab
11835100   RTA_fromHost$pipe$rd
11835130   RTA_fromHost$pipe$wr
118349c4   RTA_fromHost$rtdx
118349d8   RTA_toHost
11834f20   RTA_toHost$buf
00000040   RTA_toHost$framesize
00000000   RTA_toHost$hst
00000000   RTA_toHost$id
00000001   RTA_toHost$mode
11835160   RTA_toHost$pipe
11835190   RTA_toHost$pipe$aaa
118351c0   RTA_toHost$pipe$bbb
11831814   RTA_toHost$pipe$dtab
11835164   RTA_toHost$pipe$rd
11835194   RTA_toHost$pipe$wr
118349e0   RTA_toHost$rtdx
00000001   RTDX$
00000408   RTDX_BUFMEMSIZE
11831804   RTDX_DATAMEMSEG
00000000   RTDX_MODE
00000001   RTDX_NORMALIZED_HDR
00000001   RTDX_USERTDX
00000000   RTDX_USERTEXECUTION
00000001   SEM$
11835480   SEM_astar
00000000   SIO$
00000001   STS$
11835288   STS_A_TABBEG
11835348   STS_A_TABEND
118293ec   STS_F_add
118293c0   STS_F_delta
11829408   STS_F_reset
00000001   SWI$
11835020   SWI_A_TABBEG
118350fc   SWI_A_TABEND
00000005   SWI_A_TABLEN
118315ec   SWI_D_curfxn
118315dc   SWI_D_curmask
118315e8   SWI_D_curmbox
118315e0   SWI_D_curset
118315d8   SWI_D_execaddr
118315f4   SWI_D_inswi
118315e4   SWI_D_lock
118315f0   SWI_D_rdybeg
118315f8   SWI_D_rdytab
118315d4   SWI_D_runaddr
00000000   SWI_EHOOKFXN
118263e4   SWI_EXECFXN
11826200   SWI_F_enable
118263e4   SWI_F_exec
1182640c   SWI_F_iexec
11826270   SWI_F_post
1182648c   SWI_F_run
00000000   SWI_IHOOKFXN
11835078   SWI_LCD
00000001   SWI_LCD$dorta
00000004   SWI_LCD$ord
00000001   SWI_LCD$pri
118352cc   SWI_LCD$sts
11833f93   SWI_LCD$sts$avgfmt
00000002   SWI_LCD$sts$filter
00000001   SWI_LCD$sts$filtmaxmult
00000001   SWI_LCD$sts$filtsummult
11833f83   SWI_LCD$sts$maxfmt
118352c8   SWI_LCD$sts$stsobj
11833f8b   SWI_LCD$sts$sumfmt
00000000   SWI_LCD$sts$unittype
00000000   SWI_LCD$swi
1182648c   SWI_RUNFXN
118350a4   SWI_RobotControl
00000001   SWI_RobotControl$dorta
00000005   SWI_RobotControl$ord
00000003   SWI_RobotControl$pri
118352dc   SWI_RobotControl$sts
11833fad   SWI_RobotControl$sts$avgfmt
00000002   SWI_RobotControl$sts$filter
00000001   SWI_RobotControl$sts$filtmaxmult
00000001   SWI_RobotControl$sts$filtsummult
11833f9d   SWI_RobotControl$sts$maxfmt
118352d8   SWI_RobotControl$sts$stsobj
11833fa5   SWI_RobotControl$sts$sumfmt
00000000   SWI_RobotControl$sts$unittype
00000000   SWI_RobotControl$swi
118350d0   SWI_vision
00000001   SWI_vision$dorta
00000006   SWI_vision$ord
00000002   SWI_vision$pri
118352ec   SWI_vision$sts
11833fc7   SWI_vision$sts$avgfmt
00000002   SWI_vision$sts$filter
00000001   SWI_vision$sts$filtmaxmult
00000001   SWI_vision$sts$filtsummult
11833fb7   SWI_vision$sts$maxfmt
118352e8   SWI_vision$sts$stsobj
11833fbf   SWI_vision$sts$sumfmt
00000000   SWI_vision$sts$unittype
00000000   SWI_vision$swi
00000001   SYS$
118318f0   SYS$config
11829560   SYS_ABORTFXN
11829680   SYS_ERRORFXN
118296a0   SYS_EXITFXN
118295a0   SYS_PUTCFXN
11833f28   TRC_R_mask
11833f24   TRC_cinit
00000001   TSK$
118348a4   TSK_ComWithLinux
00000002   TSK_ComWithLinux$ord
00000001   TSK_ComWithLinux$pri
11832800   TSK_ComWithLinux$stack
11832f98   TSK_ComWithLinux$stkptr
1183530c   TSK_ComWithLinux$sts
11833ffb   TSK_ComWithLinux$sts$avgfmt
00000002   TSK_ComWithLinux$sts$filter
00000001   TSK_ComWithLinux$sts$filtmaxmult
00000001   TSK_ComWithLinux$sts$filtsummult
11833feb   TSK_ComWithLinux$sts$maxfmt
11835308   TSK_ComWithLinux$sts$stsobj
11833ff3   TSK_ComWithLinux$sts$sumfmt
00000000   TSK_ComWithLinux$sts$unittype
00000000   TSK_ComWithLinux$tsk
11834904   TSK_LADAR
00000003   TSK_LADAR$ord
00000001   TSK_LADAR$pri
11833000   TSK_LADAR$stack
11833798   TSK_LADAR$stkptr
1183531c   TSK_LADAR$sts
11834015   TSK_LADAR$sts$avgfmt
00000002   TSK_LADAR$sts$filter
00000001   TSK_LADAR$sts$filtmaxmult
00000001   TSK_LADAR$sts$filtsummult
11834005   TSK_LADAR$sts$maxfmt
11835318   TSK_LADAR$sts$stsobj
1183400d   TSK_LADAR$sts$sumfmt
00000000   TSK_LADAR$sts$unittype
00000000   TSK_LADAR$tsk
00000000   TSK_NUM_HOOKS
00000001   TSK_PRIORITY
00000000   TSK_READYFXN
00000000   TSK_STACKSEG
00000400   TSK_STACKSIZE
00000000   TSK_SWITCHFXN
11829600   TSK_VCREATEFXN
11829600   TSK_VDELETEFXN
11829600   TSK_VEXITFXN
11834964   TSK_astarFunc
00000004   TSK_astarFunc$ord
00000001   TSK_astarFunc$pri
1182e4c0   TSK_astarFunc$stack
1182f458   TSK_astarFunc$stkptr
1183532c   TSK_astarFunc$sts
1183402f   TSK_astarFunc$sts$avgfmt
00000002   TSK_astarFunc$sts$filter
00000001   TSK_astarFunc$sts$filtmaxmult
00000001   TSK_astarFunc$sts$filtsummult
1183401f   TSK_astarFunc$sts$maxfmt
11835328   TSK_astarFunc$sts$stsobj
11834027   TSK_astarFunc$sts$sumfmt
00000000   TSK_astarFunc$sts$unittype
00000000   TSK_astarFunc$tsk
11834844   TSK_idle
00000001   TSK_idle$ord
00000000   TSK_idle$pri
11834438   TSK_idle$stack
118347d0   TSK_idle$stkptr
118352fc   TSK_idle$sts
11833fe1   TSK_idle$sts$avgfmt
00000002   TSK_idle$sts$filter
00000001   TSK_idle$sts$filtmaxmult
00000001   TSK_idle$sts$filtsummult
11833fd1   TSK_idle$sts$maxfmt
118352f8   TSK_idle$sts$stsobj
11833fd9   TSK_idle$sts$sumfmt
00000000   TSK_idle$sts$unittype
00000000   TSK_idle$tsk
00000000   UDEV$
1181e728   _B
118287f4   _BCACHE_bootInit
11828874   _BCACHE_getMar
11828824   _BCACHE_getSize
118284b4   _BCACHE_inv
118287f4   _BCACHE_setCacheToSram
118287a4   _BCACHE_setMar
11828760   _BCACHE_setSize
118290e0   _BCACHE_wait
118284a4   _BCACHE_wb
11828490   _BCACHE_wbInv
11831900   _BIOS_init
11831b2c   _BIOS_start
118311fc   _BWdist
11803cb0   _Bresenhamline
1181e748   _Bu
ffffffff   _CACHE_L1D
ffffffff   _CACHE_L1P
ffffffff   _CACHE_L2
000493e0   _CLK_COUNTSPMS
118318d0   _CLK_DFLTMICROSECS
11831550   _CLK_D_countspms
11831544   _CLK_D_dirty
118318d4   _CLK_D_microseconds
11831548   _CLK_D_prd
1183154c   _CLK_D_tddr
11828190   _CLK_F_itime
00005dc0   _CLK_PRD
01c21000   _CLK_REGS
00000000   _CLK_TDDR
00000001   _CLK_TIMERNUM
00000001   _CLK_USETIMER
118296c0   _CLK_gethtime
118295e0   _CLK_getltime
11831534   _CLK_htimeDiv
11831538   _CLK_htimeMult
118317ac   _CLK_htimePerLtime
11824b5c   _CLK_inputClock
11828190   _CLK_itime
1183153c   _CLK_ltimeDiv
11831540   _CLK_ltimeMult
11829480   _CLK_measure
1183135c   _Cdifference
11806128   _Check_Equivalency
11803168   _ComWithLinux
11831800   _DDR
c3000000   _DDR_base
00008000   _DDR_length
118311f4   _Dvel
1180cd74   _EDMA3_0_ISR
11831670   _EDMA3_0_Regs
1180ccac   _EDMA3_1_ISR
11831674   _EDMA3_1_Regs
0000000a   _EVENT10
00000064   _EVENT100
00000065   _EVENT101
00000066   _EVENT102
00000067   _EVENT103
00000068   _EVENT104
00000069   _EVENT105
0000006a   _EVENT106
0000006b   _EVENT107
0000006c   _EVENT108
0000006d   _EVENT109
0000000b   _EVENT11
0000006e   _EVENT110
0000006f   _EVENT111
00000070   _EVENT112
00000071   _EVENT113
00000072   _EVENT114
00000073   _EVENT115
00000074   _EVENT116
00000075   _EVENT117
00000076   _EVENT118
00000077   _EVENT119
0000000c   _EVENT12
00000078   _EVENT120
00000079   _EVENT121
0000007a   _EVENT122
0000007b   _EVENT123
0000007c   _EVENT124
0000007d   _EVENT125
0000007e   _EVENT126
0000007f   _EVENT127
0000000d   _EVENT13
0000000e   _EVENT14
0000000f   _EVENT15
00000010   _EVENT16
00000011   _EVENT17
00000012   _EVENT18
00000013   _EVENT19
00000014   _EVENT20
00000015   _EVENT21
00000016   _EVENT22
00000017   _EVENT23
00000018   _EVENT24
00000019   _EVENT25
0000001a   _EVENT26
0000001b   _EVENT27
0000001c   _EVENT28
0000001d   _EVENT29
0000001e   _EVENT30
0000001f   _EVENT31
00000020   _EVENT32
00000021   _EVENT33
00000022   _EVENT34
00000023   _EVENT35
00000024   _EVENT36
00000025   _EVENT37
00000026   _EVENT38
00000027   _EVENT39
00000004   _EVENT4
00000028   _EVENT40
00000029   _EVENT41
0000002a   _EVENT42
0000002b   _EVENT43
0000002c   _EVENT44
0000002d   _EVENT45
0000002e   _EVENT46
0000002f   _EVENT47
00000030   _EVENT48
00000031   _EVENT49
00000005   _EVENT5
00000032   _EVENT50
00000033   _EVENT51
00000034   _EVENT52
00000035   _EVENT53
00000036   _EVENT54
00000037   _EVENT55
00000038   _EVENT56
00000039   _EVENT57
0000003a   _EVENT58
0000003b   _EVENT59
00000006   _EVENT6
0000003c   _EVENT60
0000003d   _EVENT61
0000003e   _EVENT62
0000003f   _EVENT63
00000040   _EVENT64
00000041   _EVENT65
00000042   _EVENT66
00000043   _EVENT67
00000044   _EVENT68
00000045   _EVENT69
00000007   _EVENT7
00000046   _EVENT70
00000047   _EVENT71
00000048   _EVENT72
00000049   _EVENT73
0000004a   _EVENT74
0000004b   _EVENT75
0000004c   _EVENT76
0000004d   _EVENT77
0000004e   _EVENT78
0000004f   _EVENT79
00000008   _EVENT8
00000050   _EVENT80
00000051   _EVENT81
00000052   _EVENT82
00000053   _EVENT83
00000054   _EVENT84
00000055   _EVENT85
00000056   _EVENT86
00000057   _EVENT87
00000058   _EVENT88
00000059   _EVENT89
00000009   _EVENT9
0000005a   _EVENT90
0000005b   _EVENT91
0000005c   _EVENT92
0000005d   _EVENT93
0000005e   _EVENT94
0000005f   _EVENT95
00000060   _EVENT96
00000061   _EVENT97
00000062   _EVENT98
00000063   _EVENT99
118083b0   _EVMOMAPL138_enableDsp
11808330   _EVMOMAPL138_init
11807b8c   _EVMOMAPL138_initRAM
11807a78   _EVMOMAPL138_lpscTransition
11807a2c   _EVMOMAPL138_pinmuxConfig
11825cf0   _EXC_clearLastStatus
11827760   _EXC_dispatch
11825b14   _EXC_exceptionHandler
11831880   _EXC_exceptionHook
11825ae0   _EXC_external
11831888   _EXC_externalHook
11825ac0   _EXC_getLastStatus
11825a80   _EXC_init
118257d4   _EXC_internal
11831884   _EXC_internalHook
118257a0   _EXC_nmi
1183188c   _EXC_nmiHook
11831828   _EXC_returnPtr
11827924   _EXC_setReturnPtr
11825188   _EXC_status
11831820   _EXC_sysTrapTable
118316cc   _F28335_Extra1
118316d0   _F28335_Extra2
118316d4   _F28335_Extra3
118316d8   _F28335_Extra4
118311f8   _FTvel
118311d8   _FWdist
11829600   _FXN_F_nop
11829244   _FXN_F_run
11829280   _FXN_F_zero
118061b4   _Fix_Equivalency
1183124c   _Fminladar
00000000   _GBL_CACHE
11828908   _GBL_cacheInit64P
118315ac   _GBL_clkIn
118315b0   _GBL_freq
11829620   _GBL_getVersion
118315a8   _GBL_procId
118113ec   _GPIO_getInput
118113a0   _GPIO_getOutput
118111f8   _GPIO_setDir
11811258   _GPIO_setOutput
118112b8   _GPIO_toggleLoop
11815e40   _HOSTclose
11814d40   _HOSTlseek
11815140   _HOSTopen
11815220   _HOSTread
11813bc0   _HOSTrename
11815840   _HOSTunlink
11815900   _HOSTwrite
118351c8   _HPisDP
11835228   _HPisdp
1182f4c0   _HSRTDX_rec
1182fc20   _HSRTDX_xmt
118349b8   _HST_A_TABBEG
118349f4   _HST_A_TABEND
00009978   _HWI_CFGDISPATCHED
1183184c   _HWI_D_inhwi
11831840   _HWI_D_spsave
11825d20   _HWI_F_dispatch
0000000a   _HWI_INT10
0000000b   _HWI_INT11
0000000c   _HWI_INT12
0000000d   _HWI_INT13
0000000e   _HWI_INT14
0000000f   _HWI_INT15
00000004   _HWI_INT4
00000005   _HWI_INT5
00000006   _HWI_INT6
00000007   _HWI_INT7
00000008   _HWI_INT8
00000009   _HWI_INT9
00000001   _HWI_NMI
00000002   _HWI_RESERVED0
00000003   _HWI_RESERVED1
00000000   _HWI_RESET
11831078   _HWI_STKBOTTOM
11830480   _HWI_STKTOP
11831840   _HWI_data
118292a0   _HWI_disable
11831408   _HWI_dispatchTab
118292b8   _HWI_enable
118292cc   _HWI_restore
1180d8c0   _I2CGPIO_getInput
1180d790   _I2CGPIO_getInputAll
1180d6b8   _I2CGPIO_init
1180d5a0   _I2CGPIO_setOutput
1180d540   _I2CGPIO_setOutputAll
1180fbe0   _I2C_init
1180fde0   _I2C_read
1180fcb8   _I2C_write
1183533c   _IDL_busyObj
11817170   _IDL_cpuLoad
11829640   _IDL_loop
11831804   _IRAM
1182c4bc   _IRAM_base
00002000   _IRAM_length
11831308   _Image_data
1181e790   _K
1183176c   _KNL_alarm
118289c0   _KNL_check
11831790   _KNL_curqueue
11831780   _KNL_curtask
11831788   _KNL_curtime
11825028   _KNL_dummy
11828d20   _KNL_enter
11828ce0   _KNL_exit
11828a88   _KNL_idle
118317a8   _KNL_idlefxn
11831774   _KNL_inactive
11828ee0   _KNL_ipost
11828ab0   _KNL_max
11831794   _KNL_maxqueue
11828f60   _KNL_post
11831784   _KNL_prevtask
11831778   _KNL_priority
11824f88   _KNL_queues
11826f40   _KNL_run
118281e0   _KNL_saveIsrFrame
1183177c   _KNL_set
11831770   _KNL_setpri
1183504c   _KNL_swi
1183178c   _KNL_swiptr
1182828c   _KNL_switch
1183179c   _KNL_tcreatefxn
118317a0   _KNL_tdeletefxn
11827554   _KNL_tick
118317a4   _KNL_treadyfxn
11831798   _KNL_tswitchfxn
11831764   _KNL_wFlag
11831768   _KNL_wList
118311e8   _KpBLW
118311e4   _KpBW
118311ec   _KpFW
118311e0   _KpLW
118311dc   _KpRW
ffffffff   _L3_CBA_RAM
118056b4   _LADAR_Get_and_Process_Scan
118050d4   _LADAR_scan
11804eb8   _LADAR_sendG
1181ed68   _LADARangle
11831734   _LADARcenterFt
1181f150   _LADARdataX
1181f538   _LADARdataY
11805230   _LADARdetections2xy
1181e980   _LADARdistance
11820150   _LADARinBuffer
11831730   _LADARleftFt
118206c8   _LADARoutBuffer
11831700   _LADARprocess
11820ec4   _LADARps
118316fc   _LADARready
11831738   _LADARrightFt
11805fb4   _LADARtask
11808be8   _LCD
11813820   _LCDPrintfLine
11831310   _LCD_Image
118318bc   _LCD_mem
11803c4c   _LCD_saturate
118318c8   _LCDnewMsgLine1
118318cc   _LCDnewMsgLine2
118136e0   _LCDvPrintfLine
11829000   _LCK_pend
11828fe0   _LCK_post
11817174   _LNK_dataPump
1183185c   _LNK_dspFrameReadyMask
11831858   _LNK_dspFrameRequestMask
11831864   _LNK_readDone
11831868   _LNK_readFail
11831860   _LNK_readPend
1183186c   _LNK_writeFail
11835444   _LOG_A_TABBEG
11835474   _LOG_A_TABEND
00000002   _LOG_A_TABLEN
11831514   _LOG_D_system
11829060   _LOG_event
11835444   _LOG_system
118310d0   _LVvalue1
118310d4   _LVvalue2
11831218   _LW_timer
118311d4   _LWdist
1183115c   _Labview_flag
118216a0   _Ladardata_x
11821a88   _Ladardata_y
1183130c   _Linux_Image
118318e4   _MEM
118315b4   _MEM_D_NUMSEGMENTS
118315bc   _MEM_D_freelist
118315c0   _MEM_D_lockaddr
118315b8   _MEM_D_memtab
118315c4   _MEM_D_unlockaddr
11827180   _MEM_alloc
11827580   _MEM_free
11831ce0   _MEM_init
118317e8   _MEM_memtab
1180a800   _Matrix1x3_Mult
1180a7b4   _Matrix3x1_Add
1180a760   _Matrix3x1_Mult
1180a720   _Matrix3x2_Mult
1180a5b4   _Matrix3x3_Add
1180a3ac   _Matrix3x3_Invert
1180a1d0   _Matrix3x3_Mult
1180a140   _Matrix3x3_Trans
118317bc   _McBSPrecerror
118250f8   _OBJ_segtab
118250c0   _OBJ_table
1181f934   _OPTITRACKps
1181f920   _Optitrackdata
118350fc   _PIP_A_TABBEG
118351c4   _PIP_A_TABEND
11831554   _PRD_D_tick
11817140   _PRD_addtime
11833f30   _PRD_clock
11817120   _PRD_startMcBSP
11835020   _PRD_swi
11821e70   _PRUCode
11807510   _PRU_HWI
118150d4   _PRU_load
118150a8   _PRU_reset
118150b4   _PRU_restart
11815098   _PRU_run
1181504c   _PRU_stop
11815040   _PRU_wakeup
1181e858   _P_pred
1181e7b8   _Q
1181e7e0   _R
11820eb8   _ROBOTps
11817178   _RTA_dispatcher
118349bc   _RTA_fromHost
118349d8   _RTA_toHost
11833fc0   _RTDX_Buffer
118343cc   _RTDX_Buffer_End
118302a0   _RTDX_Buffer_Initialize
11830420   _RTDX_Buffer_Read
11830360   _RTDX_Buffer_ReadCB
118303a0   _RTDX_Buffer_Size
118343c8   _RTDX_Buffer_Start
11830440   _RTDX_Buffer_Write
1182f760   _RTDX_Buffer_WriteCB
11830220   _RTDX_Final_RT_Monitor
11830300   _RTDX_Init_RT_Monitor
00000002   _RTDX_JTAGONLY
11830460   _RTDX_Mask_IER
1182ff20   _RTDX_Mon_Queue
11830180   _RTDX_Poll
00000000   _RTDX_interrupt_mask
118303e0   _RTDX_memfill
11834420   _RTDX_writing
11831210   _RW_timer
118311d0   _RWdist
118014d0   _RobotControl
1181e808   _S
11831804   _SEG0
11835480   _SEM_astar
11829360   _SEM_pend
11827b20   _SEM_pendEnterKnl
11828c00   _SEM_post
11828c00   _SEM_postBinary
11828da0   _SEM_postEnterKnl
11810168   _SPI_init
1180ffe0   _SPI_xfer
11835288   _STS_A_TABBEG
11835348   _STS_A_TABEND
118293ec   _STS_add
118293c0   _STS_delta
11829408   _STS_reset
11829660   _STS_set
118315ec   _SWI_D_curfxn
118315dc   _SWI_D_curmask
118315e0   _SWI_D_curset
118315d8   _SWI_D_execaddr
118315f4   _SWI_D_inswi
118315e4   _SWI_D_lock
118315f0   _SWI_D_rdybeg
118315d4   _SWI_D_runaddr
11835078   _SWI_LCD
118350a4   _SWI_RobotControl
118315d4   _SWI_data
11826270   _SWI_post
118350d0   _SWI_vision
118315c8   _SYS
11831e00   _SYS_PUTCBEG
11831fff   _SYS_PUTCEND
11829420   _SYS_abort
118291e0   _SYS_error
11828e40   _SYS_exit
11825168   _SYS_exitStack
118318d8   _SYS_exitStackPtr
118318dc   _SYS_exitStackTop
1181e830   _S_inv
1180adb0   _SetRobotOutputs
1180ac98   _SetRobotOutputs_manual
11806188   _Set_Equivalency
11833f28   _TRC_R_mask
118318b8   _TSK
11825060   _TSK_ATTRS
118348a4   _TSK_ComWithLinux
11834904   _TSK_LADAR
11834964   _TSK_astarFunc
1182507c   _TSK_config
11828620   _TSK_exit
11834844   _TSK_idle
11831da0   _TSK_init
118318b0   _TSK_nTasks
118318b4   _TSK_pid
11827ea0   _TSK_setup
11828b84   _TSK_startup
1182509c   _TSK_timerSem
118313f0   _Thres_Image
118311f0   _Tmax
1180f1e0   _UART_init
1180f1c0   _UART_rxByte
1180eff0   _UART_txArray
1180efa0   _UART_txByte
1180f154   _UART_txString
1180f0c0   _UART_txUint32
1180f078   _UART_txUint8
118132dc   _USTIMER_delay
118132b0   _USTIMER_get
118131cc   _USTIMER_init
11813194   _USTIMER_reset
11813180   _USTIMER_set
11807a18   _UTIL_isUIBoardAttached
118078ac   _UTIL_printMem
11829560   _UTL_doAbort
11829680   _UTL_doError
118295a0   _UTL_doPutc
118296a0   _UTL_halt
11803de4   _UpdateLCDwithLADAR
11800b48   _UpdateOptitrackStates
118074b0   _VPIF_HWI
118313f8   _VPIF_beginning_line
1180b2cc   _VPIF_initReceive
1180b158   _VPIF_initReceive_withPRU
1180af40   _VPIF_initTransmit
11823894   __BCACHE_emifAddr
11834e00   __CIOBUF_
118281b0   __CLK_lat1beg
118281d0   __CLK_lat1end
118315d0   __HOOK_NUMHOOKS
118315cc   __HOOK_knlId
11825d20   __HWI_lat1beg
11825ea8   __HWI_lat1end
11825ea8   __HWI_lat2beg
11826084   __HWI_lat2end1
11826010   __HWI_lat2end2
118260a0   __HWI_lat3beg
11826040   __HWI_lat3end2
11829300   __IDL_lat1beg
11829340   __IDL_lat1end
11828a0c   __KNL_lat1beg
11828a88   __KNL_lat1end
11829060   __LOG_lat1beg
1182513c   __MEM_mutex
11826d60   __RTA_lat1beg
11826d94   __RTA_lat1end
11827d00   __SEM_dopost
11831080   __STACK_END
00000c00   __STACK_SIZE
11826378   __SWI_lat1beg
11826424   __SWI_lat1end
11826428   __SWI_lat2beg
11826488   __SWI_lat2end
11826200   __SWI_lat3beg
1182626c   __SWI_lat3end
11825114   __TSK_mutex
118251bc   ___TI_enable_exit_profile_output
ffffffff   ___TI_pprof_out_hndl
ffffffff   ___TI_prof_data_size
ffffffff   ___TI_prof_data_start
11816d60   ___add_dtor
11824b60   ___atexit_func_id__
ffffffff   ___binit__
11831080   ___bss__
ffffffff   ___c_args__
118296e0   ___cinit__
118351c8   ___data__
11835288   ___edata__
118318f0   ___end__
11817120   ___etext__
11816da0   ___isinf
11833f18   ___pinit__
11800000   ___text__
118284e0   __auto_init
11815300   __c6xabi_divi
11815a80   __c6xabi_divu
11816f60   __c6xabi_strasgi_64plus
11815ee0   __cleanup
118251b4   __cleanup_ptr
11814560   __closefile
11833ae0   __ctypes_
11816980   __divd
11816d00   __divf
11815300   __divi
11815f80   __divli
11815a80   __divu
11813880   __divul
11812260   __divull
11815b40   __doflush
118251b8   __dtors_ptr
11816160   __fixdli
11816700   __fltlid
11824b58   __ft_end
11824838   __ftable
11816780   __llshl
11816e20   __llshru
118251c0   __lock
11816fc0   __negll
11816fe0   __nop
11816200   __nround
1180eb60   __printfi
11817080   __register_lock
118170a0   __register_unlock
11816ee0   __remli
11816f20   __remul
11816a00   __remull
11816800   __roundf
11808f80   __scanfi
11830480   __stack
11816f60   __strasgi_64plus
11816a60   __subcull
11824a18   __tmpnams
118170c0   __truncf
118251c4   __unlock
11814e40   __wrt_ok
11831694   _adcA0
1183169c   _adcA1
118316a4   _adcA2
118316ac   _adcA3
118316b4   _adcA4
118316bc   _adcA5
118316c4   _adcA6
118316c8   _adcA7
11831698   _adcB0
118316a0   _adcB1
118316a8   _adcB2
118316b0   _adcB3
118316b8   _adcB4
118316c0   _adcB5
1180ac78   _addtime
11809c48   _assign_penalty
11809cdc   _astar
11800914   _astarFunc
1183125c   _astar_weed
11813520   _atan2f
11813520   _atan2sp
11815c00   _atexit
118153e0   _atoi
11831268   _avg
1183128c   _avoid_b_timer
11831298   _avoid_p_timer
11831288   _b_find_timer
1183129c   _b_just_seen
11820030   _b_num
118312a0   _b_seen_timer
11833be8   _bitval_u32
118318c6   _bkgrnd_blue
118318c5   _bkgrnd_green
118318c4   _bkgrnd_red
1183138c   _blue
118312d4   _blue_count
11831260   _blue_dist
11831285   _blue_have
118318c0   _bluegain
118313b0   _bluenumpels
118313a8   _blueobjectx
118313ac   _blueobjecty
11831340   _c
1183172c   _cCommandName
11831725   _cLADARdata
11831724   _cPrevLADARdata
11831c20   _c_int00
11814f40   _call_dtors
11826c6c   _calloc
11809958   _canTravel
1183136c   _cbar
118154c0   _close
1181b044   _closedSet
11831354   _color
11831358   _color2
118310b4   _color_distance_b
118310ac   _color_distance_p
11831278   _color_lat
118310b8   _color_vision_error_b
118310b0   _color_vision_error_p
1183168c   _compass
118076c8   _config_pll0
11807560   _config_pll1
11820120   _corner_x
11820138   _corner_y
11820080   _cornersX
118200d0   _cornersY
11813d40   _cos
11813d40   _cosdp
11814b00   _cosf
11814b00   _cossp
11831364   _cprime
11831224   _curr2goal_dist
11831870   _currDist
11831230   _curr_angle
118313fc   _current
118310a8   _current_color
11831350   _current_object
118317dc   _danindex
11831279   _dead_reckon
1183127c   _dead_reckon_timer
11803be8   _decode2byteLADAR
118312b8   _def_blue
118312b0   _def_pink
118313a0   _delta
11816980   _divdp
11816d00   _divsp
118312cc   _do_astar
11831404   _done
118312cd   _dont_astar
11831234   _dot_prod
11825164   _dtors
11823898   _enc0_array
1183167c   _enc1
118310f8   _enc1old
11831680   _enc2
118310fc   _enc2old
11831684   _enc3
11831688   _enc4
11831400   _equivalency
118220f8   _equivalency_objects
11831710   _errC
1183170c   _errL
11831714   _errR
11824f84   _errno
11831158   _errorcheck
118310c0   _exterminate_timer
1181e768   _eye3
11831678   _f28335RecFirsttime
11824e00   _f28335TXData
11824d00   _f28335recData
1183173c   _fLEFT_RIGHT_ANGLE
118234f8   _final_object_stats
11831287   _first_b_run
11831290   _first_p_run
11831138   _firstdata
118317e0   _firsttimeLine1
118317e4   _firsttimeLine2
118317c0   _firsttimeintMCBSPrec
118313a4   _flagcolor
11811fa0   _fmodf
11812b60   _fputc
118103e0   _fputs
11831144   _frame_error
11826a40   _free
118155a0   _frexpf
1181e508   _fromLinuxstring
11831208   _front_wall_error
118148c0   _fseek
118099c8   _getNeighbors
118312ce   _go_direct
11831388   _green
118313bc   _greennumpels
118313b4   _greenobjectx
118313b8   _greenobjecty
11831114   _gyro
11831128   _gyro4x_gain
11831108   _gyro_angle
11831118   _gyro_degrees
11831110   _gyro_drift
1183111c   _gyro_radians
11831120   _gyro_x
11831124   _gyro_y
11831104   _gyro_zero
1180c8cc   _hasChild
11809948   _heuristic
11831220   _hit2goal_dist
11831228   _hit_x
1183122c   _hit_y
11831390   _hue
118220d0   _i2cdata
11831728   _iLADARrcv
11831080   _index
11807204   _init_ColorVision
1180cbc0   _init_DMA
118039e4   _init_LADAR
1180894c   _init_LCD
118086b8   _init_LCD_mem
1180a860   _init_McBSP
118312d0   _j
11831338   _k
118310bc   _kp_vision
118312c8   _ladar_num
1183137c   _largest_num_pixels
11831380   _largest_object
118149e0   _ldexpf
11831348   _left
1180c908   _leftChild
11831204   _left_wall_error
118163e0   _lseek
11815cc0   _ltoa
11800000   _main
11826a64   _malloc
11817f10   _map
1183187c   _mapColSize
11817180   _mapCourseStart
11831878   _mapRowSize
1180c914   _maxPriorityChild
118317d0   _mcbspReset
11826ba8   _memalign
11816ac0   _memccpy
11816480   _memcpy
11815680   _memset
1183139c   _min
1183120c   _mode
11816520   _modf
11816b20   _modff
11810780   _my_atanf
11806114   _my_max
11806100   _my_min
11831370   _neighbor_type
11817230   _neighbors
11820ad0   _newLADARangle
1183174c   _newLADARdata
11820ed0   _newLADARdataX
118212b8   _newLADARdataY
118206e8   _newLADARdistance
118317b8   _newServos
11831334   _new_C02
11831330   _new_C20
118310d8   _new_LV_data
11831320   _new_coordata
11831328   _new_num_found_objects
1183132c   _new_object_theta
1183113c   _new_optitrack
118316dc   _new_sendtolinux_F28335_Extra
118310dc   _newnavdata
1181dec8   _newpathCol
1181d888   _newpathRow
118310e4   _newturn
118310e0   _newvref
11831244   _newx
11831248   _newy
11817fc0   _nodeTrack
11831314   _noimagefound
11831708   _numReadings
118316f0   _num_EDMA3_0
1183134c   _num_unique_objects
118316f4   _numofints
11831324   _numpels
1183108c   _numpels_b
118310a4   _numpels_g
11831098   _numpels_p
11831740   _numreadings_lastscan
11831378   _object_detected
118228f8   _object_stats
11831318   _object_x
1183131c   _object_y
11831084   _objectx_b
1183109c   _objectx_g
11831090   _objectx_p
11831088   _objecty_b
118310a0   _objecty_g
11831094   _objecty_p
1181f9f0   _obs_loc
1183110c   _old_gyro
11818ac0   _openSet
11831286   _outside
118318ec   _pQueueoutofMemory
11831294   _p_find_timer
118312a4   _p_just_seen
11820058   _p_num
118312a8   _p_seen_timer
1180c704   _parent
118178d0   _pathCol
11831874   _pathLen
11817290   _pathRow
11831280   _path_mode
1180cb68   _peek
1181d5c8   _penalty
11831304   _pic_data
118312d8   _pink_count
11831284   _pink_have
11831264   _pink_tally
1181f9a0   _pinkavg
118313c8   _pinknumpels
118313c0   _pinkobjectx
118313c4   _pinkobjecty
1180c980   _pop
11831140   _previous_frame
118313d0   _print_b
118313d1   _print_g
118313cc   _print_hue
118313cf   _print_r
118313cd   _print_sat
118313ce   _print_val
11815760   _printf
118313f4   _ptrshrdmem
1180c710   _push
11812b60   _putc
118312dc   _pwm3
118312e4   _pwm3_b
118312e0   _pwm4
118312e8   _pwm4_b
1183133c   _r
11831240   _random
11831368   _rbar
11816880   _readmsg
11826ac4   _realloc
11809880   _reconstructPath
11831384   _red
11817100   _remove
118312ac   _report_weed_timer
1180c6f8   _rightChild
11831200   _right_wall_error
11831758   _robotT
11831750   _robotX
11831754   _robotY
1181e8c8   _robotdest
11831130   _robotdestSize
1180c6f4   _root
118039c0   _roundFloatToInt
11831360   _rprime
11831898   _rtdxNullChanCnt
1183189c   _rtdxNullFuncCnt
118318a4   _rtdxRecNotDoneCnt
118318ac   _rtdxXmtErrorCnt
118318a0   _rtdxXmtNotDoneCnt
118318a8   _rtdxXmtRestartCnt
11834414   _rtdx_buffer_state
118343d0   _rtdx_mon_state
11831394   _sat
118316f8   _scalingLadar
118316e0   _send_F28335_Extra1
118316e4   _send_F28335_Extra2
118316e8   _send_F28335_Extra3
118316ec   _send_F28335_Extra4
1180ac24   _send_McBSP
118312c4   _send_loc
118317b0   _servosPosted
1180858c   _set_background
11831100   _settlegyro
11812f80   _setvbuf
118039a0   _signf
11813ed8   _sin
11813ed8   _sindp
11814c34   _sinf
11814c34   _sinsp
1180c6c8   _size
118313e4   _specs_h
118313e8   _specs_h2
118313ec   _specs_hrad
118313d4   _specs_s
118313d8   _specs_srad
118313dc   _specs_v
118313e0   _specs_vrad
11831254   _speed_factor
11808538   _spi_command
118084e0   _spi_data
11816b80   _sprintf
11816660   _sqrtf
11816660   _sqrtsp
11816be0   _sscanf
11831744   _startAngle
1180c6c0   _startHeap
1180ab84   _startMcBSP
1183112c   _statePos
11831748   _stepSize
1180d9e0   _strtod
1180de40   _strtol
1180e2a0   _strtold
1180e700   _strtoll
1180f3e0   _strtoul
1180f7e0   _strtoull
11831690   _switchstate
1183171c   _tLADARcenterFt
11831718   _tLADARleftFt
11831720   _tLADARrightFt
118312bc   _tally_b
118312b4   _tally_p
1183114c   _tempOPTITRACK_theta
11831760   _tempOff
1183175c   _tempSign
1181e8a8   _temp_3x1
1181e880   _temp_3x3
118224f8   _temp_equivalency_objects
11831148   _temp_theta
11831150   _temp_trackableID
118317d8   _testcount
11831300   _testvar
118312f0   _timecount
118317c8   _timeint
11831270   _timer_c
1181e610   _toLinuxstring
11831374   _too_many_objects
11831344   _top
1183545c   _trace
11831154   _trackableID
11831134   _trackableIDerror
118310cc   _tskcount
118310c8   _turn
118311cc   _turn_old
118312c0   _turn_timer
1181e740   _u
11831704   _uart1count
11816900   _unlink
118312fc   _updateLCD
11806458   _userProcessColorImageFunc_laser
11831398   _value
11831160   _var1
11831184   _var10
11831188   _var11
1183118c   _var12
11831190   _var13
11831194   _var14
11831198   _var15
1183119c   _var16
118311a0   _var17
118311a4   _var18
118311a8   _var19
11831164   _var2
118311ac   _var20
118311b0   _var21
118311b4   _var22
118311b8   _var23
118311bc   _var24
118311c0   _var25
118311c4   _var26
11831168   _var3
1183116c   _var4
11831170   _var5
11831174   _var6
11831178   _var7
1183117c   _var8
11831180   _var9
118310e8   _vel1
118310f0   _vel1old
118310ec   _vel2
118310f4   _vel2old
118071ec   _vision
118310c4   _vref
118311c8   _vref_old
11816c40   _vsprintf
11831250   _wall_near
1183125d   _weed_centered
11831258   _weednum
118312f8   _whichled
118165c0   _write
11816ca0   _writemsg
1181f940   _x_blue
1181f970   _x_pink
1181e718   _x_pred
11831238   _x_rcoord
118107f4   _xy_control
1181f958   _y_blue
1181f988   _y_pink
1183123c   _y_rcoord
1181e8b8   _ytilde
1181e758   _z
ffffffff   binit
118296e0   cinit
11835288   edata
118318f0   end
11817120   etext
11834c00   hwi0
11834c20   hwi1
11834d40   hwi10
11834d60   hwi11
11834d80   hwi12
11834da0   hwi13
11834dc0   hwi14
11834de0   hwi15
11834c40   hwi2
11834c60   hwi3
11834c80   hwi4
11834ca0   hwi5
11834cc0   hwi6
11834ce0   hwi7
11834d00   hwi8
11834d20   hwi9
11833f18   pinit
1183545c   trace
11834a00   trace$buf
00000001   trace$datatype
00000000   trace$log
00000080   trace$size


GLOBAL SYMBOLS: SORTED BY Symbol Address 

address    name
--------   ----
00000000   BUF$
00000000   CLK_PRDHIGH
00000000   CLK_RESETTIMER
00000000   CLK_TDDR
00000000   CLK_TDDRHIGH
00000000   DEV$
00000000   DGN$
00000000   DHL$
00000000   DHL_gChannelsAvailable
00000000   DIO$
00000000   DIO_NUMSWIBASE
00000000   DIO_NUMTSKBASE
00000000   DIO_STATIC
00000000   DPI$
00000000   ECM$
00000000   ECM_ENABLE
00000000   GBL_BCACHEREADADDR0
00000000   GBL_BCACHEREADADDR1
00000000   GBL_BCACHEREADADDR2
00000000   GBL_BIGENDIAN
00000000   GBL_CACHE
00000000   GBL_CALLCSLCFGINIT
00000000   GBL_ENABLE_SK
00000000   GBL_GEMTRUECOMPEN
00000000   GBL_L2MAR0_31
00000000   GBL_L2MAR160_191
00000000   GBL_L2MAR224_255
00000000   GBL_L2MAR32_63
00000000   GBL_L2MAR64_95
00000000   GBL_L2MAR96_127
00000000   GBL_NULL
00000000   GBL_PROCID
00000000   GBL_ROM
00000000   GBL_SUPPORTCSL
00000000   GBL_USERINIT
00000000   GIO$
00000000   HOOK$
00000000   HOOK_KNLID
00000000   HST_DSM
00000000   HST_NONE
00000000   HWI_GENERATE_RESET_VEC
00000000   HWI_INT10$hwi
00000000   HWI_INT11$hwi
00000000   HWI_INT12$hwi
00000000   HWI_INT13$hwi
00000000   HWI_INT14$hwi
00000000   HWI_INT15$hwi
00000000   HWI_INT4$hwi
00000000   HWI_INT5$hwi
00000000   HWI_INT6$hwi
00000000   HWI_INT7$hwi
00000000   HWI_INT8$hwi
00000000   HWI_INT9$hwi
00000000   HWI_NMI$hwi
00000000   HWI_POLARITYMASK
00000000   HWI_RESERVED0$hwi
00000000   HWI_RESERVED1$hwi
00000000   HWI_RESET
00000000   HWI_RESET$hwi
00000000   HWI_ZEROTAB
00000000   IDL_busyObj$iB
00000000   IDL_busyObj$operation
00000000   KNL_swi$pri
00000000   KNL_swi$sts$unittype
00000000   KNL_swi$swi
00000000   LOG_system$datatype
00000000   LOG_system$log
00000000   MBX$
00000000   MEM_NULL
00000000   MEM_USEMPC
00000000   MSGQ$
00000000   MSGQ_USEMSGQ
00000000   OBJ$
00000000   PIP$
00000000   PIP_gNextId
00000000   POOL$
00000000   POOL_USEPOOL
00000000   PRD_addtime$mode
00000000   PRD_addtime$prd
00000000   PRD_addtime$sts$filter
00000000   PRD_startMcBSP$mode
00000000   PRD_startMcBSP$prd
00000000   PRD_startMcBSP$sts$filter
00000000   PRD_swi$sts$unittype
00000000   PRD_swi$swi
00000000   PWRM_PWRM_ENABLE
00000000   PWRM_PWRM_INITSPPER
00000000   PWRM_PWRM_LOADENABLE
00000000   PWRM_PWRM_RESOURCETRACKING
00000000   PWRM_PWRM_SCALING
00000000   PWRM_PWRM_TIMERIDNUM
00000000   PWRM_PWRM_TIMERINTRMASK
00000000   PWRM_PWRM_TIMERWUGENMASK
00000000   PWRM_PWRM_USERRESOURCES
00000000   PWRM_PWRM_USETIMER
00000000   RTA_fromHost$hst
00000000   RTA_fromHost$mode
00000000   RTA_toHost$hst
00000000   RTA_toHost$id
00000000   RTDX_MODE
00000000   RTDX_USERTEXECUTION
00000000   SIO$
00000000   SWI_EHOOKFXN
00000000   SWI_IHOOKFXN
00000000   SWI_LCD$sts$unittype
00000000   SWI_LCD$swi
00000000   SWI_RobotControl$sts$unittype
00000000   SWI_RobotControl$swi
00000000   SWI_vision$sts$unittype
00000000   SWI_vision$swi
00000000   TSK_ComWithLinux$sts$unittype
00000000   TSK_ComWithLinux$tsk
00000000   TSK_LADAR$sts$unittype
00000000   TSK_LADAR$tsk
00000000   TSK_NUM_HOOKS
00000000   TSK_READYFXN
00000000   TSK_STACKSEG
00000000   TSK_SWITCHFXN
00000000   TSK_astarFunc$sts$unittype
00000000   TSK_astarFunc$tsk
00000000   TSK_idle$pri
00000000   TSK_idle$sts$unittype
00000000   TSK_idle$tsk
00000000   UDEV$
00000000   _CLK_TDDR
00000000   _GBL_CACHE
00000000   _HWI_RESET
00000000   _RTDX_interrupt_mask
00000000   trace$log
00000001   BUF_ENABLED
00000001   CLK$
00000001   CLK_CALDIV
00000001   CLK_CALMULT
[...]
11825cf0   _EXC_clearLastStatus
11825d20   CLK_HOOKFXN
11825d20   HWI_F_dispatch
11825d20   _HWI_F_dispatch
11825d20   __HWI_lat1beg
11825ea8   __HWI_lat1end
11825ea8   __HWI_lat2beg
11826010   __HWI_lat2end2
11826040   __HWI_lat3end2
11826084   __HWI_lat2end1
118260a0   __HWI_lat3beg
11826200   SWI_F_enable
11826200   __SWI_lat3beg
1182626c   __SWI_lat3end
11826270   SWI_F_post
11826270   _SWI_post
11826378   __SWI_lat1beg
118263e4   SWI_EXECFXN
118263e4   SWI_F_exec
1182640c   SWI_F_iexec
11826424   __SWI_lat1end
11826428   __SWI_lat2beg
11826488   __SWI_lat2end
1182648c   SWI_F_run
1182648c   SWI_RUNFXN
118266c0   PRD_F_swi
11826944   PRD_F_tick
11826a40   _free
11826a64   _malloc
11826ac4   _realloc
11826ba8   _memalign
11826c6c   _calloc
11826cc0   RTA_F_getlog
11826cf8   RTA_F_getsts
11826d38   RTA_F_readblk
11826d54   RTA_F_writeword
11826d60   RTA_F_resetmem
11826d60   __RTA_lat1beg
11826d94   __RTA_lat1end
11826da0   RTA_F_dispatch
11826dec   RTA_execute
11826f40   _KNL_run
11827180   _MEM_alloc
11827554   PRD_THOOKFXN
11827554   _KNL_tick
11827580   _MEM_free
11827760   _EXC_dispatch
11827924   _EXC_setReturnPtr
11827940   PIP_F_take
118279b8   PIP_F_give
118279b8   PIP_F_probe
11827a88   PIP_F_start
11827b20   _SEM_pendEnterKnl
11827d00   __SEM_dopost
11827ea0   _TSK_setup
11828040   CLK_F_getltime
11828050   CLK_F_isr
11828190   CLK_F_itime
11828190   _CLK_F_itime
11828190   _CLK_itime
118281b0   __CLK_lat1beg
118281d0   __CLK_lat1end
118281e0   _KNL_saveIsrFrame
1182828c   _KNL_switch
11828338   KNL_glue
11828490   _BCACHE_wbInv
118284a4   _BCACHE_wb
118284b4   _BCACHE_inv
118284e0   __auto_init
11828620   _TSK_exit
11828760   _BCACHE_setSize
118287a4   _BCACHE_setMar
118287f4   _BCACHE_bootInit
118287f4   _BCACHE_setCacheToSram
11828824   _BCACHE_getSize
11828874   _BCACHE_getMar
11828908   _GBL_cacheInit64P
118289c0   _KNL_check
11828a0c   __KNL_lat1beg
11828a88   _KNL_idle
11828a88   __KNL_lat1end
11828ab0   _KNL_max
11828b84   _TSK_startup
11828c00   _SEM_post
11828c00   _SEM_postBinary
11828ce0   _KNL_exit
11828d20   _KNL_enter
11828da0   _SEM_postEnterKnl
11828e40   _SYS_exit
11828ee0   _KNL_ipost
11828f60   _KNL_post
11828fe0   _LCK_post
11829000   _LCK_pend
11829060   LOG_F_event
11829060   _LOG_event
11829060   __LOG_lat1beg
118290e0   _BCACHE_wait
11829160   IDL_F_calibrate
118291e0   _SYS_error
11829240   FXN_F_nop
11829244   FXN_F_run
11829244   _FXN_F_run
11829280   FXN_F_zero
11829280   _FXN_F_zero
118292a0   _HWI_disable
118292b8   _HWI_enable
118292cc   _HWI_restore
11829300   IDL_F_busy
11829300   __IDL_lat1beg
11829340   __IDL_lat1end
11829360   _SEM_pend
118293c0   STS_F_delta
118293c0   _STS_delta
118293ec   STS_F_add
118293ec   _STS_add
11829408   STS_F_reset
11829408   _STS_reset
11829420   _SYS_abort
11829480   _CLK_measure
118294e0   IDL_CALIBRFXN
118294e0   IDL_F_stub
11829520   RTA_F_andn
11829538   RTA_F_or
11829560   SYS_ABORTFXN
11829560   _UTL_doAbort
118295a0   SYS_PUTCFXN
118295a0   _UTL_doPutc
118295e0   _CLK_getltime
11829600   GBL_USERINITFXN
11829600   GIO_CREATEFXN
11829600   GIO_DELETEFXN
11829600   GIO_PENDFXN
11829600   GIO_POSTFXN
11829600   PWRM_PWRM_SHAREDRESOURCEFXN
11829600   PWRM_PWRM_SLOTHOOKFXN
11829600   TSK_VCREATEFXN
11829600   TSK_VDELETEFXN
11829600   TSK_VEXITFXN
11829600   _FXN_F_nop
11829620   _GBL_getVersion
11829640   IDL_F_loop
11829640   _IDL_loop
11829660   _STS_set
11829680   SYS_ERRORFXN
11829680   _UTL_doError
118296a0   SYS_EXITFXN
118296a0   _UTL_halt
118296c0   CLK_F_gethtime
118296c0   CLK_TIMEFXN
118296c0   _CLK_gethtime
118296e0   ___cinit__
118296e0   cinit
1182c4bc   IRAM$B
1182c4bc   _IRAM_base
1182e4c0   TSK_astarFunc$stack
1182f458   TSK_astarFunc$stkptr
1182f4c0   _HSRTDX_rec
1182f760   _RTDX_Buffer_WriteCB
1182fc20   _HSRTDX_xmt
1182ff20   _RTDX_Mon_Queue
11830180   _RTDX_Poll
11830220   _RTDX_Final_RT_Monitor
118302a0   _RTDX_Buffer_Initialize
11830300   _RTDX_Init_RT_Monitor
11830360   _RTDX_Buffer_ReadCB
118303a0   _RTDX_Buffer_Size
118303e0   _RTDX_memfill
11830420   _RTDX_Buffer_Read
11830440   _RTDX_Buffer_Write
11830460   _RTDX_Mask_IER
11830480   GBL_stackbeg
11830480   _HWI_STKTOP
11830480   __stack
11831078   _HWI_STKBOTTOM
1183107f   GBL_stackend
11831080   $bss
11831080   .bss
11831080   __STACK_END
11831080   ___bss__
11831080   _index
11831084   _objectx_b
11831088   _objecty_b
1183108c   _numpels_b
11831090   _objectx_p
11831094   _objecty_p
11831098   _numpels_p
1183109c   _objectx_g
118310a0   _objecty_g
118310a4   _numpels_g
118310a8   _current_color
118310ac   _color_distance_p
118310b0   _color_vision_error_p
118310b4   _color_distance_b
118310b8   _color_vision_error_b
118310bc   _kp_vision
118310c0   _exterminate_timer
118310c4   _vref
118310c8   _turn
118310cc   _tskcount
118310d0   _LVvalue1
118310d4   _LVvalue2
118310d8   _new_LV_data
118310dc   _newnavdata
118310e0   _newvref
118310e4   _newturn
118310e8   _vel1
118310ec   _vel2
118310f0   _vel1old
118310f4   _vel2old
118310f8   _enc1old
118310fc   _enc2old
11831100   _settlegyro
11831104   _gyro_zero
11831108   _gyro_angle
1183110c   _old_gyro
11831110   _gyro_drift
11831114   _gyro
11831118   _gyro_degrees
1183111c   _gyro_radians
11831120   _gyro_x
11831124   _gyro_y
11831128   _gyro4x_gain
1183112c   _statePos
11831130   _robotdestSize
11831134   _trackableIDerror
11831138   _firstdata
1183113c   _new_optitrack
11831140   _previous_frame
11831144   _frame_error
11831148   _temp_theta
1183114c   _tempOPTITRACK_theta
11831150   _temp_trackableID
11831154   _trackableID
11831158   _errorcheck
1183115c   _Labview_flag
11831160   _var1
11831164   _var2
11831168   _var3
1183116c   _var4
11831170   _var5
11831174   _var6
11831178   _var7
1183117c   _var8
11831180   _var9
11831184   _var10
11831188   _var11
1183118c   _var12
11831190   _var13
11831194   _var14
11831198   _var15
1183119c   _var16
118311a0   _var17
118311a4   _var18
118311a8   _var19
118311ac   _var20
118311b0   _var21
118311b4   _var22
118311b8   _var23
118311bc   _var24
118311c0   _var25
118311c4   _var26
118311c8   _vref_old
118311cc   _turn_old
118311d0   _RWdist
118311d4   _LWdist
118311d8   _FWdist
118311dc   _KpRW
118311e0   _KpLW
118311e4   _KpBW
118311e8   _KpBLW
118311ec   _KpFW
118311f0   _Tmax
118311f4   _Dvel
118311f8   _FTvel
118311fc   _BWdist
11831200   _right_wall_error
11831204   _left_wall_error
11831208   _front_wall_error
1183120c   _mode
11831210   _RW_timer
11831218   _LW_timer
11831220   _hit2goal_dist
11831224   _curr2goal_dist
11831228   _hit_x
1183122c   _hit_y
11831230   _curr_angle
11831234   _dot_prod
11831238   _x_rcoord
1183123c   _y_rcoord
11831240   _random
11831244   _newx
11831248   _newy
1183124c   _Fminladar
11831250   _wall_near
11831254   _speed_factor
11831258   _weednum
1183125c   _astar_weed
1183125d   _weed_centered
11831260   _blue_dist
11831264   _pink_tally
11831268   _avg
11831270   _timer_c
11831278   _color_lat
11831279   _dead_reckon
1183127c   _dead_reckon_timer
11831280   _path_mode
11831284   _pink_have
11831285   _blue_have
11831286   _outside
11831287   _first_b_run
11831288   _b_find_timer
1183128c   _avoid_b_timer
11831290   _first_p_run
11831294   _p_find_timer
11831298   _avoid_p_timer
1183129c   _b_just_seen
118312a0   _b_seen_timer
118312a4   _p_just_seen
118312a8   _p_seen_timer
118312ac   _report_weed_timer
118312b0   _def_pink
118312b4   _tally_p
118312b8   _def_blue
118312bc   _tally_b
118312c0   _turn_timer
118312c4   _send_loc
118312c8   _ladar_num
118312cc   _do_astar
118312cd   _dont_astar
118312ce   _go_direct
118312d0   _j
118312d4   _blue_count
118312d8   _pink_count
118312dc   _pwm3
118312e0   _pwm4
118312e4   _pwm3_b
118312e8   _pwm4_b
118312f0   _timecount
118312f8   _whichled
118312fc   _updateLCD
11831300   _testvar
11831304   _pic_data
11831308   _Image_data
1183130c   _Linux_Image
11831310   _LCD_Image
11831314   _noimagefound
11831318   _object_x
1183131c   _object_y
11831320   _new_coordata
11831324   _numpels
11831328   _new_num_found_objects
1183132c   _new_object_theta
11831330   _new_C20
11831334   _new_C02
11831338   _k
1183133c   _r
11831340   _c
11831344   _top
11831348   _left
1183134c   _num_unique_objects
11831350   _current_object
11831354   _color
11831358   _color2
1183135c   _Cdifference
11831360   _rprime
11831364   _cprime
11831368   _rbar
1183136c   _cbar
11831370   _neighbor_type
11831374   _too_many_objects
11831378   _object_detected
1183137c   _largest_num_pixels
11831380   _largest_object
11831384   _red
11831388   _green
1183138c   _blue
11831390   _hue
11831394   _sat
11831398   _value
1183139c   _min
118313a0   _delta
118313a4   _flagcolor
118313a8   _blueobjectx
118313ac   _blueobjecty
118313b0   _bluenumpels
118313b4   _greenobjectx
118313b8   _greenobjecty
118313bc   _greennumpels
118313c0   _pinkobjectx
118313c4   _pinkobjecty
118313c8   _pinknumpels
118313cc   _print_hue
118313cd   _print_sat
118313ce   _print_val
118313cf   _print_r
118313d0   _print_b
118313d1   _print_g
118313d4   _specs_s
118313d8   _specs_srad
118313dc   _specs_v
118313e0   _specs_vrad
118313e4   _specs_h
118313e8   _specs_h2
118313ec   _specs_hrad
118313f0   _Thres_Image
118313f4   _ptrshrdmem
118313f8   _VPIF_beginning_line
118313fc   _current
11831400   _equivalency
11831404   _done
11831408   _HWI_dispatchTab
11831508   IDL_D_tabbeg
1183150c   IDL_D_calibrate
11831510   IDL_D_calbeg
11831514   LOG_D_system
11831514   _LOG_D_system
11831518   PIP_D_tabbeg
1183151c   PIP_D_tablen
11831520   CLK_R_time
11831524   CLK_D_timefxn
11831528   CLK_D_tabbeg
1183152c   CLK_D_isrhook
11831530   CLK_D_idletime
11831534   _CLK_htimeDiv
11831538   _CLK_htimeMult
1183153c   _CLK_ltimeDiv
11831540   _CLK_ltimeMult
11831544   _CLK_D_dirty
11831548   _CLK_D_prd
1183154c   _CLK_D_tddr
11831550   _CLK_D_countspms
11831554   PRD_D_tick
11831554   _PRD_D_tick
11831558   PRD_D_cur
1183155c   PRD_D_elapsed
11831560   PRD_D_prevtim
11831564   PRD_D_scalar
11831568   PRD_D_swihandle
1183156c   PRD_D_tabbeg
11831570   PRD_D_tablen
11831574   PRD_D_thook
11831578   RTA_D_fromHost
1183157c   RTA_D_toHost
11831580   RTA_D_logval
11831590   RTA_D_stsval
1183159c   HST_D_chanmask
118315a0   HST_D_tabbeg
118315a4   HST_D_tabend
118315a8   _GBL_procId
118315ac   _GBL_clkIn
118315b0   _GBL_freq
118315b4   _MEM_D_NUMSEGMENTS
118315b8   _MEM_D_memtab
118315bc   _MEM_D_freelist
118315c0   _MEM_D_lockaddr
118315c4   _MEM_D_unlockaddr
118315c8   _SYS
118315cc   __HOOK_knlId
118315d0   __HOOK_NUMHOOKS
118315d4   SWI_D_runaddr
118315d4   _SWI_D_runaddr
118315d4   _SWI_data
118315d8   SWI_D_execaddr
118315d8   _SWI_D_execaddr
118315dc   SWI_D_curmask
118315dc   _SWI_D_curmask
118315e0   SWI_D_curset
118315e0   _SWI_D_curset
118315e4   SWI_D_lock
118315e4   _SWI_D_lock
118315e8   SWI_D_curmbox
118315ec   SWI_D_curfxn
118315ec   _SWI_D_curfxn
118315f0   SWI_D_rdybeg
118315f0   _SWI_D_rdybeg
118315f4   SWI_D_inswi
118315f4   _SWI_D_inswi
118315f8   SWI_D_rdytab
11831670   _EDMA3_0_Regs
11831674   _EDMA3_1_Regs
11831678   _f28335RecFirsttime
1183167c   _enc1
11831680   _enc2
11831684   _enc3
11831688   _enc4
1183168c   _compass
11831690   _switchstate
11831694   _adcA0
11831698   _adcB0
1183169c   _adcA1
118316a0   _adcB1
118316a4   _adcA2
118316a8   _adcB2
118316ac   _adcA3
118316b0   _adcB3
118316b4   _adcA4
118316b8   _adcB4
118316bc   _adcA5
118316c0   _adcB5
118316c4   _adcA6
118316c8   _adcA7
118316cc   _F28335_Extra1
118316d0   _F28335_Extra2
118316d4   _F28335_Extra3
118316d8   _F28335_Extra4
118316dc   _new_sendtolinux_F28335_Extra
118316e0   _send_F28335_Extra1
118316e4   _send_F28335_Extra2
118316e8   _send_F28335_Extra3
118316ec   _send_F28335_Extra4
118316f0   _num_EDMA3_0
118316f4   _numofints
118316f8   _scalingLadar
118316fc   _LADARready
11831700   _LADARprocess
11831704   _uart1count
11831708   _numReadings
1183170c   _errL
11831710   _errC
11831714   _errR
11831718   _tLADARleftFt
1183171c   _tLADARcenterFt
11831720   _tLADARrightFt
11831724   _cPrevLADARdata
11831725   _cLADARdata
11831728   _iLADARrcv
1183172c   _cCommandName
11831730   _LADARleftFt
11831734   _LADARcenterFt
11831738   _LADARrightFt
1183173c   _fLEFT_RIGHT_ANGLE
11831740   _numreadings_lastscan
11831744   _startAngle
11831748   _stepSize
1183174c   _newLADARdata
11831750   _robotX
11831754   _robotY
11831758   _robotT
1183175c   _tempSign
11831760   _tempOff
11831764   _KNL_wFlag
11831768   _KNL_wList
1183176c   _KNL_alarm
11831770   _KNL_setpri
11831774   _KNL_inactive
11831778   _KNL_priority
1183177c   _KNL_set
11831780   _KNL_curtask
11831784   _KNL_prevtask
11831788   _KNL_curtime
1183178c   _KNL_swiptr
11831790   _KNL_curqueue
11831794   _KNL_maxqueue
11831798   _KNL_tswitchfxn
1183179c   _KNL_tcreatefxn
118317a0   _KNL_tdeletefxn
118317a4   _KNL_treadyfxn
118317a8   _KNL_idlefxn
118317ac   _CLK_htimePerLtime
118317b0   _servosPosted
118317b8   _newServos
118317bc   _McBSPrecerror
118317c0   _firsttimeintMCBSPrec
118317c8   _timeint
118317d0   _mcbspReset
118317d8   _testcount
118317dc   _danindex
118317e0   _firsttimeLine1
118317e4   _firsttimeLine2
118317e8   _MEM_memtab
11831800   DDR
11831800   _DDR
11831804   HST_DSMBUFSEG
11831804   IRAM
11831804   MEM_MALLOCSEG
11831804   MEM_SEGZERO
11831804   RTDX_DATAMEMSEG
11831804   _IRAM
11831804   _SEG0
11831808   RTA_fromHost$pipe$dtab
11831814   RTA_toHost$pipe$dtab
11831820   _EXC_sysTrapTable
11831828   _EXC_returnPtr
11831840   HWI_D_spsave
11831840   _HWI_D_spsave
11831840   _HWI_data
1183184c   _HWI_D_inhwi
11831850   HWI_D_bss
11831854   HWI_D_ccmask
11831858   LNK_dspFrameRequestMask
11831858   _LNK_dspFrameRequestMask
1183185c   LNK_dspFrameReadyMask
1183185c   _LNK_dspFrameReadyMask
11831860   LNK_readPend
11831860   _LNK_readPend
11831864   LNK_readDone
11831864   _LNK_readDone
11831868   LNK_readFail
11831868   _LNK_readFail
1183186c   LNK_writeFail
1183186c   _LNK_writeFail
11831870   _currDist
11831874   _pathLen
11831878   _mapRowSize
1183187c   _mapColSize
11831880   _EXC_exceptionHook
11831884   _EXC_internalHook
11831888   _EXC_externalHook
1183188c   _EXC_nmiHook
11831898   _rtdxNullChanCnt
1183189c   _rtdxNullFuncCnt
118318a0   _rtdxXmtNotDoneCnt
118318a4   _rtdxRecNotDoneCnt
118318a8   _rtdxXmtRestartCnt
118318ac   _rtdxXmtErrorCnt
118318b0   _TSK_nTasks
118318b4   _TSK_pid
118318b8   _TSK
118318bc   _LCD_mem
118318c0   _bluegain
118318c4   _bkgrnd_red
118318c5   _bkgrnd_green
118318c6   _bkgrnd_blue
118318c8   _LCDnewMsgLine1
118318cc   _LCDnewMsgLine2
118318d0   _CLK_DFLTMICROSECS
118318d4   _CLK_D_microseconds
118318d8   _SYS_exitStackPtr
118318dc   _SYS_exitStackTop
118318e0   IDL_D_busyObj
118318e4   _MEM
118318ec   _pQueueoutofMemory
118318f0   SYS$config
118318f0   ___end__
118318f0   end
11831900   BIOS_init
11831900   _BIOS_init
11831a84   BIOS$$CLKON
11831ac4   BIOS$$CLKOFF
11831b2c   BIOS_start
11831b2c   _BIOS_start
11831c20   _c_int00
11831ce0   _MEM_init
11831da0   _TSK_init
11831e00   _SYS_PUTCBEG
11831fff   _SYS_PUTCEND
11832000   LOG_system$buf
11832800   TSK_ComWithLinux$stack
11832f98   TSK_ComWithLinux$stkptr
11833000   TSK_LADAR$stack
11833798   TSK_LADAR$stkptr
11833ae0   __ctypes_
11833be8   _bitval_u32
11833f15   PRD_startMcBSP$sts$maxfmt
11833f18   ___pinit__
11833f18   pinit
11833f1e   PRD_startMcBSP$sts$sumfmt
11833f24   TRC_cinit
11833f27   PRD_startMcBSP$sts$avgfmt
11833f28   TRC_R_mask
11833f28   _TRC_R_mask
11833f2c   GBL_initdone
11833f30   CLK_A_TABBEG
11833f30   PRD_clock
11833f30   _PRD_clock
11833f32   PRD_addtime$sts$maxfmt
11833f34   CLK_null
11833f3b   PRD_addtime$sts$sumfmt
11833f44   PRD_addtime$sts$avgfmt
11833f4f   PRD_swi$sts$maxfmt
11833f57   PRD_swi$sts$sumfmt
11833f5f   PRD_swi$sts$avgfmt
11833f69   KNL_swi$sts$maxfmt
11833f71   KNL_swi$sts$sumfmt
11833f79   KNL_swi$sts$avgfmt
11833f83   SWI_LCD$sts$maxfmt
11833f8b   SWI_LCD$sts$sumfmt
11833f93   SWI_LCD$sts$avgfmt
11833f9d   SWI_RobotControl$sts$maxfmt
11833fa5   SWI_RobotControl$sts$sumfmt
11833fad   SWI_RobotControl$sts$avgfmt
11833fb7   SWI_vision$sts$maxfmt
11833fbf   SWI_vision$sts$sumfmt
11833fc0   _RTDX_Buffer
11833fc7   SWI_vision$sts$avgfmt
11833fd1   TSK_idle$sts$maxfmt
11833fd9   TSK_idle$sts$sumfmt
11833fe1   TSK_idle$sts$avgfmt
11833feb   TSK_ComWithLinux$sts$maxfmt
11833ff3   TSK_ComWithLinux$sts$sumfmt
11833ffb   TSK_ComWithLinux$sts$avgfmt
11834005   TSK_LADAR$sts$maxfmt
1183400d   TSK_LADAR$sts$sumfmt
11834015   TSK_LADAR$sts$avgfmt
1183401f   TSK_astarFunc$sts$maxfmt
11834027   TSK_astarFunc$sts$sumfmt
1183402f   TSK_astarFunc$sts$avgfmt
11834039   IDL_busyObj$maxfmt
1183403c   IDL_busyObj$sumfmt
1183403f   IDL_busyObj$avgfmt
118343c8   _RTDX_Buffer_Start
118343cc   _RTDX_Buffer_End
118343d0   _rtdx_mon_state
11834414   _rtdx_buffer_state
11834420   _RTDX_writing
11834438   TSK_idle$stack
118347d0   TSK_idle$stkptr
11834844   TSK_idle
11834844   _TSK_idle
118348a4   TSK_ComWithLinux
118348a4   _TSK_ComWithLinux
11834904   TSK_LADAR
11834904   _TSK_LADAR
11834964   TSK_astarFunc
11834964   _TSK_astarFunc
118349b8   HST_A_TABBEG
118349b8   _HST_A_TABBEG
118349bc   RTA_fromHost
118349bc   _RTA_fromHost
118349c4   RTA_fromHost$rtdx
118349d8   RTA_toHost
118349d8   _RTA_toHost
118349e0   RTA_toHost$rtdx
118349f4   HST_A_TABEND
118349f4   _HST_A_TABEND
11834a00   trace$buf
11834c00   HWI_A_VECS
11834c00   hwi0
11834c20   hwi1
11834c40   hwi2
11834c60   hwi3
11834c80   hwi4
11834ca0   hwi5
11834cc0   hwi6
11834ce0   hwi7
11834d00   hwi8
11834d20   hwi9
11834d40   hwi10
11834d60   hwi11
11834d80   hwi12
11834da0   hwi13
11834dc0   hwi14
11834de0   hwi15
11834e00   __CIOBUF_
11834f20   RTA_toHost$buf
11835020   PRD_SWIHANDLE
11835020   PRD_swi
11835020   SWI_A_TABBEG
11835020   _PRD_swi
1183504c   KNL_swi
1183504c   _KNL_swi
11835078   SWI_LCD
11835078   _SWI_LCD
118350a4   SWI_RobotControl
118350a4   _SWI_RobotControl
118350d0   SWI_vision
118350d0   _SWI_vision
118350fc   PIP_A_TABBEG
118350fc   RTA_fromHost$pipe
118350fc   SWI_A_TABEND
118350fc   _PIP_A_TABBEG
11835100   RTA_fromHost$pipe$rd
1183512c   RTA_fromHost$pipe$aaa
11835130   RTA_fromHost$pipe$wr
1183515c   RTA_fromHost$pipe$bbb
11835160   RTA_toHost$pipe
11835164   RTA_toHost$pipe$rd
11835190   RTA_toHost$pipe$aaa
11835194   RTA_toHost$pipe$wr
118351c0   RTA_toHost$pipe$bbb
118351c4   PIP_A_TABEND
118351c4   _PIP_A_TABEND
118351c8   .data
118351c8   _HPisDP
118351c8   ___data__
11835228   _HPisdp
11835288   PRD_startMcBSP$sts$stsobj
11835288   STS_A_TABBEG
11835288   _STS_A_TABBEG
11835288   ___edata__
11835288   edata
1183528c   PRD_startMcBSP$sts
11835298   PRD_addtime$sts$stsobj
1183529c   PRD_addtime$sts
118352a8   PRD_swi$sts$stsobj
118352ac   PRD_swi$sts
118352b8   KNL_swi$sts$stsobj
118352bc   KNL_swi$sts
118352c8   SWI_LCD$sts$stsobj
118352cc   SWI_LCD$sts
118352d8   SWI_RobotControl$sts$stsobj
118352dc   SWI_RobotControl$sts
118352e8   SWI_vision$sts$stsobj
118352ec   SWI_vision$sts
118352f8   TSK_idle$sts$stsobj
118352fc   TSK_idle$sts
11835308   TSK_ComWithLinux$sts$stsobj
1183530c   TSK_ComWithLinux$sts
11835318   TSK_LADAR$sts$stsobj
1183531c   TSK_LADAR$sts
11835328   TSK_astarFunc$sts$stsobj
1183532c   TSK_astarFunc$sts
11835338   IDL_busyObj$stsobj
1183533c   IDL_busyObj
1183533c   _IDL_busyObj
11835348   STS_A_TABEND
11835348   _STS_A_TABEND
11835444   LOG_A_TABBEG
11835444   LOG_system
11835444   _LOG_A_TABBEG
11835444   _LOG_system
1183545c   _trace
1183545c   trace
11835474   LOG_A_TABEND
11835474   _LOG_A_TABEND
11835480   SEM_astar
11835480   _SEM_astar
28040d0c   HWI_INTRMUX3
c3000000   DDR$B
c3000000   _DDR_base
ffffffff   CACHE_L1D
ffffffff   CACHE_L1P
ffffffff   CACHE_L2
ffffffff   ECM_EVTMASK0
ffffffff   ECM_EVTMASK1
ffffffff   ECM_EVTMASK2
ffffffff   ECM_EVTMASK3
ffffffff   GBL_L2MAR192_223
ffffffff   L3_CBA_RAM
ffffffff   _CACHE_L1D
ffffffff   _CACHE_L1P
ffffffff   _CACHE_L2
ffffffff   _L3_CBA_RAM
ffffffff   ___TI_pprof_out_hndl
ffffffff   ___TI_prof_data_size
ffffffff   ___TI_prof_data_start
ffffffff   ___binit__
ffffffff   ___c_args__
ffffffff   binit

[1746 symbols]
