<?xml version="1.0"?>
<link_info>
   <banner>TMS320C6x Linker PC v7.4.22</banner>
   <copyright>Copyright (c) 1996-2017 Texas Instruments Incorporated</copyright>
   <link_time>0x5ad6650e</link_time>
   <output_file>Final_team5_V1.out</output_file>
   <entry_point>
      <name>_c_int00</name>
      <address>0x11826fa0</address>
   </entry_point>
   <input_file_list>
      <input_file id="fl-2">
         <path>.\</path>
         <kind>object</kind>
         <file>COECSL_edma3.obj</file>
         <name>COECSL_edma3.obj</name>
      </input_file>
      <input_file id="fl-3">
         <path>.\</path>
         <kind>object</kind>
         <file>COECSL_mcbsp.obj</file>
         <name>COECSL_mcbsp.obj</name>
      </input_file>
      <input_file id="fl-4">
         <path>.\</path>
         <kind>object</kind>
         <file>ColorLCD.obj</file>
         <name>ColorLCD.obj</name>
      </input_file>
      <input_file id="fl-5">
         <path>.\</path>
         <kind>object</kind>
         <file>ColorVision.obj</file>
         <name>ColorVision.obj</name>
      </input_file>
      <input_file id="fl-6">
         <path>.\</path>
         <kind>object</kind>
         <file>Final_team5_V1cfg.obj</file>
         <name>Final_team5_V1cfg.obj</name>
      </input_file>
      <input_file id="fl-7">
         <path>.\</path>
         <kind>object</kind>
         <file>Final_team5_V1cfg_c.obj</file>
         <name>Final_team5_V1cfg_c.obj</name>
      </input_file>
      <input_file id="fl-8">
         <path>.\</path>
         <kind>object</kind>
         <file>LCDprintf.obj</file>
         <name>LCDprintf.obj</name>
      </input_file>
      <input_file id="fl-9">
         <path>.\</path>
         <kind>object</kind>
         <file>Ladar.obj</file>
         <name>Ladar.obj</name>
      </input_file>
      <input_file id="fl-a">
         <path>.\</path>
         <kind>object</kind>
         <file>MatrixMath.obj</file>
         <name>MatrixMath.obj</name>
      </input_file>
      <input_file id="fl-b">
         <path>.\</path>
         <kind>object</kind>
         <file>pru.obj</file>
         <name>pru.obj</name>
      </input_file>
      <input_file id="fl-c">
         <path>.\</path>
         <kind>object</kind>
         <file>user_Final_team5_V1.obj</file>
         <name>user_Final_team5_V1.obj</name>
      </input_file>
      <input_file id="fl-d">
         <path>.\</path>
         <kind>object</kind>
         <file>user_xy.obj</file>
         <name>user_xy.obj</name>
      </input_file>
      <input_file id="fl-92">
         <path>C:\CCStudio_v7\bios_5_42_02_10\packages\ti\bios\lib\</path>
         <kind>archive</kind>
         <file>bios.a674</file>
         <name>biosdata.o674</name>
      </input_file>
      <input_file id="fl-93">
         <path>C:\CCStudio_v7\bios_5_42_02_10\packages\ti\bios\lib\</path>
         <kind>archive</kind>
         <file>bios.a674</file>
         <name>hwi_disp_asm.o674</name>
      </input_file>
      <input_file id="fl-94">
         <path>C:\CCStudio_v7\bios_5_42_02_10\packages\ti\bios\lib\</path>
         <kind>archive</kind>
         <file>bios.a674</file>
         <name>idl_stub.o674</name>
      </input_file>
      <input_file id="fl-95">
         <path>C:\CCStudio_v7\bios_5_42_02_10\packages\ti\bios\lib\</path>
         <kind>archive</kind>
         <file>lnkrtdx.a674</file>
         <name>rtdx.o674</name>
      </input_file>
      <input_file id="fl-96">
         <path>C:\CCStudio_v7\bios_5_42_02_10\packages\ti\bios\lib\</path>
         <kind>archive</kind>
         <file>bios.a674</file>
         <name>swi.o674</name>
      </input_file>
      <input_file id="fl-97">
         <path>C:\CCStudio_v7\bios_5_42_02_10\packages\ti\bios\lib\</path>
         <kind>archive</kind>
         <file>bios6748.a674</file>
         <name>bcache_init.o674</name>
      </input_file>
      <input_file id="fl-98">
         <path>C:\CCStudio_v7\bios_5_42_02_10\packages\ti\bios\lib\</path>
         <kind>archive</kind>
         <file>bios6748.a674</file>
         <name>clk_gethtime.o674</name>
      </input_file>
      <input_file id="fl-99">
         <path>C:\CCStudio_v7\bios_5_42_02_10\packages\ti\bios\lib\</path>
         <kind>archive</kind>
         <file>bios.a674</file>
         <name>fxn_c.o674</name>
      </input_file>
      <input_file id="fl-9a">
         <path>C:\CCStudio_v7\bios_5_42_02_10\packages\ti\bios\lib\</path>
         <kind>archive</kind>
         <file>bios.a674</file>
         <name>knl_tick.o674</name>
      </input_file>
      <input_file id="fl-9b">
         <path>C:\CCStudio_v7\bios_5_42_02_10\packages\ti\bios\lib\</path>
         <kind>archive</kind>
         <file>bios.a674</file>
         <name>utl_doab.o674</name>
      </input_file>
      <input_file id="fl-9c">
         <path>C:\CCStudio_v7\bios_5_42_02_10\packages\ti\bios\lib\</path>
         <kind>archive</kind>
         <file>bios.a674</file>
         <name>utl_doer.o674</name>
      </input_file>
      <input_file id="fl-9d">
         <path>C:\CCStudio_v7\bios_5_42_02_10\packages\ti\bios\lib\</path>
         <kind>archive</kind>
         <file>bios.a674</file>
         <name>utl_putc.o674</name>
      </input_file>
      <input_file id="fl-9e">
         <path>C:\CCStudio_v7\bios_5_42_02_10\packages\ti\bios\lib\</path>
         <kind>archive</kind>
         <file>bios.a674</file>
         <name>utl_halt.o674</name>
      </input_file>
      <input_file id="fl-9f">
         <path>C:\CCStudio_v7\bios_5_42_02_10\packages\ti\bios\lib\</path>
         <kind>archive</kind>
         <file>bios6748.a674</file>
         <name>clk.o674</name>
      </input_file>
      <input_file id="fl-a0">
         <path>C:\CCStudio_v7\bios_5_42_02_10\packages\ti\bios\lib\</path>
         <kind>archive</kind>
         <file>bios.a674</file>
         <name>fxn.o674</name>
      </input_file>
      <input_file id="fl-a1">
         <path>C:\CCStudio_v7\bios_5_42_02_10\packages\ti\bios\lib\</path>
         <kind>archive</kind>
         <file>bios.a674</file>
         <name>boot.o674</name>
      </input_file>
      <input_file id="fl-a2">
         <path>C:\CCStudio_v7\bios_5_42_02_10\packages\ti\bios\lib\</path>
         <kind>archive</kind>
         <file>bios.a674</file>
         <name>trc.o674</name>
      </input_file>
      <input_file id="fl-a3">
         <path>C:\CCStudio_v7\bios_5_42_02_10\packages\ti\bios\lib\</path>
         <kind>archive</kind>
         <file>bios.a674</file>
         <name>hwi.o674</name>
      </input_file>
      <input_file id="fl-a4">
         <path>C:\CCStudio_v7\bios_5_42_02_10\packages\ti\bios\lib\</path>
         <kind>archive</kind>
         <file>bios.a674</file>
         <name>idl_busy.o674</name>
      </input_file>
      <input_file id="fl-a5">
         <path>C:\CCStudio_v7\bios_5_42_02_10\packages\ti\bios\lib\</path>
         <kind>archive</kind>
         <file>bios6748.a674</file>
         <name>idl_cal.o674</name>
      </input_file>
      <input_file id="fl-a6">
         <path>C:\CCStudio_v7\bios_5_42_02_10\packages\ti\bios\lib\</path>
         <kind>archive</kind>
         <file>bios.a674</file>
         <name>idl.o674</name>
      </input_file>
      <input_file id="fl-a7">
         <path>C:\CCStudio_v7\bios_5_42_02_10\packages\ti\bios\lib\</path>
         <kind>archive</kind>
         <file>bios.a674</file>
         <name>knl_swit.o674</name>
      </input_file>
      <input_file id="fl-a8">
         <path>C:\CCStudio_v7\bios_5_42_02_10\packages\ti\bios\lib\</path>
         <kind>archive</kind>
         <file>bios.a674</file>
         <name>log.o674</name>
      </input_file>
      <input_file id="fl-a9">
         <path>C:\CCStudio_v7\bios_5_42_02_10\packages\ti\bios\lib\</path>
         <kind>archive</kind>
         <file>bios.a674</file>
         <name>pip.o674</name>
      </input_file>
      <input_file id="fl-aa">
         <path>C:\CCStudio_v7\bios_5_42_02_10\packages\ti\bios\lib\</path>
         <kind>archive</kind>
         <file>bios.a674</file>
         <name>prd.o674</name>
      </input_file>
      <input_file id="fl-ab">
         <path>C:\CCStudio_v7\bios_5_42_02_10\packages\ti\bios\lib\</path>
         <kind>archive</kind>
         <file>bios.a674</file>
         <name>rta.o674</name>
      </input_file>
      <input_file id="fl-ac">
         <path>C:\CCStudio_v7\bios_5_42_02_10\packages\ti\bios\lib\</path>
         <kind>archive</kind>
         <file>bios.a674</file>
         <name>rta_andn.o674</name>
      </input_file>
      <input_file id="fl-ad">
         <path>C:\CCStudio_v7\bios_5_42_02_10\packages\ti\bios\lib\</path>
         <kind>archive</kind>
         <file>bios.a674</file>
         <name>sts.o674</name>
      </input_file>
      <input_file id="fl-ae">
         <path>C:\CCStudio_v7\bios_5_42_02_10\packages\ti\bios\lib\</path>
         <kind>archive</kind>
         <file>bios6748.a674</file>
         <name>bcache_block.o674</name>
      </input_file>
      <input_file id="fl-af">
         <path>C:\CCStudio_v7\bios_5_42_02_10\packages\ti\bios\lib\</path>
         <kind>archive</kind>
         <file>bios6748.a674</file>
         <name>bcache_wait.o674</name>
      </input_file>
      <input_file id="fl-b0">
         <path>C:\CCStudio_v7\bios_5_42_02_10\packages\ti\bios\lib\</path>
         <kind>archive</kind>
         <file>bios.a674</file>
         <name>clk_data.o674</name>
      </input_file>
      <input_file id="fl-b1">
         <path>C:\CCStudio_v7\bios_5_42_02_10\packages\ti\bios\lib\</path>
         <kind>archive</kind>
         <file>bios.a674</file>
         <name>clk_getltime.o674</name>
      </input_file>
      <input_file id="fl-b2">
         <path>C:\CCStudio_v7\bios_5_42_02_10\packages\ti\bios\lib\</path>
         <kind>archive</kind>
         <file>bios.a674</file>
         <name>clk_data2.o674</name>
      </input_file>
      <input_file id="fl-b3">
         <path>C:\CCStudio_v7\bios_5_42_02_10\packages\ti\bios\lib\</path>
         <kind>archive</kind>
         <file>bios6748.a674</file>
         <name>clk_data.o674</name>
      </input_file>
      <input_file id="fl-b4">
         <path>C:\CCStudio_v7\bios_5_42_02_10\packages\ti\bios\lib\</path>
         <kind>archive</kind>
         <file>bios6748.a674</file>
         <name>clk_meas.o674</name>
      </input_file>
      <input_file id="fl-b5">
         <path>C:\Team_5\_shared\bsl\lib\</path>
         <kind>archive</kind>
         <file>evmomapl138_bsl.lib</file>
         <name>evmomapl138.obj</name>
      </input_file>
      <input_file id="fl-b6">
         <path>C:\CCStudio_v7\bios_5_42_02_10\packages\ti\bios\lib\</path>
         <kind>archive</kind>
         <file>bios.a674</file>
         <name>exc_asm.o674</name>
      </input_file>
      <input_file id="fl-b7">
         <path>C:\CCStudio_v7\bios_5_42_02_10\packages\ti\bios\lib\</path>
         <kind>archive</kind>
         <file>bios.a674</file>
         <name>exc.o674</name>
      </input_file>
      <input_file id="fl-b8">
         <path>C:\CCStudio_v7\bios_5_42_02_10\packages\ti\bios\lib\</path>
         <kind>archive</kind>
         <file>bios.a674</file>
         <name>gbl_cacheinit64P.o674</name>
      </input_file>
      <input_file id="fl-b9">
         <path>C:\CCStudio_v7\bios_5_42_02_10\packages\ti\bios\lib\</path>
         <kind>archive</kind>
         <file>bios.a674</file>
         <name>gbl_vers.o674</name>
      </input_file>
      <input_file id="fl-ba">
         <path>C:\Team_5\_shared\bsl\lib\</path>
         <kind>archive</kind>
         <file>evmomapl138_bsl.lib</file>
         <name>evmomapl138_gpio.obj</name>
      </input_file>
      <input_file id="fl-bb">
         <path>C:\CCStudio_v7\bios_5_42_02_10\packages\ti\rtdx\lib\c6000\</path>
         <kind>archive</kind>
         <file>rtdx64xplus.lib</file>
         <name>rtdx_mon.o64P</name>
      </input_file>
      <input_file id="fl-bc">
         <path>C:\CCStudio_v7\bios_5_42_02_10\packages\ti\bios\lib\</path>
         <kind>archive</kind>
         <file>bios.a674</file>
         <name>hwi_c.o674</name>
      </input_file>
      <input_file id="fl-bd">
         <path>C:\Team_5\_shared\bsl\lib\</path>
         <kind>archive</kind>
         <file>evmomapl138_bsl.lib</file>
         <name>evmomapl138_i2c_gpio.obj</name>
      </input_file>
      <input_file id="fl-be">
         <path>C:\Team_5\_shared\bsl\lib\</path>
         <kind>archive</kind>
         <file>evmomapl138_bsl.lib</file>
         <name>evmomapl138_i2c.obj</name>
      </input_file>
      <input_file id="fl-bf">
         <path>C:\CCStudio_v7\bios_5_42_02_10\packages\ti\bios\lib\</path>
         <kind>archive</kind>
         <file>bios.a674</file>
         <name>knl.o674</name>
      </input_file>
      <input_file id="fl-c0">
         <path>C:\CCStudio_v7\bios_5_42_02_10\packages\ti\bios\lib\</path>
         <kind>archive</kind>
         <file>bios.a674</file>
         <name>knl_exit.o674</name>
      </input_file>
      <input_file id="fl-c1">
         <path>C:\CCStudio_v7\bios_5_42_02_10\packages\ti\bios\lib\</path>
         <kind>archive</kind>
         <file>bios.a674</file>
         <name>knl_chec.o674</name>
      </input_file>
      <input_file id="fl-c2">
         <path>C:\CCStudio_v7\bios_5_42_02_10\packages\ti\bios\lib\</path>
         <kind>archive</kind>
         <file>bios.a674</file>
         <name>knl_post.o674</name>
      </input_file>
      <input_file id="fl-c3">
         <path>C:\CCStudio_v7\bios_5_42_02_10\packages\ti\bios\lib\</path>
         <kind>archive</kind>
         <file>bios.a674</file>
         <name>knl_ipos.o674</name>
      </input_file>
      <input_file id="fl-c4">
         <path>C:\CCStudio_v7\bios_5_42_02_10\packages\ti\bios\lib\</path>
         <kind>archive</kind>
         <file>bios.a674</file>
         <name>knl_run.o674</name>
      </input_file>
      <input_file id="fl-c5">
         <path>C:\CCStudio_v7\bios_5_42_02_10\packages\ti\bios\lib\</path>
         <kind>archive</kind>
         <file>bios.a674</file>
         <name>mem_asm.o674</name>
      </input_file>
      <input_file id="fl-c6">
         <path>C:\CCStudio_v7\bios_5_42_02_10\packages\ti\bios\lib\</path>
         <kind>archive</kind>
         <file>bios.a674</file>
         <name>mem_init.o674</name>
      </input_file>
      <input_file id="fl-c7">
         <path>C:\CCStudio_v7\bios_5_42_02_10\packages\ti\bios\lib\</path>
         <kind>archive</kind>
         <file>bios.a674</file>
         <name>obj_init.o674</name>
      </input_file>
      <input_file id="fl-c8">
         <path>C:\CCStudio_v7\bios_5_42_02_10\packages\ti\rtdx\lib\c6000\</path>
         <kind>archive</kind>
         <file>rtdx64xplus.lib</file>
         <name>buffer2.o64P</name>
      </input_file>
      <input_file id="fl-c9">
         <path>C:\CCStudio_v7\bios_5_42_02_10\packages\ti\rtdx\lib\c6000\</path>
         <kind>archive</kind>
         <file>rtdx64xplus.lib</file>
         <name>buffer1.o64P</name>
      </input_file>
      <input_file id="fl-ca">
         <path>C:\CCStudio_v7\bios_5_42_02_10\packages\ti\rtdx\lib\c6000\</path>
         <kind>archive</kind>
         <file>rtdx64xplus.lib</file>
         <name>intr_tgt.o64P</name>
      </input_file>
      <input_file id="fl-cb">
         <path>C:\CCStudio_v7\bios_5_42_02_10\packages\ti\rtdx\lib\c6000\</path>
         <kind>archive</kind>
         <file>rtdx64xplus.lib</file>
         <name>memfill.o64P</name>
      </input_file>
      <input_file id="fl-cc">
         <path>C:\CCStudio_v7\bios_5_42_02_10\packages\ti\bios\lib\</path>
         <kind>archive</kind>
         <file>bios.a674</file>
         <name>sem_pend_counting.o674</name>
      </input_file>
      <input_file id="fl-cd">
         <path>C:\CCStudio_v7\bios_5_42_02_10\packages\ti\bios\lib\</path>
         <kind>archive</kind>
         <file>bios.a674</file>
         <name>sem_pend.o674</name>
      </input_file>
      <input_file id="fl-ce">
         <path>C:\Team_5\_shared\bsl\lib\</path>
         <kind>archive</kind>
         <file>evmomapl138_bsl.lib</file>
         <name>evmomapl138_spi.obj</name>
      </input_file>
      <input_file id="fl-cf">
         <path>C:\CCStudio_v7\bios_5_42_02_10\packages\ti\bios\lib\</path>
         <kind>archive</kind>
         <file>bios.a674</file>
         <name>sts_set.o674</name>
      </input_file>
      <input_file id="fl-d0">
         <path>C:\CCStudio_v7\bios_5_42_02_10\packages\ti\bios\lib\</path>
         <kind>archive</kind>
         <file>bios.a674</file>
         <name>sys_abor.o674</name>
      </input_file>
      <input_file id="fl-d1">
         <path>C:\CCStudio_v7\bios_5_42_02_10\packages\ti\bios\lib\</path>
         <kind>archive</kind>
         <file>bios.a674</file>
         <name>tsk.o674</name>
      </input_file>
      <input_file id="fl-d2">
         <path>C:\CCStudio_v7\bios_5_42_02_10\packages\ti\bios\lib\</path>
         <kind>archive</kind>
         <file>bios.a674</file>
         <name>tsk_exit.o674</name>
      </input_file>
      <input_file id="fl-d3">
         <path>C:\CCStudio_v7\bios_5_42_02_10\packages\ti\bios\lib\</path>
         <kind>archive</kind>
         <file>bios.a674</file>
         <name>sys_exit.o674</name>
      </input_file>
      <input_file id="fl-d4">
         <path>C:\CCStudio_v7\bios_5_42_02_10\packages\ti\bios\lib\</path>
         <kind>archive</kind>
         <file>bios.a674</file>
         <name>sys.o674</name>
      </input_file>
      <input_file id="fl-d5">
         <path>C:\CCStudio_v7\bios_5_42_02_10\packages\ti\bios\lib\</path>
         <kind>archive</kind>
         <file>bios.a674</file>
         <name>tsk_init.o674</name>
      </input_file>
      <input_file id="fl-d6">
         <path>C:\CCStudio_v7\bios_5_42_02_10\packages\ti\bios\lib\</path>
         <kind>archive</kind>
         <file>bios.a674</file>
         <name>tsk_setu.o674</name>
      </input_file>
      <input_file id="fl-d7">
         <path>C:\CCStudio_v7\bios_5_42_02_10\packages\ti\bios\lib\</path>
         <kind>archive</kind>
         <file>bios.a674</file>
         <name>tsk_stup.o674</name>
      </input_file>
      <input_file id="fl-d8">
         <path>C:\CCStudio_v7\bios_5_42_02_10\packages\ti\bios\lib\</path>
         <kind>archive</kind>
         <file>bios.a674</file>
         <name>lck.o674</name>
      </input_file>
      <input_file id="fl-d9">
         <path>C:\CCStudio_v7\bios_5_42_02_10\packages\ti\bios\lib\</path>
         <kind>archive</kind>
         <file>bios.a674</file>
         <name>sem_post_asm.o674</name>
      </input_file>
      <input_file id="fl-da">
         <path>C:\CCStudio_v7\bios_5_42_02_10\packages\ti\bios\lib\</path>
         <kind>archive</kind>
         <file>bios.a674</file>
         <name>sem_post.o674</name>
      </input_file>
      <input_file id="fl-db">
         <path>C:\Team_5\_shared\bsl\lib\</path>
         <kind>archive</kind>
         <file>evmomapl138_bsl.lib</file>
         <name>evmomapl138_uart.obj</name>
      </input_file>
      <input_file id="fl-dc">
         <path>C:\Team_5\_shared\bsl\lib\</path>
         <kind>archive</kind>
         <file>evmomapl138_bsl.lib</file>
         <name>evmomapl138_timer.obj</name>
      </input_file>
      <input_file id="fl-dd">
         <path>C:\Team_5\_shared\bsl\lib\</path>
         <kind>archive</kind>
         <file>evmomapl138_bsl.lib</file>
         <name>evmomapl138_vpif.obj</name>
      </input_file>
      <input_file id="fl-de">
         <path>C:\CCStudio_v7\bios_5_42_02_10\packages\ti\bios\lib\</path>
         <kind>archive</kind>
         <file>bios.a674</file>
         <name>sem_dopo.o674</name>
      </input_file>
      <input_file id="fl-df">
         <path>C:\CCStudio_v7\bios_5_42_02_10\packages\ti\bios\lib\</path>
         <kind>archive</kind>
         <file>bios.a674</file>
         <name>autoinit.o674</name>
      </input_file>
      <input_file id="fl-e0">
         <path>C:\Team_5\_shared\c67xmathlib_2_01_00_00\lib\</path>
         <kind>archive</kind>
         <file>c674xfastMath.lib</file>
         <name>divdp.obj</name>
      </input_file>
      <input_file id="fl-e1">
         <path>C:\Team_5\_shared\c67xmathlib_2_01_00_00\lib\</path>
         <kind>archive</kind>
         <file>c674xfastMath.lib</file>
         <name>divsp.obj</name>
      </input_file>
      <input_file id="fl-e2">
         <path>C:\CCStudio_v7\ccsv7\tools\compiler\c6000_7.4.22\lib\</path>
         <kind>archive</kind>
         <file>rts6740.lib</file>
         <name>divi.obj</name>
      </input_file>
      <input_file id="fl-e3">
         <path>C:\CCStudio_v7\ccsv7\tools\compiler\c6000_7.4.22\lib\</path>
         <kind>archive</kind>
         <file>rts6740.lib</file>
         <name>divu.obj</name>
      </input_file>
      <input_file id="fl-e4">
         <path>C:\CCStudio_v7\ccsv7\tools\compiler\c6000_7.4.22\lib\</path>
         <kind>archive</kind>
         <file>rts6740.lib</file>
         <name>_lock.obj</name>
      </input_file>
      <input_file id="fl-e5">
         <path>C:\CCStudio_v7\ccsv7\tools\compiler\c6000_7.4.22\lib\</path>
         <kind>archive</kind>
         <file>rts6740.lib</file>
         <name>remi.obj</name>
      </input_file>
      <input_file id="fl-e6">
         <path>C:\CCStudio_v7\ccsv7\tools\compiler\c6000_7.4.22\lib\</path>
         <kind>archive</kind>
         <file>rts6740.lib</file>
         <name>imath40.obj</name>
      </input_file>
      <input_file id="fl-e7">
         <path>C:\Team_5\_shared\c67xmathlib_2_01_00_00\lib\</path>
         <kind>archive</kind>
         <file>c674xfastMath.lib</file>
         <name>atan2sp.obj</name>
      </input_file>
      <input_file id="fl-e8">
         <path>C:\CCStudio_v7\ccsv7\tools\compiler\c6000_7.4.22\lib\</path>
         <kind>archive</kind>
         <file>rts6740.lib</file>
         <name>atexit.obj</name>
      </input_file>
      <input_file id="fl-e9">
         <path>C:\CCStudio_v7\ccsv7\tools\compiler\c6000_7.4.22\lib\</path>
         <kind>archive</kind>
         <file>rts6740.lib</file>
         <name>sinit.obj</name>
      </input_file>
      <input_file id="fl-ea">
         <path>C:\CCStudio_v7\ccsv7\tools\compiler\c6000_7.4.22\lib\</path>
         <kind>archive</kind>
         <file>rts6740.lib</file>
         <name>exit.obj</name>
      </input_file>
      <input_file id="fl-eb">
         <path>C:\CCStudio_v7\ccsv7\tools\compiler\c6000_7.4.22\lib\</path>
         <kind>archive</kind>
         <file>rts6740.lib</file>
         <name>atoi.obj</name>
      </input_file>
      <input_file id="fl-ec">
         <path>C:\CCStudio_v7\ccsv7\tools\compiler\c6000_7.4.22\lib\</path>
         <kind>archive</kind>
         <file>rts6740.lib</file>
         <name>ctype.obj</name>
      </input_file>
      <input_file id="fl-ed">
         <path>C:\Team_5\_shared\c67xmathlib_2_01_00_00\lib\</path>
         <kind>archive</kind>
         <file>c674xfastMath.lib</file>
         <name>cosdp.obj</name>
      </input_file>
      <input_file id="fl-ee">
         <path>C:\Team_5\_shared\c67xmathlib_2_01_00_00\lib\</path>
         <kind>archive</kind>
         <file>c674xfastMath.lib</file>
         <name>cossp.obj</name>
      </input_file>
      <input_file id="fl-ef">
         <path>C:\CCStudio_v7\ccsv7\tools\compiler\c6000_7.4.22\lib\</path>
         <kind>archive</kind>
         <file>rts6740.lib</file>
         <name>errno.obj</name>
      </input_file>
      <input_file id="fl-f0">
         <path>C:\CCStudio_v7\ccsv7\tools\compiler\c6000_7.4.22\lib\</path>
         <kind>archive</kind>
         <file>rts6740.lib</file>
         <name>fmodf.obj</name>
      </input_file>
      <input_file id="fl-f1">
         <path>C:\CCStudio_v7\ccsv7\tools\compiler\c6000_7.4.22\lib\</path>
         <kind>archive</kind>
         <file>rts6740.lib</file>
         <name>roundf.obj</name>
      </input_file>
      <input_file id="fl-f2">
         <path>C:\CCStudio_v7\ccsv7\tools\compiler\c6000_7.4.22\lib\</path>
         <kind>archive</kind>
         <file>rts6740.lib</file>
         <name>truncf.obj</name>
      </input_file>
      <input_file id="fl-f3">
         <path>C:\CCStudio_v7\ccsv7\tools\compiler\c6000_7.4.22\lib\</path>
         <kind>archive</kind>
         <file>rts6740.lib</file>
         <name>frexpf.obj</name>
      </input_file>
      <input_file id="fl-f4">
         <path>C:\CCStudio_v7\ccsv7\tools\compiler\c6000_7.4.22\lib\</path>
         <kind>archive</kind>
         <file>rts6740.lib</file>
         <name>ldexpf.obj</name>
      </input_file>
      <input_file id="fl-f5">
         <path>C:\CCStudio_v7\ccsv7\tools\compiler\c6000_7.4.22\lib\</path>
         <kind>archive</kind>
         <file>rts6740.lib</file>
         <name>memcpy64.obj</name>
      </input_file>
      <input_file id="fl-f6">
         <path>C:\CCStudio_v7\ccsv7\tools\compiler\c6000_7.4.22\lib\</path>
         <kind>archive</kind>
         <file>rts6740.lib</file>
         <name>modff.obj</name>
      </input_file>
      <input_file id="fl-f7">
         <path>C:\CCStudio_v7\ccsv7\tools\compiler\c6000_7.4.22\lib\</path>
         <kind>archive</kind>
         <file>rts6740.lib</file>
         <name>printf.obj</name>
      </input_file>
      <input_file id="fl-f8">
         <path>C:\CCStudio_v7\ccsv7\tools\compiler\c6000_7.4.22\lib\</path>
         <kind>archive</kind>
         <file>rts6740.lib</file>
         <name>defs.obj</name>
      </input_file>
      <input_file id="fl-f9">
         <path>C:\CCStudio_v7\ccsv7\tools\compiler\c6000_7.4.22\lib\</path>
         <kind>archive</kind>
         <file>rts6740.lib</file>
         <name>_printfi.obj</name>
      </input_file>
      <input_file id="fl-fa">
         <path>C:\CCStudio_v7\ccsv7\tools\compiler\c6000_7.4.22\lib\</path>
         <kind>archive</kind>
         <file>rts6740.lib</file>
         <name>isinf.obj</name>
      </input_file>
      <input_file id="fl-fb">
         <path>C:\CCStudio_v7\ccsv7\tools\compiler\c6000_7.4.22\lib\</path>
         <kind>archive</kind>
         <file>rts6740.lib</file>
         <name>imath64.obj</name>
      </input_file>
      <input_file id="fl-fc">
         <path>C:\CCStudio_v7\ccsv7\tools\compiler\c6000_7.4.22\lib\</path>
         <kind>archive</kind>
         <file>rts6740.lib</file>
         <name>fixdli.obj</name>
      </input_file>
      <input_file id="fl-fd">
         <path>C:\CCStudio_v7\ccsv7\tools\compiler\c6000_7.4.22\lib\</path>
         <kind>archive</kind>
         <file>rts6740.lib</file>
         <name>fltlid.obj</name>
      </input_file>
      <input_file id="fl-fe">
         <path>C:\CCStudio_v7\ccsv7\tools\compiler\c6000_7.4.22\lib\</path>
         <kind>archive</kind>
         <file>rts6740.lib</file>
         <name>llshift.obj</name>
      </input_file>
      <input_file id="fl-ff">
         <path>C:\CCStudio_v7\ccsv7\tools\compiler\c6000_7.4.22\lib\</path>
         <kind>archive</kind>
         <file>rts6740.lib</file>
         <name>negll.obj</name>
      </input_file>
      <input_file id="fl-100">
         <path>C:\CCStudio_v7\ccsv7\tools\compiler\c6000_7.4.22\lib\</path>
         <kind>archive</kind>
         <file>rts6740.lib</file>
         <name>fputc.obj</name>
      </input_file>
      <input_file id="fl-101">
         <path>C:\CCStudio_v7\ccsv7\tools\compiler\c6000_7.4.22\lib\</path>
         <kind>archive</kind>
         <file>rts6740.lib</file>
         <name>fflush.obj</name>
      </input_file>
      <input_file id="fl-102">
         <path>C:\CCStudio_v7\ccsv7\tools\compiler\c6000_7.4.22\lib\</path>
         <kind>archive</kind>
         <file>rts6740.lib</file>
         <name>_io_perm.obj</name>
      </input_file>
      <input_file id="fl-103">
         <path>C:\CCStudio_v7\ccsv7\tools\compiler\c6000_7.4.22\lib\</path>
         <kind>archive</kind>
         <file>rts6740.lib</file>
         <name>fputs.obj</name>
      </input_file>
      <input_file id="fl-104">
         <path>C:\CCStudio_v7\ccsv7\tools\compiler\c6000_7.4.22\lib\</path>
         <kind>archive</kind>
         <file>rts6740.lib</file>
         <name>fseek.obj</name>
      </input_file>
      <input_file id="fl-105">
         <path>C:\CCStudio_v7\ccsv7\tools\compiler\c6000_7.4.22\lib\</path>
         <kind>archive</kind>
         <file>rts6740.lib</file>
         <name>abs.obj</name>
      </input_file>
      <input_file id="fl-106">
         <path>C:\CCStudio_v7\ccsv7\tools\compiler\c6000_7.4.22\lib\</path>
         <kind>archive</kind>
         <file>rts6740.lib</file>
         <name>lowlev.obj</name>
      </input_file>
      <input_file id="fl-107">
         <path>C:\CCStudio_v7\ccsv7\tools\compiler\c6000_7.4.22\lib\</path>
         <kind>archive</kind>
         <file>rts6740.lib</file>
         <name>trgdrv.obj</name>
      </input_file>
      <input_file id="fl-108">
         <path>C:\CCStudio_v7\ccsv7\tools\compiler\c6000_7.4.22\lib\</path>
         <kind>archive</kind>
         <file>rts6740.lib</file>
         <name>ltoa.obj</name>
      </input_file>
      <input_file id="fl-109">
         <path>C:\CCStudio_v7\ccsv7\tools\compiler\c6000_7.4.22\lib\</path>
         <kind>archive</kind>
         <file>rts6740.lib</file>
         <name>memccpy.obj</name>
      </input_file>
      <input_file id="fl-10a">
         <path>C:\CCStudio_v7\ccsv7\tools\compiler\c6000_7.4.22\lib\</path>
         <kind>archive</kind>
         <file>rts6740.lib</file>
         <name>memset.obj</name>
      </input_file>
      <input_file id="fl-10b">
         <path>C:\CCStudio_v7\ccsv7\tools\compiler\c6000_7.4.22\lib\</path>
         <kind>archive</kind>
         <file>rts6740.lib</file>
         <name>trgmsg.obj</name>
      </input_file>
      <input_file id="fl-10c">
         <path>C:\CCStudio_v7\ccsv7\tools\compiler\c6000_7.4.22\lib\</path>
         <kind>archive</kind>
         <file>rts6740.lib</file>
         <name>setvbuf.obj</name>
      </input_file>
      <input_file id="fl-10d">
         <path>C:\CCStudio_v7\ccsv7\tools\compiler\c6000_7.4.22\lib\</path>
         <kind>archive</kind>
         <file>rts6740.lib</file>
         <name>fopen.obj</name>
      </input_file>
      <input_file id="fl-10e">
         <path>C:\CCStudio_v7\ccsv7\tools\compiler\c6000_7.4.22\lib\</path>
         <kind>archive</kind>
         <file>rts6740.lib</file>
         <name>fclose.obj</name>
      </input_file>
      <input_file id="fl-10f">
         <path>C:\CCStudio_v7\bios_5_42_02_10\packages\ti\bios\lib\</path>
         <kind>archive</kind>
         <file>bios.a674</file>
         <name>malloc.o674</name>
      </input_file>
      <input_file id="fl-110">
         <path>C:\CCStudio_v7\bios_5_42_02_10\packages\ti\bios\lib\</path>
         <kind>archive</kind>
         <file>bios.a674</file>
         <name>mem_allo.o674</name>
      </input_file>
      <input_file id="fl-111">
         <path>C:\CCStudio_v7\bios_5_42_02_10\packages\ti\bios\lib\</path>
         <kind>archive</kind>
         <file>bios.a674</file>
         <name>mem_free.o674</name>
      </input_file>
      <input_file id="fl-112">
         <path>C:\CCStudio_v7\bios_5_42_02_10\packages\ti\bios\lib\</path>
         <kind>archive</kind>
         <file>bios.a674</file>
         <name>sys_erro.o674</name>
      </input_file>
      <input_file id="fl-113">
         <path>C:\CCStudio_v7\ccsv7\tools\compiler\c6000_7.4.22\lib\</path>
         <kind>archive</kind>
         <file>rts6740.lib</file>
         <name>remove.obj</name>
      </input_file>
      <input_file id="fl-114">
         <path>C:\Team_5\_shared\c67xmathlib_2_01_00_00\lib\</path>
         <kind>archive</kind>
         <file>c674xfastMath.lib</file>
         <name>sindp.obj</name>
      </input_file>
      <input_file id="fl-115">
         <path>C:\Team_5\_shared\c67xmathlib_2_01_00_00\lib\</path>
         <kind>archive</kind>
         <file>c674xfastMath.lib</file>
         <name>sinsp.obj</name>
      </input_file>
      <input_file id="fl-116">
         <path>C:\CCStudio_v7\ccsv7\tools\compiler\c6000_7.4.22\lib\</path>
         <kind>archive</kind>
         <file>rts6740.lib</file>
         <name>sprintf.obj</name>
      </input_file>
      <input_file id="fl-117">
         <path>C:\Team_5\_shared\c67xmathlib_2_01_00_00\lib\</path>
         <kind>archive</kind>
         <file>c674xfastMath.lib</file>
         <name>sqrtsp.obj</name>
      </input_file>
      <input_file id="fl-118">
         <path>C:\CCStudio_v7\ccsv7\tools\compiler\c6000_7.4.22\lib\</path>
         <kind>archive</kind>
         <file>rts6740.lib</file>
         <name>sscanf.obj</name>
      </input_file>
      <input_file id="fl-119">
         <path>C:\CCStudio_v7\ccsv7\tools\compiler\c6000_7.4.22\lib\</path>
         <kind>archive</kind>
         <file>rts6740.lib</file>
         <name>_scanfi.obj</name>
      </input_file>
      <input_file id="fl-11a">
         <path>C:\CCStudio_v7\ccsv7\tools\compiler\c6000_7.4.22\lib\</path>
         <kind>archive</kind>
         <file>rts6740.lib</file>
         <name>strtod.obj</name>
      </input_file>
      <input_file id="fl-11b">
         <path>C:\CCStudio_v7\ccsv7\tools\compiler\c6000_7.4.22\lib\</path>
         <kind>archive</kind>
         <file>rts6740.lib</file>
         <name>strtol.obj</name>
      </input_file>
      <input_file id="fl-11c">
         <path>C:\CCStudio_v7\ccsv7\tools\compiler\c6000_7.4.22\lib\</path>
         <kind>archive</kind>
         <file>rts6740.lib</file>
         <name>strtold.obj</name>
      </input_file>
      <input_file id="fl-11d">
         <path>C:\CCStudio_v7\ccsv7\tools\compiler\c6000_7.4.22\lib\</path>
         <kind>archive</kind>
         <file>rts6740.lib</file>
         <name>strtoll.obj</name>
      </input_file>
      <input_file id="fl-11e">
         <path>C:\CCStudio_v7\ccsv7\tools\compiler\c6000_7.4.22\lib\</path>
         <kind>archive</kind>
         <file>rts6740.lib</file>
         <name>strtoul.obj</name>
      </input_file>
      <input_file id="fl-11f">
         <path>C:\CCStudio_v7\ccsv7\tools\compiler\c6000_7.4.22\lib\</path>
         <kind>archive</kind>
         <file>rts6740.lib</file>
         <name>strtoull.obj</name>
      </input_file>
      <input_file id="fl-120">
         <path>C:\CCStudio_v7\ccsv7\tools\compiler\c6000_7.4.22\lib\</path>
         <kind>archive</kind>
         <file>rts6740.lib</file>
         <name>vsprintf.obj</name>
      </input_file>
   </input_file_list>
   <object_component_list>
      <object_component id="oc-89">
         <name>.vers</name>
         <load_address>0x0</load_address>
         <run_address>0x0</run_address>
         <size>0x44</size>
         <input_file_ref idref="fl-6"/>
      </object_component>
      <object_component id="oc-75">
         <name>.clk</name>
         <uninitialized>true</uninitialized>
         <run_address>0x11828400</run_address>
         <size>0x8</size>
         <input_file_ref idref="fl-6"/>
      </object_component>
      <object_component id="oc-76">
         <name>.prd</name>
         <uninitialized>true</uninitialized>
         <run_address>0x11828338</run_address>
         <size>0x40</size>
         <input_file_ref idref="fl-6"/>
      </object_component>
      <object_component id="oc-7e">
         <name>.swi</name>
         <uninitialized>true</uninitialized>
         <run_address>0x11828020</run_address>
         <size>0xdc</size>
         <input_file_ref idref="fl-6"/>
      </object_component>
      <object_component id="oc-7f">
         <name>.tsk</name>
         <uninitialized>true</uninitialized>
         <run_address>0x11827e00</run_address>
         <size>0x120</size>
         <input_file_ref idref="fl-6"/>
      </object_component>
      <object_component id="oc-84">
         <name>.idl</name>
         <uninitialized>true</uninitialized>
         <run_address>0x118227a4</run_address>
         <size>0x10</size>
         <input_file_ref idref="fl-6"/>
      </object_component>
      <object_component id="oc-83">
         <name>.idlcal</name>
         <uninitialized>true</uninitialized>
         <run_address>0x118247ec</run_address>
         <size>0x10</size>
         <input_file_ref idref="fl-6"/>
      </object_component>
      <object_component id="oc-4c">
         <name>.bss</name>
         <uninitialized>true</uninitialized>
         <run_address>0x11826570</run_address>
         <size>0x38</size>
         <input_file_ref idref="fl-6"/>
      </object_component>
      <object_component id="oc-54">
         <name>.bss</name>
         <uninitialized>true</uninitialized>
         <run_address>0x118263f8</run_address>
         <size>0x88</size>
         <input_file_ref idref="fl-2"/>
      </object_component>
      <object_component id="oc-5b">
         <name>.bss</name>
         <uninitialized>true</uninitialized>
         <run_address>0x11826538</run_address>
         <size>0x38</size>
         <input_file_ref idref="fl-3"/>
      </object_component>
      <object_component id="oc-62">
         <name>.bss</name>
         <uninitialized>true</uninitialized>
         <run_address>0x11826634</run_address>
         <size>0xb</size>
         <input_file_ref idref="fl-4"/>
      </object_component>
      <object_component id="oc-69">
         <name>.bss</name>
         <uninitialized>true</uninitialized>
         <run_address>0x11826100</run_address>
         <size>0xe4</size>
         <input_file_ref idref="fl-5"/>
      </object_component>
      <object_component id="oc-8f">
         <name>.bss</name>
         <uninitialized>true</uninitialized>
         <run_address>0x11826640</run_address>
         <size>0x8</size>
         <input_file_ref idref="fl-8"/>
      </object_component>
      <object_component id="oc-95">
         <name>.bss</name>
         <uninitialized>true</uninitialized>
         <run_address>0x11826480</run_address>
         <size>0x6c</size>
         <input_file_ref idref="fl-9"/>
      </object_component>
      <object_component id="oc-a5">
         <name>.bss</name>
         <uninitialized>true</uninitialized>
         <run_address>0x118262b0</run_address>
         <size>0xac</size>
         <input_file_ref idref="fl-c"/>
      </object_component>
      <object_component id="oc-b1">
         <name>.bss</name>
         <uninitialized>true</uninitialized>
         <run_address>0x118261e4</run_address>
         <size>0xcc</size>
         <input_file_ref idref="fl-92"/>
      </object_component>
      <object_component id="oc-b3">
         <name>.bss</name>
         <uninitialized>true</uninitialized>
         <run_address>0x11826000</run_address>
         <size>0x100</size>
         <input_file_ref idref="fl-93"/>
      </object_component>
      <object_component id="oc-ba">
         <name>.bss</name>
         <uninitialized>true</uninitialized>
         <run_address>0x118265e0</run_address>
         <size>0x18</size>
         <input_file_ref idref="fl-95"/>
      </object_component>
      <object_component id="oc-c0">
         <name>.bss</name>
         <uninitialized>true</uninitialized>
         <run_address>0x1182635c</run_address>
         <size>0x9c</size>
         <input_file_ref idref="fl-96"/>
      </object_component>
      <object_component id="oc-f1">
         <name>.bss</name>
         <uninitialized>true</uninitialized>
         <run_address>0x118265c8</run_address>
         <size>0x18</size>
         <input_file_ref idref="fl-a3"/>
      </object_component>
      <object_component id="oc-f3">
         <name>.bss</name>
         <uninitialized>true</uninitialized>
         <run_address>0x11826658</run_address>
         <size>0x4</size>
         <input_file_ref idref="fl-a4"/>
      </object_component>
      <object_component id="oc-127">
         <name>.bss</name>
         <uninitialized>true</uninitialized>
         <run_address>0x11826648</run_address>
         <size>0x8</size>
         <input_file_ref idref="fl-b0"/>
      </object_component>
      <object_component id="oc-12e">
         <name>.bss</name>
         <uninitialized>true</uninitialized>
         <run_address>0x11826534</run_address>
         <size>0x4</size>
         <input_file_ref idref="fl-b2"/>
      </object_component>
      <object_component id="oc-13d">
         <name>.bss</name>
         <uninitialized>true</uninitialized>
         <run_address>0x118265a8</run_address>
         <size>0x20</size>
         <input_file_ref idref="fl-b6"/>
      </object_component>
      <object_component id="oc-143">
         <name>.bss</name>
         <uninitialized>true</uninitialized>
         <run_address>0x118265f8</run_address>
         <size>0x10</size>
         <input_file_ref idref="fl-b7"/>
      </object_component>
      <object_component id="oc-155">
         <name>.bss</name>
         <uninitialized>true</uninitialized>
         <run_address>0x11826618</run_address>
         <size>0x10</size>
         <input_file_ref idref="fl-bb"/>
      </object_component>
      <object_component id="oc-165">
         <name>.bss</name>
         <uninitialized>true</uninitialized>
         <run_address>0x11826660</run_address>
         <size>0x4</size>
         <input_file_ref idref="fl-be"/>
      </object_component>
      <object_component id="oc-16a">
         <name>.bss</name>
         <uninitialized>true</uninitialized>
         <run_address>0x118264ec</run_address>
         <size>0x48</size>
         <input_file_ref idref="fl-bf"/>
      </object_component>
      <object_component id="oc-17f">
         <name>.bss</name>
         <uninitialized>true</uninitialized>
         <run_address>0x1182665c</run_address>
         <size>0x4</size>
         <input_file_ref idref="fl-c5"/>
      </object_component>
      <object_component id="oc-18b">
         <name>.bss</name>
         <uninitialized>true</uninitialized>
         <run_address>0x11826608</run_address>
         <size>0x10</size>
         <input_file_ref idref="fl-c9"/>
      </object_component>
      <object_component id="oc-1ab">
         <name>.bss</name>
         <uninitialized>true</uninitialized>
         <run_address>0x11826628</run_address>
         <size>0xc</size>
         <input_file_ref idref="fl-d1"/>
      </object_component>
      <object_component id="oc-1b7">
         <name>.bss</name>
         <uninitialized>true</uninitialized>
         <run_address>0x11826650</run_address>
         <size>0x8</size>
         <input_file_ref idref="fl-d4"/>
      </object_component>
      <object_component id="oc-7d">
         <name>.hwi_vec</name>
         <load_address>0x11827800</load_address>
         <run_address>0x11827800</run_address>
         <size>0x200</size>
         <input_file_ref idref="fl-6"/>
      </object_component>
      <object_component id="oc-57">
         <name>.far</name>
         <uninitialized>true</uninitialized>
         <run_address>0x11818678</run_address>
         <size>0xfa0</size>
         <input_file_ref idref="fl-2"/>
      </object_component>
      <object_component id="oc-5e">
         <name>.far</name>
         <uninitialized>true</uninitialized>
         <run_address>0x11819b00</run_address>
         <size>0x168</size>
         <input_file_ref idref="fl-3"/>
      </object_component>
      <object_component id="oc-6c">
         <name>.far</name>
         <uninitialized>true</uninitialized>
         <run_address>0x11814280</run_address>
         <size>0x1a24</size>
         <input_file_ref idref="fl-5"/>
      </object_component>
      <object_component id="oc-98">
         <name>.far</name>
         <uninitialized>true</uninitialized>
         <run_address>0x11815ca8</run_address>
         <size>0x1620</size>
         <input_file_ref idref="fl-9"/>
      </object_component>
      <object_component id="oc-a8">
         <name>.far</name>
         <uninitialized>true</uninitialized>
         <run_address>0x118172c8</run_address>
         <size>0x13b0</size>
         <input_file_ref idref="fl-c"/>
      </object_component>
      <object_component id="oc-d0">
         <name>.far</name>
         <uninitialized>true</uninitialized>
         <run_address>0x11819f74</run_address>
         <size>0x10</size>
         <input_file_ref idref="fl-9a"/>
      </object_component>
      <object_component id="oc-dd">
         <name>.far</name>
         <uninitialized>true</uninitialized>
         <run_address>0x11819f84</run_address>
         <size>0xc</size>
         <input_file_ref idref="fl-9d"/>
      </object_component>
      <object_component id="oc-124">
         <name>.far</name>
         <uninitialized>true</uninitialized>
         <run_address>0x11815ca4</run_address>
         <size>0x4</size>
         <input_file_ref idref="fl-af"/>
      </object_component>
      <object_component id="oc-132">
         <name>.far</name>
         <uninitialized>true</uninitialized>
         <run_address>0x1181993c</run_address>
         <size>0x4</size>
         <input_file_ref idref="fl-b3"/>
      </object_component>
      <object_component id="oc-146">
         <name>.far</name>
         <uninitialized>true</uninitialized>
         <run_address>0x11819f64</run_address>
         <size>0x10</size>
         <input_file_ref idref="fl-b7"/>
      </object_component>
      <object_component id="oc-159">
         <name>.far</name>
         <uninitialized>true</uninitialized>
         <run_address>0x11819ae8</run_address>
         <size>0x18</size>
         <input_file_ref idref="fl-bb"/>
      </object_component>
      <object_component id="oc-16d">
         <name>.far</name>
         <uninitialized>true</uninitialized>
         <run_address>0x11819d88</run_address>
         <size>0xd8</size>
         <input_file_ref idref="fl-bf"/>
      </object_component>
      <object_component id="oc-185">
         <name>.far</name>
         <uninitialized>true</uninitialized>
         <run_address>0x11819ec0</run_address>
         <size>0x54</size>
         <input_file_ref idref="fl-c7"/>
      </object_component>
      <object_component id="oc-1ae">
         <name>.far</name>
         <uninitialized>true</uninitialized>
         <run_address>0x11819e60</run_address>
         <size>0x5c</size>
         <input_file_ref idref="fl-d1"/>
      </object_component>
      <object_component id="oc-1ba">
         <name>.far</name>
         <uninitialized>true</uninitialized>
         <run_address>0x11819ac8</run_address>
         <size>0x20</size>
         <input_file_ref idref="fl-d4"/>
      </object_component>
      <object_component id="oc-1c4">
         <name>.far</name>
         <uninitialized>true</uninitialized>
         <run_address>0x11819f14</run_address>
         <size>0x50</size>
         <input_file_ref idref="fl-d7"/>
      </object_component>
      <object_component id="oc-1f5">
         <name>.far</name>
         <uninitialized>true</uninitialized>
         <run_address>0x11819f9c</run_address>
         <size>0x8</size>
         <input_file_ref idref="fl-e4"/>
      </object_component>
      <object_component id="oc-204">
         <name>.far</name>
         <uninitialized>true</uninitialized>
         <run_address>0x11819940</run_address>
         <size>0x188</size>
         <input_file_ref idref="fl-e8"/>
      </object_component>
      <object_component id="oc-209">
         <name>.far</name>
         <uninitialized>true</uninitialized>
         <run_address>0x11819fa4</run_address>
         <size>0x4</size>
         <input_file_ref idref="fl-e9"/>
      </object_component>
      <object_component id="oc-20e">
         <name>.far</name>
         <uninitialized>true</uninitialized>
         <run_address>0x11819f90</run_address>
         <size>0xc</size>
         <input_file_ref idref="fl-ea"/>
      </object_component>
      <object_component id="oc-221">
         <name>.far</name>
         <uninitialized>true</uninitialized>
         <run_address>0x11819d84</run_address>
         <size>0x4</size>
         <input_file_ref idref="fl-ef"/>
      </object_component>
      <object_component id="oc-23d">
         <name>.far</name>
         <uninitialized>true</uninitialized>
         <run_address>0x11819618</run_address>
         <size>0x324</size>
         <input_file_ref idref="fl-f8"/>
      </object_component>
      <object_component id="oc-26a">
         <name>.far</name>
         <uninitialized>true</uninitialized>
         <run_address>0x11819c68</run_address>
         <size>0x11c</size>
         <input_file_ref idref="fl-106"/>
      </object_component>
      <object_component id="oc-26e">
         <name>.far</name>
         <uninitialized>true</uninitialized>
         <run_address>0x11819fa8</run_address>
         <size>0x8</size>
         <input_file_ref idref="fl-107"/>
      </object_component>
      <object_component id="oc-283">
         <name>.far</name>
         <uninitialized>true</uninitialized>
         <run_address>0x11819ebc</run_address>
         <size>0x4</size>
         <input_file_ref idref="fl-10d"/>
      </object_component>
      <object_component id="oc-71">
         <name>.mem</name>
         <uninitialized>true</uninitialized>
         <run_address>0x11826664</run_address>
         <size>0x4</size>
         <input_file_ref idref="fl-6"/>
      </object_component>
      <object_component id="oc-bc">
         <name>.bios</name>
         <load_address>0x11819fc0</load_address>
         <run_address>0x11819fc0</run_address>
         <size>0x5c0</size>
         <input_file_ref idref="fl-95"/>
      </object_component>
      <object_component id="oc-2d5">
         <name>.bios</name>
         <load_address>0x1181a580</load_address>
         <run_address>0x1181a580</run_address>
         <size>0x580</size>
         <input_file_ref idref="fl-b7"/>
      </object_component>
      <object_component id="oc-4d">
         <name>.bios</name>
         <load_address>0x1181ab00</load_address>
         <run_address>0x1181ab00</run_address>
         <size>0x4e0</size>
         <input_file_ref idref="fl-93"/>
      </object_component>
      <object_component id="oc-4b">
         <name>.bios</name>
         <load_address>0x1181afe0</load_address>
         <run_address>0x1181afe0</run_address>
         <size>0x4c0</size>
         <input_file_ref idref="fl-96"/>
      </object_component>
      <object_component id="oc-10e">
         <name>.bios</name>
         <load_address>0x1181b4a0</load_address>
         <run_address>0x1181b4a0</run_address>
         <size>0x380</size>
         <input_file_ref idref="fl-aa"/>
      </object_component>
      <object_component id="oc-368">
         <name>.bios</name>
         <load_address>0x1181b820</load_address>
         <run_address>0x1181b820</run_address>
         <size>0x280</size>
         <input_file_ref idref="fl-10f"/>
      </object_component>
      <object_component id="oc-113">
         <name>.bios</name>
         <load_address>0x1181baa0</load_address>
         <run_address>0x1181baa0</run_address>
         <size>0x280</size>
         <input_file_ref idref="fl-ab"/>
      </object_component>
      <object_component id="oc-2ce">
         <name>.bios</name>
         <load_address>0x1181bd20</load_address>
         <run_address>0x1181bd20</run_address>
         <size>0x240</size>
         <input_file_ref idref="fl-c4"/>
      </object_component>
      <object_component id="oc-36e">
         <name>.bios:.near</name>
         <load_address>0x1181bf60</load_address>
         <run_address>0x1181bf60</run_address>
         <size>0x200</size>
         <input_file_ref idref="fl-110"/>
      </object_component>
      <object_component id="oc-50">
         <name>.bios</name>
         <load_address>0x1181c160</load_address>
         <run_address>0x1181c160</run_address>
         <size>0x200</size>
         <input_file_ref idref="fl-9a"/>
      </object_component>
      <object_component id="oc-36d">
         <name>.bios:.near</name>
         <load_address>0x1181c360</load_address>
         <run_address>0x1181c360</run_address>
         <size>0x1e0</size>
         <input_file_ref idref="fl-111"/>
      </object_component>
      <object_component id="oc-13f">
         <name>.bios</name>
         <load_address>0x1181c540</load_address>
         <run_address>0x1181c540</run_address>
         <size>0x1e0</size>
         <input_file_ref idref="fl-b6"/>
      </object_component>
      <object_component id="oc-10a">
         <name>.bios</name>
         <load_address>0x1181c720</load_address>
         <run_address>0x1181c720</run_address>
         <size>0x1e0</size>
         <input_file_ref idref="fl-a9"/>
      </object_component>
      <object_component id="oc-2dd">
         <name>.bios</name>
         <load_address>0x1181c900</load_address>
         <run_address>0x1181c900</run_address>
         <size>0x1e0</size>
         <input_file_ref idref="fl-cd"/>
      </object_component>
      <object_component id="oc-2de">
         <name>.bios</name>
         <load_address>0x1181cae0</load_address>
         <run_address>0x1181cae0</run_address>
         <size>0x1a0</size>
         <input_file_ref idref="fl-de"/>
      </object_component>
      <object_component id="oc-2d7">
         <name>.bios</name>
         <load_address>0x1181cc80</load_address>
         <run_address>0x1181cc80</run_address>
         <size>0x1a0</size>
         <input_file_ref idref="fl-d6"/>
      </object_component>
      <object_component id="oc-e3">
         <name>.bios</name>
         <load_address>0x1181ce20</load_address>
         <run_address>0x1181ce20</run_address>
         <size>0x1a0</size>
         <input_file_ref idref="fl-9f"/>
      </object_component>
      <object_component id="oc-102">
         <name>.bios</name>
         <load_address>0x1181cfc0</load_address>
         <run_address>0x1181cfc0</run_address>
         <size>0x180</size>
         <input_file_ref idref="fl-a7"/>
      </object_component>
      <object_component id="oc-2f5">
         <name>.bios</name>
         <load_address>0x1181d140</load_address>
         <run_address>0x1181d140</run_address>
         <size>0x180</size>
         <input_file_ref idref="fl-ae"/>
      </object_component>
      <object_component id="oc-2c5">
         <name>.bios</name>
         <load_address>0x1181d2c0</load_address>
         <run_address>0x1181d2c0</run_address>
         <size>0x140</size>
         <input_file_ref idref="fl-df"/>
      </object_component>
      <object_component id="oc-2d1">
         <name>.bios</name>
         <load_address>0x1181d400</load_address>
         <run_address>0x1181d400</run_address>
         <size>0x140</size>
         <input_file_ref idref="fl-d2"/>
      </object_component>
      <object_component id="oc-305">
         <name>.bios</name>
         <load_address>0x1181d540</load_address>
         <run_address>0x1181d540</run_address>
         <size>0x140</size>
         <input_file_ref idref="fl-97"/>
      </object_component>
      <object_component id="oc-2d3">
         <name>.bios</name>
         <load_address>0x1181d680</load_address>
         <run_address>0x1181d680</run_address>
         <size>0x120</size>
         <input_file_ref idref="fl-b8"/>
      </object_component>
      <object_component id="oc-172">
         <name>.bios</name>
         <load_address>0x1181d7a0</load_address>
         <run_address>0x1181d7a0</run_address>
         <size>0x120</size>
         <input_file_ref idref="fl-c1"/>
      </object_component>
      <object_component id="oc-2d8">
         <name>.bios</name>
         <load_address>0x1181d8c0</load_address>
         <run_address>0x1181d8c0</run_address>
         <size>0x120</size>
         <input_file_ref idref="fl-d7"/>
      </object_component>
      <object_component id="oc-1cb">
         <name>.bios</name>
         <load_address>0x1181d9e0</load_address>
         <run_address>0x1181d9e0</run_address>
         <size>0xe0</size>
         <input_file_ref idref="fl-d9"/>
      </object_component>
      <object_component id="oc-2d0">
         <name>.bios</name>
         <load_address>0x1181dac0</load_address>
         <run_address>0x1181dac0</run_address>
         <size>0xc0</size>
         <input_file_ref idref="fl-c0"/>
      </object_component>
      <object_component id="oc-2e0">
         <name>.bios</name>
         <load_address>0x1181db80</load_address>
         <run_address>0x1181db80</run_address>
         <size>0xa0</size>
         <input_file_ref idref="fl-da"/>
      </object_component>
      <object_component id="oc-301">
         <name>.bios</name>
         <load_address>0x1181dc20</load_address>
         <run_address>0x1181dc20</run_address>
         <size>0xa0</size>
         <input_file_ref idref="fl-d3"/>
      </object_component>
      <object_component id="oc-2df">
         <name>.bios</name>
         <load_address>0x1181dcc0</load_address>
         <run_address>0x1181dcc0</run_address>
         <size>0x80</size>
         <input_file_ref idref="fl-c3"/>
      </object_component>
      <object_component id="oc-2c7">
         <name>.bios</name>
         <load_address>0x1181dd40</load_address>
         <run_address>0x1181dd40</run_address>
         <size>0x80</size>
         <input_file_ref idref="fl-c2"/>
      </object_component>
      <object_component id="oc-307">
         <name>.bios</name>
         <load_address>0x1181ddc0</load_address>
         <run_address>0x1181ddc0</run_address>
         <size>0x80</size>
         <input_file_ref idref="fl-d8"/>
      </object_component>
      <object_component id="oc-106">
         <name>.bios</name>
         <load_address>0x1181de40</load_address>
         <run_address>0x1181de40</run_address>
         <size>0x80</size>
         <input_file_ref idref="fl-a8"/>
      </object_component>
      <object_component id="oc-31b">
         <name>.bios</name>
         <load_address>0x1181dec0</load_address>
         <run_address>0x1181dec0</run_address>
         <size>0x80</size>
         <input_file_ref idref="fl-af"/>
      </object_component>
      <object_component id="oc-f9">
         <name>.bios</name>
         <load_address>0x1181df40</load_address>
         <run_address>0x1181df40</run_address>
         <size>0x80</size>
         <input_file_ref idref="fl-a5"/>
      </object_component>
      <object_component id="oc-370">
         <name>.bios:.near</name>
         <load_address>0x1181dfc0</load_address>
         <run_address>0x1181dfc0</run_address>
         <size>0x60</size>
         <input_file_ref idref="fl-112"/>
      </object_component>
      <object_component id="oc-e7">
         <name>.bios</name>
         <load_address>0x1181e020</load_address>
         <run_address>0x1181e020</run_address>
         <size>0x60</size>
         <input_file_ref idref="fl-a0"/>
      </object_component>
      <object_component id="oc-15d">
         <name>.bios</name>
         <load_address>0x1181e080</load_address>
         <run_address>0x1181e080</run_address>
         <size>0x60</size>
         <input_file_ref idref="fl-bc"/>
      </object_component>
      <object_component id="oc-f5">
         <name>.bios</name>
         <load_address>0x1181e0e0</load_address>
         <run_address>0x1181e0e0</run_address>
         <size>0x60</size>
         <input_file_ref idref="fl-a4"/>
      </object_component>
      <object_component id="oc-199">
         <name>.bios</name>
         <load_address>0x1181e140</load_address>
         <run_address>0x1181e140</run_address>
         <size>0x60</size>
         <input_file_ref idref="fl-cc"/>
      </object_component>
      <object_component id="oc-11b">
         <name>.bios</name>
         <load_address>0x1181e1a0</load_address>
         <run_address>0x1181e1a0</run_address>
         <size>0x60</size>
         <input_file_ref idref="fl-ad"/>
      </object_component>
      <object_component id="oc-306">
         <name>.bios</name>
         <load_address>0x1181e200</load_address>
         <run_address>0x1181e200</run_address>
         <size>0x60</size>
         <input_file_ref idref="fl-d0"/>
      </object_component>
      <object_component id="oc-134">
         <name>.bios</name>
         <load_address>0x1181e260</load_address>
         <run_address>0x1181e260</run_address>
         <size>0x60</size>
         <input_file_ref idref="fl-b4"/>
      </object_component>
      <object_component id="oc-49">
         <name>.bios</name>
         <load_address>0x1181e2c0</load_address>
         <run_address>0x1181e2c0</run_address>
         <size>0x40</size>
         <input_file_ref idref="fl-94"/>
      </object_component>
      <object_component id="oc-117">
         <name>.bios</name>
         <load_address>0x1181e300</load_address>
         <run_address>0x1181e300</run_address>
         <size>0x40</size>
         <input_file_ref idref="fl-ac"/>
      </object_component>
      <object_component id="oc-48">
         <name>.bios</name>
         <load_address>0x1181e340</load_address>
         <run_address>0x1181e340</run_address>
         <size>0x40</size>
         <input_file_ref idref="fl-9b"/>
      </object_component>
      <object_component id="oc-4f">
         <name>.bios</name>
         <load_address>0x1181e380</load_address>
         <run_address>0x1181e380</run_address>
         <size>0x40</size>
         <input_file_ref idref="fl-9d"/>
      </object_component>
      <object_component id="oc-12a">
         <name>.bios</name>
         <load_address>0x1181e3c0</load_address>
         <run_address>0x1181e3c0</run_address>
         <size>0x20</size>
         <input_file_ref idref="fl-b1"/>
      </object_component>
      <object_component id="oc-53">
         <name>.bios</name>
         <load_address>0x1181e3e0</load_address>
         <run_address>0x1181e3e0</run_address>
         <size>0x20</size>
         <input_file_ref idref="fl-99"/>
      </object_component>
      <object_component id="oc-14d">
         <name>.bios</name>
         <load_address>0x1181e400</load_address>
         <run_address>0x1181e400</run_address>
         <size>0x20</size>
         <input_file_ref idref="fl-b9"/>
      </object_component>
      <object_component id="oc-fd">
         <name>.bios</name>
         <load_address>0x1181e420</load_address>
         <run_address>0x1181e420</run_address>
         <size>0x20</size>
         <input_file_ref idref="fl-a6"/>
      </object_component>
      <object_component id="oc-1a4">
         <name>.bios</name>
         <load_address>0x1181e440</load_address>
         <run_address>0x1181e440</run_address>
         <size>0x20</size>
         <input_file_ref idref="fl-cf"/>
      </object_component>
      <object_component id="oc-52">
         <name>.bios</name>
         <load_address>0x1181e460</load_address>
         <run_address>0x1181e460</run_address>
         <size>0x20</size>
         <input_file_ref idref="fl-9c"/>
      </object_component>
      <object_component id="oc-51">
         <name>.bios</name>
         <load_address>0x1181e480</load_address>
         <run_address>0x1181e480</run_address>
         <size>0x20</size>
         <input_file_ref idref="fl-9e"/>
      </object_component>
      <object_component id="oc-4e">
         <name>.bios</name>
         <load_address>0x1181e4a0</load_address>
         <run_address>0x1181e4a0</run_address>
         <size>0x20</size>
         <input_file_ref idref="fl-98"/>
      </object_component>
      <object_component id="oc-27b">
         <name>.cio</name>
         <uninitialized>true</uninitialized>
         <run_address>0x11827678</run_address>
         <size>0x120</size>
         <input_file_ref idref="fl-10b"/>
      </object_component>
      <object_component id="oc-217">
         <name>.data</name>
         <load_address>0x118281c8</load_address>
         <run_address>0x118281c8</run_address>
         <size>0x60</size>
         <input_file_ref idref="fl-ed"/>
      </object_component>
      <object_component id="oc-29b">
         <name>.data</name>
         <load_address>0x11828228</load_address>
         <run_address>0x11828228</run_address>
         <size>0x60</size>
         <input_file_ref idref="fl-114"/>
      </object_component>
      <object_component id="oc-18f">
         <name>.pinit</name>
         <load_address>0x118227b4</load_address>
         <run_address>0x118227b4</run_address>
         <size>0x4</size>
         <input_file_ref idref="fl-c9"/>
      </object_component>
      <object_component id="oc-15a">
         <name>.pinit</name>
         <load_address>0x118227b8</load_address>
         <run_address>0x118227b8</run_address>
         <size>0x4</size>
         <input_file_ref idref="fl-bb"/>
      </object_component>
      <object_component id="oc-74">
         <name>.sys</name>
         <uninitialized>true</uninitialized>
         <run_address>0x118283e4</run_address>
         <size>0x10</size>
         <input_file_ref idref="fl-6"/>
      </object_component>
      <object_component id="oc-2d2">
         <name>.text</name>
         <load_address>0x11800000</load_address>
         <run_address>0x11800000</run_address>
         <size>0x2620</size>
         <input_file_ref idref="fl-9"/>
      </object_component>
      <object_component id="oc-2c6">
         <name>.text</name>
         <load_address>0x11802620</load_address>
         <run_address>0x11802620</run_address>
         <size>0x1d60</size>
         <input_file_ref idref="fl-c"/>
      </object_component>
      <object_component id="oc-2ca">
         <name>.text</name>
         <load_address>0x11804380</load_address>
         <run_address>0x11804380</run_address>
         <size>0x1120</size>
         <input_file_ref idref="fl-5"/>
      </object_component>
      <object_component id="oc-2ec">
         <name>.text</name>
         <load_address>0x118054a0</load_address>
         <run_address>0x118054a0</run_address>
         <size>0xf80</size>
         <input_file_ref idref="fl-b5"/>
      </object_component>
      <object_component id="oc-2cf">
         <name>.text</name>
         <load_address>0x11806420</load_address>
         <run_address>0x11806420</run_address>
         <size>0xaa0</size>
         <input_file_ref idref="fl-4"/>
      </object_component>
      <object_component id="oc-31f">
         <name>.text:__scanfi</name>
         <load_address>0x11806ec0</load_address>
         <run_address>0x11806ec0</run_address>
         <size>0x900</size>
         <input_file_ref idref="fl-119"/>
      </object_component>
      <object_component id="oc-2f1">
         <name>.text</name>
         <load_address>0x118077c0</load_address>
         <run_address>0x118077c0</run_address>
         <size>0x720</size>
         <input_file_ref idref="fl-a"/>
      </object_component>
      <object_component id="oc-2c8">
         <name>.text</name>
         <load_address>0x11807ee0</load_address>
         <run_address>0x11807ee0</run_address>
         <size>0x6e0</size>
         <input_file_ref idref="fl-3"/>
      </object_component>
      <object_component id="oc-2fc">
         <name>.text</name>
         <load_address>0x118085c0</load_address>
         <run_address>0x118085c0</run_address>
         <size>0x6c0</size>
         <input_file_ref idref="fl-dd"/>
      </object_component>
      <object_component id="oc-335">
         <name>.text:__sset_arg</name>
         <load_address>0x11808c80</load_address>
         <run_address>0x11808c80</run_address>
         <size>0x620</size>
         <input_file_ref idref="fl-119"/>
      </object_component>
      <object_component id="oc-35a">
         <name>.text:__getarg_diouxp</name>
         <load_address>0x118092a0</load_address>
         <run_address>0x118092a0</run_address>
         <size>0x580</size>
         <input_file_ref idref="fl-f9"/>
      </object_component>
      <object_component id="oc-338">
         <name>.text:__setfield</name>
         <load_address>0x11809820</load_address>
         <run_address>0x11809820</run_address>
         <size>0x520</size>
         <input_file_ref idref="fl-f9"/>
      </object_component>
      <object_component id="oc-2cb">
         <name>.text</name>
         <load_address>0x11809d40</load_address>
         <run_address>0x11809d40</run_address>
         <size>0x4c0</size>
         <input_file_ref idref="fl-2"/>
      </object_component>
      <object_component id="oc-332">
         <name>.text:__sproc_int</name>
         <load_address>0x1180a200</load_address>
         <run_address>0x1180a200</run_address>
         <size>0x4c0</size>
         <input_file_ref idref="fl-119"/>
      </object_component>
      <object_component id="oc-314">
         <name>.text</name>
         <load_address>0x1180a6c0</load_address>
         <run_address>0x1180a6c0</run_address>
         <size>0x4a0</size>
         <input_file_ref idref="fl-bd"/>
      </object_component>
      <object_component id="oc-343">
         <name>.text:_strtod</name>
         <load_address>0x1180ab60</load_address>
         <run_address>0x1180ab60</run_address>
         <size>0x460</size>
         <input_file_ref idref="fl-11a"/>
      </object_component>
      <object_component id="oc-345">
         <name>.text:_strtol</name>
         <load_address>0x1180afc0</load_address>
         <run_address>0x1180afc0</run_address>
         <size>0x460</size>
         <input_file_ref idref="fl-11b"/>
      </object_component>
      <object_component id="oc-344">
         <name>.text:_strtold</name>
         <load_address>0x1180b420</load_address>
         <run_address>0x1180b420</run_address>
         <size>0x460</size>
         <input_file_ref idref="fl-11c"/>
      </object_component>
      <object_component id="oc-346">
         <name>.text:_strtoll</name>
         <load_address>0x1180b880</load_address>
         <run_address>0x1180b880</run_address>
         <size>0x460</size>
         <input_file_ref idref="fl-11d"/>
      </object_component>
      <object_component id="oc-322">
         <name>.text:__printfi</name>
         <load_address>0x1180bce0</load_address>
         <run_address>0x1180bce0</run_address>
         <size>0x440</size>
         <input_file_ref idref="fl-f9"/>
      </object_component>
      <object_component id="oc-302">
         <name>.text</name>
         <load_address>0x1180c120</load_address>
         <run_address>0x1180c120</run_address>
         <size>0x440</size>
         <input_file_ref idref="fl-db"/>
      </object_component>
      <object_component id="oc-341">
         <name>.text:_strtoul</name>
         <load_address>0x1180c560</load_address>
         <run_address>0x1180c560</run_address>
         <size>0x400</size>
         <input_file_ref idref="fl-11e"/>
      </object_component>
      <object_component id="oc-342">
         <name>.text:_strtoull</name>
         <load_address>0x1180c960</load_address>
         <run_address>0x1180c960</run_address>
         <size>0x400</size>
         <input_file_ref idref="fl-11f"/>
      </object_component>
      <object_component id="oc-2ed">
         <name>.text</name>
         <load_address>0x1180cd60</load_address>
         <run_address>0x1180cd60</run_address>
         <size>0x400</size>
         <input_file_ref idref="fl-be"/>
      </object_component>
      <object_component id="oc-300">
         <name>.text</name>
         <load_address>0x1180d160</load_address>
         <run_address>0x1180d160</run_address>
         <size>0x400</size>
         <input_file_ref idref="fl-ce"/>
      </object_component>
      <object_component id="oc-2f2">
         <name>.text</name>
         <load_address>0x1180d560</load_address>
         <run_address>0x1180d560</run_address>
         <size>0x400</size>
         <input_file_ref idref="fl-d"/>
      </object_component>
      <object_component id="oc-33b">
         <name>.text:_fputs</name>
         <load_address>0x1180d960</load_address>
         <run_address>0x1180d960</run_address>
         <size>0x3a0</size>
         <input_file_ref idref="fl-103"/>
      </object_component>
      <object_component id="oc-330">
         <name>.text:__sget_conv</name>
         <load_address>0x1180dd00</load_address>
         <run_address>0x1180dd00</run_address>
         <size>0x340</size>
         <input_file_ref idref="fl-119"/>
      </object_component>
      <object_component id="oc-347">
         <name>.text:__pproc_fge</name>
         <load_address>0x1180e040</load_address>
         <run_address>0x1180e040</run_address>
         <size>0x320</size>
         <input_file_ref idref="fl-f9"/>
      </object_component>
      <object_component id="oc-2ea">
         <name>.text</name>
         <load_address>0x1180e360</load_address>
         <run_address>0x1180e360</run_address>
         <size>0x300</size>
         <input_file_ref idref="fl-ba"/>
      </object_component>
      <object_component id="oc-331">
         <name>.text:__sproc_float</name>
         <load_address>0x1180e660</load_address>
         <run_address>0x1180e660</run_address>
         <size>0x2e0</size>
         <input_file_ref idref="fl-119"/>
      </object_component>
      <object_component id="oc-361">
         <name>.text:_ecvt</name>
         <load_address>0x1180e940</load_address>
         <run_address>0x1180e940</run_address>
         <size>0x2e0</size>
         <input_file_ref idref="fl-f9"/>
      </object_component>
      <object_component id="oc-364">
         <name>.text:_fcvt</name>
         <load_address>0x1180ec20</load_address>
         <run_address>0x1180ec20</run_address>
         <size>0x2e0</size>
         <input_file_ref idref="fl-f9"/>
      </object_component>
      <object_component id="oc-337">
         <name>.text:__pproc_fwp</name>
         <load_address>0x1180ef00</load_address>
         <run_address>0x1180ef00</run_address>
         <size>0x2c0</size>
         <input_file_ref idref="fl-f9"/>
      </object_component>
      <object_component id="oc-2ee">
         <name>.text:_fmodf</name>
         <load_address>0x1180f1c0</load_address>
         <run_address>0x1180f1c0</run_address>
         <size>0x2c0</size>
         <input_file_ref idref="fl-f0"/>
      </object_component>
      <object_component id="oc-34d">
         <name>.text:__divull</name>
         <load_address>0x1180f480</load_address>
         <run_address>0x1180f480</run_address>
         <size>0x260</size>
         <input_file_ref idref="fl-fb"/>
      </object_component>
      <object_component id="oc-359">
         <name>.text:__pconv_e</name>
         <load_address>0x1180f6e0</load_address>
         <run_address>0x1180f6e0</run_address>
         <size>0x240</size>
         <input_file_ref idref="fl-f9"/>
      </object_component>
      <object_component id="oc-348">
         <name>.text:__pproc_diouxp</name>
         <load_address>0x1180f920</load_address>
         <run_address>0x1180f920</run_address>
         <size>0x240</size>
         <input_file_ref idref="fl-f9"/>
      </object_component>
      <object_component id="oc-339">
         <name>.text:__pproc_str</name>
         <load_address>0x1180fb60</load_address>
         <run_address>0x1180fb60</run_address>
         <size>0x220</size>
         <input_file_ref idref="fl-f9"/>
      </object_component>
      <object_component id="oc-33c">
         <name>.text:_fputc</name>
         <load_address>0x1180fd80</load_address>
         <run_address>0x1180fd80</run_address>
         <size>0x220</size>
         <input_file_ref idref="fl-100"/>
      </object_component>
      <object_component id="oc-357">
         <name>.text:__pconv_g</name>
         <load_address>0x1180ffa0</load_address>
         <run_address>0x1180ffa0</run_address>
         <size>0x200</size>
         <input_file_ref idref="fl-f9"/>
      </object_component>
      <object_component id="oc-35d">
         <name>.text:_setvbuf</name>
         <load_address>0x118101a0</load_address>
         <run_address>0x118101a0</run_address>
         <size>0x200</size>
         <input_file_ref idref="fl-10c"/>
      </object_component>
      <object_component id="oc-2eb">
         <name>.text</name>
         <load_address>0x118103a0</load_address>
         <run_address>0x118103a0</run_address>
         <size>0x1e0</size>
         <input_file_ref idref="fl-dc"/>
      </object_component>
      <object_component id="oc-363">
         <name>.text:__mcpy</name>
         <load_address>0x11810580</load_address>
         <run_address>0x11810580</run_address>
         <size>0x1c0</size>
         <input_file_ref idref="fl-f9"/>
      </object_component>
      <object_component id="oc-1fe">
         <name>.text</name>
         <load_address>0x11810740</load_address>
         <run_address>0x11810740</run_address>
         <size>0x1c0</size>
         <input_file_ref idref="fl-e7"/>
      </object_component>
      <object_component id="oc-2f4">
         <name>.text</name>
         <load_address>0x11810900</load_address>
         <run_address>0x11810900</run_address>
         <size>0x1a0</size>
         <input_file_ref idref="fl-8"/>
      </object_component>
      <object_component id="oc-32c">
         <name>.text:__divul</name>
         <load_address>0x11810aa0</load_address>
         <run_address>0x11810aa0</run_address>
         <size>0x1a0</size>
         <input_file_ref idref="fl-e6"/>
      </object_component>
      <object_component id="oc-333">
         <name>.text:__sproc_str</name>
         <load_address>0x11810c40</load_address>
         <run_address>0x11810c40</run_address>
         <size>0x1a0</size>
         <input_file_ref idref="fl-119"/>
      </object_component>
      <object_component id="oc-2e8">
         <name>.text:_HOSTrename</name>
         <load_address>0x11810de0</load_address>
         <run_address>0x11810de0</run_address>
         <size>0x180</size>
         <input_file_ref idref="fl-107"/>
      </object_component>
      <object_component id="oc-216">
         <name>.text</name>
         <load_address>0x11810f60</load_address>
         <run_address>0x11810f60</run_address>
         <size>0x180</size>
         <input_file_ref idref="fl-ed"/>
      </object_component>
      <object_component id="oc-29a">
         <name>.text</name>
         <load_address>0x118110e0</load_address>
         <run_address>0x118110e0</run_address>
         <size>0x180</size>
         <input_file_ref idref="fl-114"/>
      </object_component>
      <object_component id="oc-334">
         <name>.text:__sproc_lb</name>
         <load_address>0x11811260</load_address>
         <run_address>0x11811260</run_address>
         <size>0x160</size>
         <input_file_ref idref="fl-119"/>
      </object_component>
      <object_component id="oc-31d">
         <name>.text:__chkmbc</name>
         <load_address>0x118113c0</load_address>
         <run_address>0x118113c0</run_address>
         <size>0x140</size>
         <input_file_ref idref="fl-118"/>
      </object_component>
      <object_component id="oc-336">
         <name>.text:__pproc_fflags</name>
         <load_address>0x11811500</load_address>
         <run_address>0x11811500</run_address>
         <size>0x140</size>
         <input_file_ref idref="fl-f9"/>
      </object_component>
      <object_component id="oc-374">
         <name>.text:_getdevice</name>
         <load_address>0x11811640</load_address>
         <run_address>0x11811640</run_address>
         <size>0x140</size>
         <input_file_ref idref="fl-106"/>
      </object_component>
      <object_component id="oc-36f">
         <name>.text:__closefile</name>
         <load_address>0x11811780</load_address>
         <run_address>0x11811780</run_address>
         <size>0x120</size>
         <input_file_ref idref="fl-10e"/>
      </object_component>
      <object_component id="oc-35b">
         <name>.text:__ltostr</name>
         <load_address>0x118118a0</load_address>
         <run_address>0x118118a0</run_address>
         <size>0x120</size>
         <input_file_ref idref="fl-f9"/>
      </object_component>
      <object_component id="oc-33d">
         <name>.text:__sget_scanset</name>
         <load_address>0x118119c0</load_address>
         <run_address>0x118119c0</run_address>
         <size>0x120</size>
         <input_file_ref idref="fl-119"/>
      </object_component>
      <object_component id="oc-35c">
[...]
         <value>0x1180c120</value>
         <object_component_ref idref="oc-302"/>
      </symbol>
      <symbol id="sm-114c">
         <name>_UART_rxByte</name>
         <value>0x1180c340</value>
         <object_component_ref idref="oc-302"/>
      </symbol>
      <symbol id="sm-114d">
         <name>_UART_txUint8</name>
         <value>0x1180c1f8</value>
         <object_component_ref idref="oc-302"/>
      </symbol>
      <symbol id="sm-114e">
         <name>_UART_init</name>
         <value>0x1180c360</value>
         <object_component_ref idref="oc-302"/>
      </symbol>
      <symbol id="sm-114f">
         <name>_UART_txUint32</name>
         <value>0x1180c240</value>
         <object_component_ref idref="oc-302"/>
      </symbol>
      <symbol id="sm-1160">
         <name>_USTIMER_get</name>
         <value>0x118104d0</value>
         <object_component_ref idref="oc-2eb"/>
      </symbol>
      <symbol id="sm-1161">
         <name>_USTIMER_delay</name>
         <value>0x118104fc</value>
         <object_component_ref idref="oc-2eb"/>
      </symbol>
      <symbol id="sm-1162">
         <name>_USTIMER_set</name>
         <value>0x118103a0</value>
         <object_component_ref idref="oc-2eb"/>
      </symbol>
      <symbol id="sm-1163">
         <name>_USTIMER_init</name>
         <value>0x118103ec</value>
         <object_component_ref idref="oc-2eb"/>
      </symbol>
      <symbol id="sm-1164">
         <name>_USTIMER_reset</name>
         <value>0x118103b4</value>
         <object_component_ref idref="oc-2eb"/>
      </symbol>
      <symbol id="sm-1189">
         <name>_VPIF_initReceive</name>
         <value>0x1180894c</value>
         <object_component_ref idref="oc-2fc"/>
      </symbol>
      <symbol id="sm-118a">
         <name>_VPIF_initReceive_withPRU</name>
         <value>0x118087d8</value>
         <object_component_ref idref="oc-2fc"/>
      </symbol>
      <symbol id="sm-118b">
         <name>_VPIF_initTransmit</name>
         <value>0x118085c0</value>
         <object_component_ref idref="oc-2fc"/>
      </symbol>
      <symbol id="sm-119d">
         <name>__SEM_dopost</name>
         <value>0x1181cae0</value>
         <object_component_ref idref="oc-2de"/>
      </symbol>
      <symbol id="sm-11b0">
         <name>__auto_init</name>
         <value>0x1181d2c0</value>
         <object_component_ref idref="oc-2c5"/>
      </symbol>
      <symbol id="sm-11b8">
         <name>_divdp</name>
         <value>0x11813b20</value>
         <object_component_ref idref="oc-1e5"/>
      </symbol>
      <symbol id="sm-11b9">
         <name>__divd</name>
         <value>0x11813b20</value>
         <object_component_ref idref="oc-1e5"/>
      </symbol>
      <symbol id="sm-11c1">
         <name>__divf</name>
         <value>0x11813ea0</value>
         <object_component_ref idref="oc-1e9"/>
      </symbol>
      <symbol id="sm-11c2">
         <name>_divsp</name>
         <value>0x11813ea0</value>
         <object_component_ref idref="oc-1e9"/>
      </symbol>
      <symbol id="sm-11cb">
         <name>__c6xabi_divi</name>
         <value>0x11812520</value>
         <object_component_ref idref="oc-2fa"/>
      </symbol>
      <symbol id="sm-11cc">
         <name>__divi</name>
         <value>0x11812520</value>
         <object_component_ref idref="oc-2fa"/>
      </symbol>
      <symbol id="sm-11d5">
         <name>__c6xabi_divu</name>
         <value>0x11812ca0</value>
         <object_component_ref idref="oc-324"/>
      </symbol>
      <symbol id="sm-11d6">
         <name>__divu</name>
         <value>0x11812ca0</value>
         <object_component_ref idref="oc-324"/>
      </symbol>
      <symbol id="sm-11e8">
         <name>__unlock</name>
         <value>0x11819fa0</value>
         <object_component_ref idref="oc-1f5"/>
      </symbol>
      <symbol id="sm-11e9">
         <name>__lock</name>
         <value>0x11819f9c</value>
         <object_component_ref idref="oc-1f5"/>
      </symbol>
      <symbol id="sm-11ea">
         <name>__register_lock</name>
         <value>0x118141e0</value>
         <object_component_ref idref="oc-308"/>
      </symbol>
      <symbol id="sm-11eb">
         <name>__nop</name>
         <value>0x11814140</value>
         <object_component_ref idref="oc-2e1"/>
      </symbol>
      <symbol id="sm-11ec">
         <name>__register_unlock</name>
         <value>0x11814200</value>
         <object_component_ref idref="oc-309"/>
      </symbol>
      <symbol id="sm-11f5">
         <name>__remi</name>
         <value>0x11812e20</value>
         <object_component_ref idref="oc-2f3"/>
      </symbol>
      <symbol id="sm-11f6">
         <name>__c6xabi_remi</name>
         <value>0x11812e20</value>
         <object_component_ref idref="oc-2f3"/>
      </symbol>
      <symbol id="sm-1208">
         <name>__divul</name>
         <value>0x11810aa0</value>
         <object_component_ref idref="oc-32c"/>
      </symbol>
      <symbol id="sm-1209">
         <name>__remli</name>
         <value>0x11814080</value>
         <object_component_ref idref="oc-2f0"/>
      </symbol>
      <symbol id="sm-120a">
         <name>__remul</name>
         <value>0x118140c0</value>
         <object_component_ref idref="oc-353"/>
      </symbol>
      <symbol id="sm-120b">
         <name>__divli</name>
         <value>0x11813260</value>
         <object_component_ref idref="oc-319"/>
      </symbol>
      <symbol id="sm-1215">
         <name>_atan2f</name>
         <value>0x11810740</value>
         <object_component_ref idref="oc-1fe"/>
      </symbol>
      <symbol id="sm-1216">
         <name>_atan2sp</name>
         <value>0x11810740</value>
         <object_component_ref idref="oc-1fe"/>
      </symbol>
      <symbol id="sm-122a">
         <name>_atexit</name>
         <value>0x11812ee0</value>
         <object_component_ref idref="oc-30e"/>
      </symbol>
      <symbol id="sm-122b">
         <name>___atexit_func_id__</name>
         <value>0x11819940</value>
         <object_component_ref idref="oc-204"/>
      </symbol>
      <symbol id="sm-1243">
         <name>_dtors</name>
         <value>0x11819fa4</value>
         <object_component_ref idref="oc-209"/>
      </symbol>
      <symbol id="sm-1244">
         <name>_call_dtors</name>
         <value>0x11812160</value>
         <object_component_ref idref="oc-33a"/>
      </symbol>
      <symbol id="sm-1245">
         <name>___add_dtor</name>
         <value>0x11813f00</value>
         <object_component_ref idref="oc-329"/>
      </symbol>
      <symbol id="sm-1251">
         <name>___TI_enable_exit_profile_output</name>
         <value>0x11819f98</value>
         <object_component_ref idref="oc-20e"/>
      </symbol>
      <symbol id="sm-1252">
         <name>__cleanup_ptr</name>
         <value>0x11819f90</value>
         <object_component_ref idref="oc-20e"/>
      </symbol>
      <symbol id="sm-1253">
         <name>__dtors_ptr</name>
         <value>0x11819f94</value>
         <object_component_ref idref="oc-20e"/>
      </symbol>
      <symbol id="sm-1261">
         <name>_atoi</name>
         <value>0x11812600</value>
         <object_component_ref idref="oc-304"/>
      </symbol>
      <symbol id="sm-1269">
         <name>__ctypes_</name>
         <value>0x11826800</value>
         <object_component_ref idref="oc-325"/>
      </symbol>
      <symbol id="sm-1275">
         <name>_cos</name>
         <value>0x11810f60</value>
         <object_component_ref idref="oc-216"/>
      </symbol>
      <symbol id="sm-1276">
         <name>_HPisDP</name>
         <value>0x118281c8</value>
         <object_component_ref idref="oc-217"/>
      </symbol>
      <symbol id="sm-1277">
         <name>_cosdp</name>
         <value>0x11810f60</value>
         <object_component_ref idref="oc-216"/>
      </symbol>
      <symbol id="sm-127f">
         <name>_cossp</name>
         <value>0x11811d20</value>
         <object_component_ref idref="oc-21b"/>
      </symbol>
      <symbol id="sm-1280">
         <name>_cosf</name>
         <value>0x11811d20</value>
         <object_component_ref idref="oc-21b"/>
      </symbol>
      <symbol id="sm-128a">
         <name>_errno</name>
         <value>0x11819d84</value>
         <object_component_ref idref="oc-221"/>
      </symbol>
      <symbol id="sm-12a0">
         <name>_fmodf</name>
         <value>0x1180f1c0</value>
         <object_component_ref idref="oc-2ee"/>
      </symbol>
      <symbol id="sm-12aa">
         <name>__roundf</name>
         <value>0x118139a0</value>
         <object_component_ref idref="oc-317"/>
      </symbol>
      <symbol id="sm-12b4">
         <name>__truncf</name>
         <value>0x11814220</value>
         <object_component_ref idref="oc-318"/>
      </symbol>
      <symbol id="sm-12c3">
         <name>_frexpf</name>
         <value>0x118127c0</value>
         <object_component_ref idref="oc-315"/>
      </symbol>
      <symbol id="sm-12d1">
         <name>_ldexpf</name>
         <value>0x11811c00</value>
         <object_component_ref idref="oc-316"/>
      </symbol>
      <symbol id="sm-12d9">
         <name>_memcpy</name>
         <value>0x118136c0</value>
         <object_component_ref idref="oc-2e9"/>
      </symbol>
      <symbol id="sm-12e4">
         <name>_modff</name>
         <value>0x11813cc0</value>
         <object_component_ref idref="oc-2ef"/>
      </symbol>
      <symbol id="sm-12f9">
         <name>_printf</name>
         <value>0x11812980</value>
         <object_component_ref idref="oc-313"/>
      </symbol>
      <symbol id="sm-1303">
         <name>__tmpnams</name>
         <value>0x118197f8</value>
         <object_component_ref idref="oc-23d"/>
      </symbol>
      <symbol id="sm-1304">
         <name>__ft_end</name>
         <value>0x11819938</value>
         <object_component_ref idref="oc-23d"/>
      </symbol>
      <symbol id="sm-1305">
         <name>__ftable</name>
         <value>0x11819618</value>
         <object_component_ref idref="oc-23d"/>
      </symbol>
      <symbol id="sm-1411">
         <name>__printfi</name>
         <value>0x1180bce0</value>
         <object_component_ref idref="oc-322"/>
      </symbol>
      <symbol id="sm-141b">
         <name>___isinf</name>
         <value>0x11813f40</value>
         <object_component_ref idref="oc-356"/>
      </symbol>
      <symbol id="sm-1431">
         <name>__subcull</name>
         <value>0x11813c00</value>
         <object_component_ref idref="oc-35f"/>
      </symbol>
      <symbol id="sm-1432">
         <name>__divull</name>
         <value>0x1180f480</value>
         <object_component_ref idref="oc-34d"/>
      </symbol>
      <symbol id="sm-1433">
         <name>__remull</name>
         <value>0x11813ba0</value>
         <object_component_ref idref="oc-354"/>
      </symbol>
      <symbol id="sm-1440">
         <name>__fixdli</name>
         <value>0x11813440</value>
         <object_component_ref idref="oc-36a"/>
      </symbol>
      <symbol id="sm-144b">
         <name>__fltlid</name>
         <value>0x118138a0</value>
         <object_component_ref idref="oc-36c"/>
      </symbol>
      <symbol id="sm-1459">
         <name>__llshl</name>
         <value>0x11813920</value>
         <object_component_ref idref="oc-35e"/>
      </symbol>
      <symbol id="sm-145a">
         <name>__llshru</name>
         <value>0x11813fc0</value>
         <object_component_ref idref="oc-360"/>
      </symbol>
      <symbol id="sm-1464">
         <name>__negll</name>
         <value>0x11814120</value>
         <object_component_ref idref="oc-34e"/>
      </symbol>
      <symbol id="sm-147f">
         <name>_putc</name>
         <value>0x1180fd80</value>
         <object_component_ref idref="oc-33c"/>
      </symbol>
      <symbol id="sm-1480">
         <name>_fputc</name>
         <value>0x1180fd80</value>
         <object_component_ref idref="oc-33c"/>
      </symbol>
      <symbol id="sm-148d">
         <name>__doflush</name>
         <value>0x11812d60</value>
         <object_component_ref idref="oc-34b"/>
      </symbol>
      <symbol id="sm-149c">
         <name>__wrt_ok</name>
         <value>0x11812060</value>
         <object_component_ref idref="oc-34a"/>
      </symbol>
      <symbol id="sm-14be">
         <name>_fputs</name>
         <value>0x1180d960</value>
         <object_component_ref idref="oc-33b"/>
      </symbol>
      <symbol id="sm-14cf">
         <name>_fseek</name>
         <value>0x11811ae0</value>
         <object_component_ref idref="oc-35c"/>
      </symbol>
      <symbol id="sm-1513">
         <name>_unlink</name>
         <value>0x11813aa0</value>
         <object_component_ref idref="oc-373"/>
      </symbol>
      <symbol id="sm-1514">
         <name>_lseek</name>
         <value>0x11813620</value>
         <object_component_ref idref="oc-367"/>
      </symbol>
      <symbol id="sm-1515">
         <name>_close</name>
         <value>0x118126e0</value>
         <object_component_ref idref="oc-371"/>
      </symbol>
      <symbol id="sm-1516">
         <name>_write</name>
         <value>0x11813760</value>
         <object_component_ref idref="oc-34c"/>
      </symbol>
      <symbol id="sm-153f">
         <name>_HOSTopen</name>
         <value>0x11812360</value>
         <object_component_ref idref="oc-2e2"/>
      </symbol>
      <symbol id="sm-1540">
         <name>_HOSTread</name>
         <value>0x11812440</value>
         <object_component_ref idref="oc-2e4"/>
      </symbol>
      <symbol id="sm-1541">
         <name>_HOSTrename</name>
         <value>0x11810de0</value>
         <object_component_ref idref="oc-2e8"/>
      </symbol>
      <symbol id="sm-1542">
         <name>_HOSTwrite</name>
         <value>0x11812b20</value>
         <object_component_ref idref="oc-2e5"/>
      </symbol>
      <symbol id="sm-1543">
         <name>_HOSTlseek</name>
         <value>0x11811f60</value>
         <object_component_ref idref="oc-2e6"/>
      </symbol>
      <symbol id="sm-1544">
         <name>_HOSTunlink</name>
         <value>0x11812a60</value>
         <object_component_ref idref="oc-2e7"/>
      </symbol>
      <symbol id="sm-1545">
         <name>_HOSTclose</name>
         <value>0x11813120</value>
         <object_component_ref idref="oc-2e3"/>
      </symbol>
      <symbol id="sm-1552">
         <name>_ltoa</name>
         <value>0x11812fa0</value>
         <object_component_ref idref="oc-36b"/>
      </symbol>
      <symbol id="sm-155f">
         <name>_memccpy</name>
         <value>0x11813c60</value>
         <object_component_ref idref="oc-349"/>
      </symbol>
      <symbol id="sm-156a">
         <name>_memset</name>
         <value>0x118128a0</value>
         <object_component_ref idref="oc-32f"/>
      </symbol>
      <symbol id="sm-157a">
         <name>C$$IO$$</name>
         <value>0x11813e98</value>
         <object_component_ref idref="oc-30f"/>
      </symbol>
      <symbol id="sm-157b">
         <name>__CIOBUF_</name>
         <value>0x11827678</value>
         <object_component_ref idref="oc-27b"/>
      </symbol>
      <symbol id="sm-157c">
         <name>_readmsg</name>
         <value>0x11813a20</value>
         <object_component_ref idref="oc-310"/>
      </symbol>
      <symbol id="sm-157d">
         <name>_writemsg</name>
         <value>0x11813e40</value>
         <object_component_ref idref="oc-30f"/>
      </symbol>
      <symbol id="sm-1594">
         <name>_setvbuf</name>
         <value>0x118101a0</value>
         <object_component_ref idref="oc-35d"/>
      </symbol>
      <symbol id="sm-15a7">
         <name>__cleanup</name>
         <value>0x118131c0</value>
         <object_component_ref idref="oc-369"/>
      </symbol>
      <symbol id="sm-15b9">
         <name>__closefile</name>
         <value>0x11811780</value>
         <object_component_ref idref="oc-36f"/>
      </symbol>
      <symbol id="sm-15d5">
         <name>_free</name>
         <value>0x1181b820</value>
         <object_component_ref idref="oc-368"/>
      </symbol>
      <symbol id="sm-15d6">
         <name>_calloc</name>
         <value>0x1181ba4c</value>
         <object_component_ref idref="oc-368"/>
      </symbol>
      <symbol id="sm-15d7">
         <name>_memalign</name>
         <value>0x1181b988</value>
         <object_component_ref idref="oc-368"/>
      </symbol>
      <symbol id="sm-15d8">
         <name>_realloc</name>
         <value>0x1181b8a4</value>
         <object_component_ref idref="oc-368"/>
      </symbol>
      <symbol id="sm-15d9">
         <name>_malloc</name>
         <value>0x1181b844</value>
         <object_component_ref idref="oc-368"/>
      </symbol>
      <symbol id="sm-15f0">
         <name>_MEM_alloc</name>
         <value>0x1181bf60</value>
         <object_component_ref idref="oc-36e"/>
      </symbol>
      <symbol id="sm-1602">
         <name>_MEM_free</name>
         <value>0x1181c360</value>
         <object_component_ref idref="oc-36d"/>
      </symbol>
      <symbol id="sm-160d">
         <name>_SYS_error</name>
         <value>0x1181dfc0</value>
         <object_component_ref idref="oc-370"/>
      </symbol>
      <symbol id="sm-1617">
         <name>_remove</name>
         <value>0x11814260</value>
         <object_component_ref idref="oc-372"/>
      </symbol>
      <symbol id="sm-1623">
         <name>_sin</name>
         <value>0x118110f8</value>
         <object_component_ref idref="oc-29a"/>
      </symbol>
      <symbol id="sm-1624">
         <name>_sindp</name>
         <value>0x118110f8</value>
         <object_component_ref idref="oc-29a"/>
      </symbol>
      <symbol id="sm-1625">
         <name>_HPisdp</name>
         <value>0x11828228</value>
         <object_component_ref idref="oc-29b"/>
      </symbol>
      <symbol id="sm-162d">
         <name>_sinf</name>
         <value>0x11811e54</value>
         <object_component_ref idref="oc-29f"/>
      </symbol>
      <symbol id="sm-162e">
         <name>_sinsp</name>
         <value>0x11811e54</value>
         <object_component_ref idref="oc-29f"/>
      </symbol>
      <symbol id="sm-163e">
         <name>_sprintf</name>
         <value>0x11813d20</value>
         <object_component_ref idref="oc-2f7"/>
      </symbol>
      <symbol id="sm-1646">
         <name>_sqrtf</name>
         <value>0x11813800</value>
         <object_component_ref idref="oc-2a6"/>
      </symbol>
      <symbol id="sm-1647">
         <name>_sqrtsp</name>
         <value>0x11813800</value>
         <object_component_ref idref="oc-2a6"/>
      </symbol>
      <symbol id="sm-1661">
         <name>_sscanf</name>
         <value>0x11813d80</value>
         <object_component_ref idref="oc-2f6"/>
      </symbol>
      <symbol id="sm-1739">
         <name>__scanfi</name>
         <value>0x11806ec0</value>
         <object_component_ref idref="oc-31f"/>
      </symbol>
      <symbol id="sm-175e">
         <name>_strtod</name>
         <value>0x1180ab60</value>
         <object_component_ref idref="oc-343"/>
      </symbol>
      <symbol id="sm-1776">
         <name>_strtol</name>
         <value>0x1180afc0</value>
         <object_component_ref idref="oc-345"/>
      </symbol>
      <symbol id="sm-179b">
         <name>_strtold</name>
         <value>0x1180b420</value>
         <object_component_ref idref="oc-344"/>
      </symbol>
      <symbol id="sm-17b6">
         <name>_strtoll</name>
         <value>0x1180b880</value>
         <object_component_ref idref="oc-346"/>
      </symbol>
      <symbol id="sm-17ce">
         <name>_strtoul</name>
         <value>0x1180c560</value>
         <object_component_ref idref="oc-341"/>
      </symbol>
      <symbol id="sm-17ea">
         <name>_strtoull</name>
         <value>0x1180c960</value>
         <object_component_ref idref="oc-342"/>
      </symbol>
      <symbol id="sm-17fa">
         <name>_vsprintf</name>
         <value>0x11813de0</value>
         <object_component_ref idref="oc-31a"/>
      </symbol>
   </symbol_table>
</link_info>
